16:14:46 **** Incremental Build of configuration Nios II for project TEST ****
make all 
Info: Building ../TEST_bsp/
C:/intelFPGA_lite/18.1/nios2eds/bin/gnu/H-x86_64-mingw32/bin/make --no-print-directory -C ../TEST_bsp/
[BSP build complete]
[TEST build complete]
16:15:35 **** Incremental Build of configuration Nios II for project TEST ****
make all 
Info: Building ../TEST_bsp/
C:/intelFPGA_lite/18.1/nios2eds/bin/gnu/H-x86_64-mingw32/bin/make --no-print-directory -C ../TEST_bsp/
[BSP build complete]
Info: Compiling hello_world.c to obj/default/hello_world.o
nios2-elf-gcc -xc -MP -MMD -c -I../TEST_bsp//HAL/inc -I../TEST_bsp/ -I../TEST_bsp//drivers/inc  -pipe -D__hal__ -DALT_NO_INSTRUCTION_EMULATION -DALT_USE_SMALL_DRIVERS -DSMALL_C_LIB -DALT_SINGLE_THREADED    -O0 -g -Wall   -mno-hw-div -mno-hw-mul -mno-hw-mulx -mgpopt=global  -o obj/default/hello_world.o hello_world.c
Info: Linking TEST.elf
nios2-elf-g++  -T'../TEST_bsp//linker.x' -msys-crt0='../TEST_bsp//obj/HAL/src/crt0.o' -msys-lib=hal_bsp -L../TEST_bsp/  -msmallc  -Wl,-Map=TEST.map   -O0 -g -Wall   -mno-hw-div -mno-hw-mul -mno-hw-mulx -mgpopt=global  -o TEST.elf obj/default/hello_world.o -lm -msys-lib=m
nios2-elf-insert TEST.elf --thread_model hal --cpu_name nios2_gen2_0 --qsys true --simulation_enabled false --stderr_dev jtag_uart_0 --stdin_dev jtag_uart_0 --stdout_dev jtag_uart_0 --sopc_system_name system --quartus_project_dir "D:/SoC_quartus/Bai7_timer_interuppt" --jdi ../..//output_files/timer.jdi --sopcinfo D:/SoC_quartus/Bai7_timer_interuppt/software/TEST_bsp/../../system.sopcinfo
Info: (TEST.elf) 9756 Bytes program size (code + initialized data).
Info:            21 KBytes free for stack + heap.
Info: Creating TEST.objdump
nios2-elf-objdump --disassemble --syms --all-header --source TEST.elf >TEST.objdump
[TEST build complete]
16:15:37 **** Build of configuration Nios II for project TEST_bsp ****
make all 
[BSP build complete]
16:15:44 **** Build of configuration Nios II for project TEST ****
make all 
Info: Building ../TEST_bsp/
C:/intelFPGA_lite/18.1/nios2eds/bin/gnu/H-x86_64-mingw32/bin/make --no-print-directory -C ../TEST_bsp/
[BSP build complete]
[TEST build complete]
16:15:46 **** Incremental Build of configuration Nios II for project TEST ****
make all 
Info: Building ../TEST_bsp/
C:/intelFPGA_lite/18.1/nios2eds/bin/gnu/H-x86_64-mingw32/bin/make --no-print-directory -C ../TEST_bsp/
[BSP build complete]
[TEST build complete]
16:21:47 **** Build of configuration Nios II for project TEST ****
make all 
Info: Building ../TEST_bsp/
C:/intelFPGA_lite/18.1/nios2eds/bin/gnu/H-x86_64-mingw32/bin/make --no-print-directory -C ../TEST_bsp/
[BSP build complete]
Info: Compiling hello_world.c to obj/default/hello_world.o
nios2-elf-gcc -xc -MP -MMD -c -I../TEST_bsp//HAL/inc -I../TEST_bsp/ -I../TEST_bsp//drivers/inc  -pipe -D__hal__ -DALT_NO_INSTRUCTION_EMULATION -DALT_USE_SMALL_DRIVERS -DSMALL_C_LIB -DALT_SINGLE_THREADED    -O0 -g -Wall   -mno-hw-div -mno-hw-mul -mno-hw-mulx -mgpopt=global  -o obj/default/hello_world.o hello_world.c
Info: Linking TEST.elf
nios2-elf-g++  -T'../TEST_bsp//linker.x' -msys-crt0='../TEST_bsp//obj/HAL/src/crt0.o' -msys-lib=hal_bsp -L../TEST_bsp/  -msmallc  -Wl,-Map=TEST.map   -O0 -g -Wall   -mno-hw-div -mno-hw-mul -mno-hw-mulx -mgpopt=global  -o TEST.elf obj/default/hello_world.o -lm -msys-lib=m
nios2-elf-insert TEST.elf --thread_model hal --cpu_name nios2_gen2_0 --qsys true --simulation_enabled false --stderr_dev jtag_uart_0 --stdin_dev jtag_uart_0 --stdout_dev jtag_uart_0 --sopc_system_name system --quartus_project_dir "D:/SoC_quartus/Bai7_timer_interuppt" --jdi ../..//output_files/timer.jdi --sopcinfo D:/SoC_quartus/Bai7_timer_interuppt/software/TEST_bsp/../../system.sopcinfo
Info: (TEST.elf) 9756 Bytes program size (code + initialized data).
Info:            21 KBytes free for stack + heap.
Info: Creating TEST.objdump
nios2-elf-objdump --disassemble --syms --all-header --source TEST.elf >TEST.objdump
[TEST build complete]
16:21:49 **** Incremental Build of configuration Nios II for project TEST ****
make all 
Info: Building ../TEST_bsp/
C:/intelFPGA_lite/18.1/nios2eds/bin/gnu/H-x86_64-mingw32/bin/make --no-print-directory -C ../TEST_bsp/
[BSP build complete]
[TEST build complete]
