Archive member included to satisfy reference by file (symbol)

c:/intelfpga_lite/18.1/nios2eds/bin/gnu/h-x86_64-mingw32/bin/../lib/gcc/nios2-elf/5.3.0/../../../../../H-x86_64-mingw32/nios2-elf/lib/mno-hw-mul\libsmallc.a(lib_a-printf.o)
                              obj/default/hello_world.o (printf)
c:/intelfpga_lite/18.1/nios2eds/bin/gnu/h-x86_64-mingw32/bin/../lib/gcc/nios2-elf/5.3.0/../../../../../H-x86_64-mingw32/nios2-elf/lib/mno-hw-mul\libsmallc.a(lib_a-puts.o)
                              obj/default/hello_world.o (puts)
c:/intelfpga_lite/18.1/nios2eds/bin/gnu/h-x86_64-mingw32/bin/../lib/gcc/nios2-elf/5.3.0/../../../../../H-x86_64-mingw32/nios2-elf/lib/mno-hw-mul\libsmallc.a(lib_a-strlen.o)
                              c:/intelfpga_lite/18.1/nios2eds/bin/gnu/h-x86_64-mingw32/bin/../lib/gcc/nios2-elf/5.3.0/../../../../../H-x86_64-mingw32/nios2-elf/lib/mno-hw-mul\libsmallc.a(lib_a-puts.o) (strlen)
c:/intelfpga_lite/18.1/nios2eds/bin/gnu/h-x86_64-mingw32/bin/../lib/gcc/nios2-elf/5.3.0/../../../../../H-x86_64-mingw32/nios2-elf/lib/mno-hw-mul\libsmallc.a(lib_a-vfprintf.o)
                              c:/intelfpga_lite/18.1/nios2eds/bin/gnu/h-x86_64-mingw32/bin/../lib/gcc/nios2-elf/5.3.0/../../../../../H-x86_64-mingw32/nios2-elf/lib/mno-hw-mul\libsmallc.a(lib_a-printf.o) (___vfprintf_internal_r)
c:/intelfpga_lite/18.1/nios2eds/bin/gnu/h-x86_64-mingw32/bin/../lib/gcc/nios2-elf/5.3.0/../../../../../H-x86_64-mingw32/nios2-elf/lib/mno-hw-mul\libsmallc.a(lib_a-fvwrite_small_dev.o)
                              c:/intelfpga_lite/18.1/nios2eds/bin/gnu/h-x86_64-mingw32/bin/../lib/gcc/nios2-elf/5.3.0/../../../../../H-x86_64-mingw32/nios2-elf/lib/mno-hw-mul\libsmallc.a(lib_a-printf.o) (__sfvwrite_small_dev)
c:/intelfpga_lite/18.1/nios2eds/bin/gnu/h-x86_64-mingw32/bin/../lib/gcc/nios2-elf/5.3.0/../../../../../H-x86_64-mingw32/nios2-elf/lib/mno-hw-mul\libsmallc.a(lib_a-impure.o)
                              c:/intelfpga_lite/18.1/nios2eds/bin/gnu/h-x86_64-mingw32/bin/../lib/gcc/nios2-elf/5.3.0/../../../../../H-x86_64-mingw32/nios2-elf/lib/mno-hw-mul\libsmallc.a(lib_a-printf.o) (_impure_ptr)
c:/intelfpga_lite/18.1/nios2eds/bin/gnu/h-x86_64-mingw32/bin/../lib/gcc/nios2-elf/5.3.0/../../../../../H-x86_64-mingw32/nios2-elf/lib/mno-hw-mul\libsmallc.a(lib_a-writer.o)
                              c:/intelfpga_lite/18.1/nios2eds/bin/gnu/h-x86_64-mingw32/bin/../lib/gcc/nios2-elf/5.3.0/../../../../../H-x86_64-mingw32/nios2-elf/lib/mno-hw-mul\libsmallc.a(lib_a-fvwrite_small_dev.o) (_write_r)
c:/intelfpga_lite/18.1/nios2eds/bin/gnu/h-x86_64-mingw32/bin/../lib/gcc/nios2-elf/5.3.0/../../../../../H-x86_64-mingw32/nios2-elf/lib/mno-hw-mul\libsmallc.a(lib_a-int_errno.o)
                              c:/intelfpga_lite/18.1/nios2eds/bin/gnu/h-x86_64-mingw32/bin/../lib/gcc/nios2-elf/5.3.0/../../../../../H-x86_64-mingw32/nios2-elf/lib/mno-hw-mul\libsmallc.a(lib_a-writer.o) (errno)
c:/intelfpga_lite/18.1/nios2eds/bin/gnu/h-x86_64-mingw32/bin/../lib/gcc/nios2-elf/5.3.0/mno-hw-mul\libgcc.a(lib2-divmod.o)
                              c:/intelfpga_lite/18.1/nios2eds/bin/gnu/h-x86_64-mingw32/bin/../lib/gcc/nios2-elf/5.3.0/../../../../../H-x86_64-mingw32/nios2-elf/lib/mno-hw-mul\libsmallc.a(lib_a-vfprintf.o) (__udivsi3)
c:/intelfpga_lite/18.1/nios2eds/bin/gnu/h-x86_64-mingw32/bin/../lib/gcc/nios2-elf/5.3.0/mno-hw-mul\libgcc.a(lib2-mul.o)
                              c:/intelfpga_lite/18.1/nios2eds/bin/gnu/h-x86_64-mingw32/bin/../lib/gcc/nios2-elf/5.3.0/../../../../../H-x86_64-mingw32/nios2-elf/lib/mno-hw-mul\libsmallc.a(lib_a-vfprintf.o) (__mulsi3)
../bai8_bsp/\libhal_bsp.a(alt_iic.o)
                              obj/default/hello_world.o (alt_ic_isr_register)
../bai8_bsp/\libhal_bsp.a(alt_iic_isr_register.o)
                              ../bai8_bsp/\libhal_bsp.a(alt_iic.o) (alt_iic_isr_register)
../bai8_bsp/\libhal_bsp.a(alt_irq_entry.o)
                              ../bai8_bsp/\libhal_bsp.a(alt_iic_isr_register.o) (alt_irq_entry)
../bai8_bsp/\libhal_bsp.a(alt_irq_handler.o)
                              ../bai8_bsp/\libhal_bsp.a(alt_iic_isr_register.o) (alt_irq)
../bai8_bsp/\libhal_bsp.a(alt_irq_vars.o)
                              ../bai8_bsp/\libhal_bsp.a(alt_iic.o) (alt_irq_active)
../bai8_bsp/\libhal_bsp.a(alt_load.o)
                              ../bai8_bsp//obj/HAL/src/crt0.o (alt_load)
../bai8_bsp/\libhal_bsp.a(alt_main.o)
                              ../bai8_bsp//obj/HAL/src/crt0.o (alt_main)
../bai8_bsp/\libhal_bsp.a(alt_write.o)
                              c:/intelfpga_lite/18.1/nios2eds/bin/gnu/h-x86_64-mingw32/bin/../lib/gcc/nios2-elf/5.3.0/../../../../../H-x86_64-mingw32/nios2-elf/lib/mno-hw-mul\libsmallc.a(lib_a-writer.o) (write)
../bai8_bsp/\libhal_bsp.a(alt_sys_init.o)
                              ../bai8_bsp/\libhal_bsp.a(alt_main.o) (alt_irq_init)
../bai8_bsp/\libhal_bsp.a(altera_avalon_dma.o)
                              ../bai8_bsp/\libhal_bsp.a(alt_sys_init.o) (alt_avalon_dma_launch_bidir)
[...]
Memory Configuration

Name             Origin             Length             Attributes
onchip_memory2_1 0x0000000000008000 0x0000000000008000
reset            0x0000000000010000 0x0000000000000020
onchip_memory2_0 0x0000000000010020 0x0000000000007fe0
*default*        0x0000000000000000 0xffffffffffffffff

Linker script and memory map

LOAD ../bai8_bsp//obj/HAL/src/crt0.o
LOAD obj/default/hello_world.o
LOAD c:/intelfpga_lite/18.1/nios2eds/bin/gnu/h-x86_64-mingw32/bin/../lib/gcc/nios2-elf/5.3.0/../../../../../H-x86_64-mingw32/nios2-elf/lib/mno-hw-mul\libstdc++.a
LOAD c:/intelfpga_lite/18.1/nios2eds/bin/gnu/h-x86_64-mingw32/bin/../lib/gcc/nios2-elf/5.3.0/../../../../../H-x86_64-mingw32/nios2-elf/lib/mno-hw-mul\libm.a
LOAD c:/intelfpga_lite/18.1/nios2eds/bin/gnu/h-x86_64-mingw32/bin/../lib/gcc/nios2-elf/5.3.0/mno-hw-mul\libgcc.a
START GROUP
LOAD c:/intelfpga_lite/18.1/nios2eds/bin/gnu/h-x86_64-mingw32/bin/../lib/gcc/nios2-elf/5.3.0/../../../../../H-x86_64-mingw32/nios2-elf/lib/mno-hw-mul\libsmallc.a
LOAD c:/intelfpga_lite/18.1/nios2eds/bin/gnu/h-x86_64-mingw32/bin/../lib/gcc/nios2-elf/5.3.0/mno-hw-mul\libgcc.a
LOAD ../bai8_bsp/\libhal_bsp.a
LOAD c:/intelfpga_lite/18.1/nios2eds/bin/gnu/h-x86_64-mingw32/bin/../lib/gcc/nios2-elf/5.3.0/../../../../../H-x86_64-mingw32/nios2-elf/lib/mno-hw-mul\libm.a
END GROUP
LOAD c:/intelfpga_lite/18.1/nios2eds/bin/gnu/h-x86_64-mingw32/bin/../lib/gcc/nios2-elf/5.3.0/mno-hw-mul\libgcc.a
                0x0000000000008000                __alt_mem_onchip_memory2_1 = 0x8000
                0x0000000000010000                __alt_mem_onchip_memory2_0 = 0x10000

.entry          0x0000000000010000       0x20
 *(.entry)
 .entry         0x0000000000010000       0x20 ../bai8_bsp//obj/HAL/src/crt0.o
                0x0000000000010000                __reset

.exceptions     0x0000000000010020      0x210
                0x0000000000010020                PROVIDE (__ram_exceptions_start, ABSOLUTE (.))
                0x0000000000010020                . = ALIGN (0x20)
 *(.irq)
 *(.exceptions.entry.label)
 .exceptions.entry.label
                0x0000000000010020        0x0 ../bai8_bsp/\libhal_bsp.a(alt_irq_entry.o)
                0x0000000000010020                alt_irq_entry
 .exceptions.entry.label
                0x0000000000010020        0x0 ../bai8_bsp/\libhal_bsp.a(alt_exception_entry.o)
                0x0000000000010020                alt_exception
 *(.exceptions.entry.user)
 *(.exceptions.entry.ecc_fatal)
 *(.exceptions.entry)
 .exceptions.entry
                0x0000000000010020       0x54 ../bai8_bsp/\libhal_bsp.a(alt_exception_entry.o)
 *(.exceptions.irqtest.user)
 *(.exceptions.irqtest)
 .exceptions.irqtest
                0x0000000000010074       0x10 ../bai8_bsp/\libhal_bsp.a(alt_irq_entry.o)
 *(.exceptions.irqhandler.user)
 *(.exceptions.irqhandler)
 .exceptions.irqhandler
                0x0000000000010084        0x4 ../bai8_bsp/\libhal_bsp.a(alt_irq_entry.o)
 *(.exceptions.irqreturn.user)
 *(.exceptions.irqreturn)
 .exceptions.irqreturn
                0x0000000000010088        0x4 ../bai8_bsp/\libhal_bsp.a(alt_irq_entry.o)
 *(.exceptions.notirq.label)
 .exceptions.notirq.label
                0x000000000001008c        0x0 ../bai8_bsp/\libhal_bsp.a(alt_irq_entry.o)
 *(.exceptions.notirq.user)
 *(.exceptions.notirq)
 .exceptions.notirq
                0x000000000001008c        0x8 ../bai8_bsp/\libhal_bsp.a(alt_exception_entry.o)
 *(.exceptions.soft.user)
 *(.exceptions.soft)
 *(.exceptions.unknown.user)
 *(.exceptions.unknown)
 .exceptions.unknown
                0x0000000000010094       0x14 ../bai8_bsp/\libhal_bsp.a(alt_exception_entry.o)
 *(.exceptions.exit.label)
 .exceptions.exit.label
                0x00000000000100a8        0x0 ../bai8_bsp/\libhal_bsp.a(alt_irq_entry.o)
 .exceptions.exit.label
                0x00000000000100a8        0x0 ../bai8_bsp/\libhal_bsp.a(alt_exception_entry.o)
 *(.exceptions.exit.user)
 *(.exceptions.exit)
 .exceptions.exit
                0x00000000000100a8       0x54 ../bai8_bsp/\libhal_bsp.a(alt_exception_entry.o)
 *(.exceptions)
 .exceptions    0x00000000000100fc       0xd4 ../bai8_bsp/\libhal_bsp.a(alt_irq_handler.o)
                0x00000000000100fc                alt_irq_handler
 .exceptions    0x00000000000101d0       0x60 ../bai8_bsp/\libhal_bsp.a(alt_instruction_exception_entry.o)
                0x00000000000101d0                alt_instruction_exception_entry
                0x0000000000010230                PROVIDE (__ram_exceptions_end, ABSOLUTE (.))
                0x0000000000010020                PROVIDE (__flash_exceptions_start, LOADADDR (.exceptions))

.text           0x0000000000010230     0x2eb4
                [!provide]                        PROVIDE (stext, ABSOLUTE (.))
 *(.interp)
 *(.hash)
 *(.dynsym)
 *(.dynstr)
 *(.gnu.version)
 *(.gnu.version_d)
 *(.gnu.version_r)
 *(.rel.init)
 *(.rela.init)
 *(.rel.text .rel.text.* .rel.gnu.linkonce.t.*)
 *(.rela.text .rela.text.* .rela.gnu.linkonce.t.*)
 *(.rel.fini)
 *(.rela.fini)
 *(.rel.rodata .rel.rodata.* .rel.gnu.linkonce.r.*)
 *(.rela.rodata .rela.rodata.* .rela.gnu.linkonce.r.*)
 *(.rel.data .rel.data.* .rel.gnu.linkonce.d.*)
 *(.rela.data .rela.data.* .rela.gnu.linkonce.d.*)
 *(.rel.tdata .rel.tdata.* .rel.gnu.linkonce.td.*)
 *(.rela.tdata .rela.tdata.* .rela.gnu.linkonce.td.*)
 *(.rel.tbss .rel.tbss.* .rel.gnu.linkonce.tb.*)
 *(.rela.tbss .rela.tbss.* .rela.gnu.linkonce.tb.*)
 *(.rel.ctors)
 *(.rela.ctors)
 *(.rel.dtors)
 *(.rela.dtors)
 *(.rel.got)
 *(.rela.got)
 *(.rel.sdata .rel.sdata.* .rel.gnu.linkonce.s.*)
 *(.rela.sdata .rela.sdata.* .rela.gnu.linkonce.s.*)
 *(.rel.sbss .rel.sbss.* .rel.gnu.linkonce.sb.*)
 *(.rela.sbss .rela.sbss.* .rela.gnu.linkonce.sb.*)
 *(.rel.sdata2 .rel.sdata2.* .rel.gnu.linkonce.s2.*)
 *(.rela.sdata2 .rela.sdata2.* .rela.gnu.linkonce.s2.*)
 *(.rel.sbss2 .rel.sbss2.* .rel.gnu.linkonce.sb2.*)
 *(.rela.sbss2 .rela.sbss2.* .rela.gnu.linkonce.sb2.*)
 *(.rel.bss .rel.bss.* .rel.gnu.linkonce.b.*)
 *(.rela.bss .rela.bss.* .rela.gnu.linkonce.b.*)
 *(.rel.plt)
 *(.rela.plt)
 *(.rel.dyn)
 *(.init)
 *(.plt)
 *(.text .stub .text.* .gnu.linkonce.t.*)
 .text          0x0000000000010230       0x3c ../bai8_bsp//obj/HAL/src/crt0.o
                0x0000000000010230                _start
 .text          0x000000000001026c      0x150 obj/default/hello_world.o
                0x000000000001026c                DMA_ISR_Handler
                0x0000000000010304                DMA_Init
                0x000000000001037c                main
 .text          0x00000000000103bc        0x0 c:/intelfpga_lite/18.1/nios2eds/bin/gnu/h-x86_64-mingw32/bin/../lib/gcc/nios2-elf/5.3.0/../../../../../H-x86_64-mingw32/nios2-elf/lib/mno-hw-mul\libsmallc.a(lib_a-printf.o)
 .text._printf_r
                0x00000000000103bc       0x3c c:/intelfpga_lite/18.1/nios2eds/bin/gnu/h-x86_64-mingw32/bin/../lib/gcc/nios2-elf/5.3.0/../../../../../H-x86_64-mingw32/nios2-elf/lib/mno-hw-mul\libsmallc.a(lib_a-printf.o)
                0x00000000000103bc                _printf_r
 .text.printf   0x00000000000103f8       0x4c c:/intelfpga_lite/18.1/nios2eds/bin/gnu/h-x86_64-mingw32/bin/../lib/gcc/nios2-elf/5.3.0/../../../../../H-x86_64-mingw32/nios2-elf/lib/mno-hw-mul\libsmallc.a(lib_a-printf.o)
                0x00000000000103f8                printf
 .text          0x0000000000010444        0x0 c:/intelfpga_lite/18.1/nios2eds/bin/gnu/h-x86_64-mingw32/bin/../lib/gcc/nios2-elf/5.3.0/../../../../../H-x86_64-mingw32/nios2-elf/lib/mno-hw-mul\libsmallc.a(lib_a-puts.o)
 .text._puts_r  0x0000000000010444       0x80 c:/intelfpga_lite/18.1/nios2eds/bin/gnu/h-x86_64-mingw32/bin/../lib/gcc/nios2-elf/5.3.0/../../../../../H-x86_64-mingw32/nios2-elf/lib/mno-hw-mul\libsmallc.a(lib_a-puts.o)
                0x0000000000010444                _puts_r
 .text.puts     0x00000000000104c4       0x14 c:/intelfpga_lite/18.1/nios2eds/bin/gnu/h-x86_64-mingw32/bin/../lib/gcc/nios2-elf/5.3.0/../../../../../H-x86_64-mingw32/nios2-elf/lib/mno-hw-mul\libsmallc.a(lib_a-puts.o)
                0x00000000000104c4                puts
 .text          0x00000000000104d8        0x0 c:/intelfpga_lite/18.1/nios2eds/bin/gnu/h-x86_64-mingw32/bin/../lib/gcc/nios2-elf/5.3.0/../../../../../H-x86_64-mingw32/nios2-elf/lib/mno-hw-mul\libsmallc.a(lib_a-strlen.o)
 .text.strlen   0x00000000000104d8       0x1c c:/intelfpga_lite/18.1/nios2eds/bin/gnu/h-x86_64-mingw32/bin/../lib/gcc/nios2-elf/5.3.0/../../../../../H-x86_64-mingw32/nios2-elf/lib/mno-hw-mul\libsmallc.a(lib_a-strlen.o)
                0x00000000000104d8                strlen
 .text          0x00000000000104f4        0x0 c:/intelfpga_lite/18.1/nios2eds/bin/gnu/h-x86_64-mingw32/bin/../lib/gcc/nios2-elf/5.3.0/../../../../../H-x86_64-mingw32/nios2-elf/lib/mno-hw-mul\libsmallc.a(lib_a-vfprintf.o)
 .text.print_repeat
                0x00000000000104f4       0x6c c:/intelfpga_lite/18.1/nios2eds/bin/gnu/h-x86_64-mingw32/bin/../lib/gcc/nios2-elf/5.3.0/../../../../../H-x86_64-mingw32/nios2-elf/lib/mno-hw-mul\libsmallc.a(lib_a-vfprintf.o)
 .text.___vfprintf_internal_r
                0x0000000000010560      0x52c c:/intelfpga_lite/18.1/nios2eds/bin/gnu/h-x86_64-mingw32/bin/../lib/gcc/nios2-elf/5.3.0/../../../../../H-x86_64-mingw32/nios2-elf/lib/mno-hw-mul\libsmallc.a(lib_a-vfprintf.o)
                0x0000000000010560                ___vfprintf_internal_r
 .text.__vfprintf_internal
                0x0000000000010a8c       0x1c c:/intelfpga_lite/18.1/nios2eds/bin/gnu/h-x86_64-mingw32/bin/../lib/gcc/nios2-elf/5.3.0/../../../../../H-x86_64-mingw32/nios2-elf/lib/mno-hw-mul\libsmallc.a(lib_a-vfprintf.o)
                0x0000000000010a8c                __vfprintf_internal
 .text          0x0000000000010aa8        0x0 c:/intelfpga_lite/18.1/nios2eds/bin/gnu/h-x86_64-mingw32/bin/../lib/gcc/nios2-elf/5.3.0/../../../../../H-x86_64-mingw32/nios2-elf/lib/mno-hw-mul\libsmallc.a(lib_a-fvwrite_small_dev.o)
 .text.__sfvwrite_small_dev
                0x0000000000010aa8       0xb8 c:/intelfpga_lite/18.1/nios2eds/bin/gnu/h-x86_64-mingw32/bin/../lib/gcc/nios2-elf/5.3.0/../../../../../H-x86_64-mingw32/nios2-elf/lib/mno-hw-mul\libsmallc.a(lib_a-fvwrite_small_dev.o)
                0x0000000000010aa8                __sfvwrite_small_dev
 .text          0x0000000000010b60        0x0 c:/intelfpga_lite/18.1/nios2eds/bin/gnu/h-x86_64-mingw32/bin/../lib/gcc/nios2-elf/5.3.0/../../../../../H-x86_64-mingw32/nios2-elf/lib/mno-hw-mul\libsmallc.a(lib_a-impure.o)
 .text          0x0000000000010b60        0x0 c:/intelfpga_lite/18.1/nios2eds/bin/gnu/h-x86_64-mingw32/bin/../lib/gcc/nios2-elf/5.3.0/../../../../../H-x86_64-mingw32/nios2-elf/lib/mno-hw-mul\libsmallc.a(lib_a-writer.o)
 .text._write_r
                0x0000000000010b60       0x58 c:/intelfpga_lite/18.1/nios2eds/bin/gnu/h-x86_64-mingw32/bin/../lib/gcc/nios2-elf/5.3.0/../../../../../H-x86_64-mingw32/nios2-elf/lib/mno-hw-mul\libsmallc.a(lib_a-writer.o)
                0x0000000000010b60                _write_r
 .text          0x0000000000010bb8        0x0 c:/intelfpga_lite/18.1/nios2eds/bin/gnu/h-x86_64-mingw32/bin/../lib/gcc/nios2-elf/5.3.0/../../../../../H-x86_64-mingw32/nios2-elf/lib/mno-hw-mul\libsmallc.a(lib_a-int_errno.o)
 .text          0x0000000000010bb8      0x1b4 c:/intelfpga_lite/18.1/nios2eds/bin/gnu/h-x86_64-mingw32/bin/../lib/gcc/nios2-elf/5.3.0/mno-hw-mul\libgcc.a(lib2-divmod.o)
                0x0000000000010bb8                __divsi3
                0x0000000000010c3c                __modsi3
                0x0000000000010cb0                __udivsi3
                0x0000000000010d14                __umodsi3
 .text          0x0000000000010d6c       0x28 c:/intelfpga_lite/18.1/nios2eds/bin/gnu/h-x86_64-mingw32/bin/../lib/gcc/nios2-elf/5.3.0/mno-hw-mul\libgcc.a(lib2-mul.o)
                0x0000000000010d6c                __mulsi3
 .text          0x0000000000010d94      0x1b0 ../bai8_bsp/\libhal_bsp.a(alt_iic.o)
                0x0000000000010d94                alt_ic_isr_register
                0x0000000000010de4                alt_ic_irq_enable
                0x0000000000010e6c                alt_ic_irq_disable
                0x0000000000010ef8                alt_ic_irq_enabled
 .text          0x0000000000010f44       0xf0 ../bai8_bsp/\libhal_bsp.a(alt_iic_isr_register.o)
                0x0000000000010f44                alt_iic_isr_register
 .text          0x0000000000011034        0x0 ../bai8_bsp/\libhal_bsp.a(alt_irq_entry.o)
 .text          0x0000000000011034        0x0 ../bai8_bsp/\libhal_bsp.a(alt_irq_handler.o)
 .text          0x0000000000011034        0x0 ../bai8_bsp/\libhal_bsp.a(alt_irq_vars.o)
 .text          0x0000000000011034       0xec ../bai8_bsp/\libhal_bsp.a(alt_load.o)
                0x000000000001109c                alt_load
 .text          0x0000000000011120       0x7c ../bai8_bsp/\libhal_bsp.a(alt_main.o)
                0x0000000000011120                alt_main
 .text          0x000000000001119c      0x13c ../bai8_bsp/\libhal_bsp.a(alt_write.o)
                0x00000000000111d8                write
 .text          0x00000000000112d8       0xc4 ../bai8_bsp/\libhal_bsp.a(alt_sys_init.o)
                0x000000000001130c                alt_irq_init
                0x0000000000011344                alt_sys_init
 .text          0x000000000001139c      0xbc4 ../bai8_bsp/\libhal_bsp.a(altera_avalon_dma.o)
                0x0000000000011404                alt_avalon_dma_launch_bidir
                0x0000000000011978                alt_avalon_dma_tx_ioctl
                0x00000000000119c0                alt_avalon_dma_rx_ioctl
                0x0000000000011a08                alt_avalon_dma_prepare
                0x0000000000011b40                alt_avalon_dma_space
                0x0000000000011bb4                alt_avalon_dma_send
                0x0000000000011eac                alt_avalon_dma_init
 .text          0x0000000000011f60       0xc0 ../bai8_bsp/\libhal_bsp.a(altera_avalon_jtag_uart_fd.o)
                0x0000000000011f60                altera_avalon_jtag_uart_read_fd
                0x0000000000011fc0                altera_avalon_jtag_uart_write_fd
 .text          0x0000000000012020       0xec ../bai8_bsp/\libhal_bsp.a(altera_avalon_jtag_uart_read.o)
                0x0000000000012020                altera_avalon_jtag_uart_read
 .text          0x000000000001210c       0x94 ../bai8_bsp/\libhal_bsp.a(altera_avalon_jtag_uart_write.o)
                0x000000000001210c                altera_avalon_jtag_uart_write
 .text          0x00000000000121a0      0x114 ../bai8_bsp/\libhal_bsp.a(alt_close.o)
                0x00000000000121dc                close
 .text          0x00000000000122b4       0x20 ../bai8_bsp/\libhal_bsp.a(alt_dcache_flush_all.o)
                0x00000000000122b4                alt_dcache_flush_all
 .text          0x00000000000122d4       0x2c ../bai8_bsp/\libhal_bsp.a(alt_dev.o)
 .text          0x0000000000012300       0xe0 ../bai8_bsp/\libhal_bsp.a(alt_dev_llist_insert.o)
                0x000000000001233c                alt_dev_llist_insert
 .text          0x00000000000123e0       0x90 ../bai8_bsp/\libhal_bsp.a(alt_dma_rxchan_open.o)
                0x000000000001241c                alt_dma_rxchan_open
 .text          0x0000000000012470       0x90 ../bai8_bsp/\libhal_bsp.a(alt_dma_txchan_open.o)
                0x00000000000124ac                alt_dma_txchan_open
 .text          0x0000000000012500       0x60 ../bai8_bsp/\libhal_bsp.a(alt_do_ctors.o)
                0x0000000000012500                _do_ctors
 .text          0x0000000000012560       0x60 ../bai8_bsp/\libhal_bsp.a(alt_do_dtors.o)
                0x0000000000012560                _do_dtors
 .text          0x00000000000125c0        0x0 ../bai8_bsp/\libhal_bsp.a(alt_errno.o)
 .text          0x00000000000125c0        0x0 ../bai8_bsp/\libhal_bsp.a(alt_exception_entry.o)
 .text          0x00000000000125c0       0x90 ../bai8_bsp/\libhal_bsp.a(alt_find_dev.o)
                0x00000000000125c0                alt_find_dev
 .text          0x0000000000012650       0x20 ../bai8_bsp/\libhal_bsp.a(alt_icache_flush_all.o)
                0x0000000000012650                alt_icache_flush_all
 .text          0x0000000000012670       0x9c ../bai8_bsp/\libhal_bsp.a(alt_instruction_exception_entry.o)
                0x0000000000012670                alt_exception_cause_generated_bad_addr
 .text          0x000000000001270c      0x160 ../bai8_bsp/\libhal_bsp.a(alt_io_redirect.o)
                0x00000000000127f0                alt_io_redirect
 .text          0x000000000001286c      0x284 ../bai8_bsp/\libhal_bsp.a(alt_open.o)
                0x0000000000012994                open
 .text          0x0000000000012af0       0x84 ../bai8_bsp/\libhal_bsp.a(alt_release_fd.o)
                0x0000000000012af0                alt_release_fd
 .text          0x0000000000012b74       0x24 ../bai8_bsp/\libhal_bsp.a(altera_nios2_gen2_irq.o)
                0x0000000000012b74                altera_nios2_gen2_irq_init
 .text          0x0000000000012b98      0x108 ../bai8_bsp/\libhal_bsp.a(alt_find_file.o)
                0x0000000000012b98                alt_find_file
 .text          0x0000000000012ca0       0xc4 ../bai8_bsp/\libhal_bsp.a(alt_get_fd.o)
                0x0000000000012ca0                alt_get_fd
 .text          0x0000000000012d64        0x0 c:/intelfpga_lite/18.1/nios2eds/bin/gnu/h-x86_64-mingw32/bin/../lib/gcc/nios2-elf/5.3.0/../../../../../H-x86_64-mingw32/nios2-elf/lib/mno-hw-mul\libsmallc.a(lib_a-atexit.o)
 .text.atexit   0x0000000000012d64       0x14 c:/intelfpga_lite/18.1/nios2eds/bin/gnu/h-x86_64-mingw32/bin/../lib/gcc/nios2-elf/5.3.0/../../../../../H-x86_64-mingw32/nios2-elf/lib/mno-hw-mul\libsmallc.a(lib_a-atexit.o)
                0x0000000000012d64                atexit
 .text          0x0000000000012d78        0x0 c:/intelfpga_lite/18.1/nios2eds/bin/gnu/h-x86_64-mingw32/bin/../lib/gcc/nios2-elf/5.3.0/../../../../../H-x86_64-mingw32/nios2-elf/lib/mno-hw-mul\libsmallc.a(lib_a-exit.o)
 .text.exit     0x0000000000012d78       0x20 c:/intelfpga_lite/18.1/nios2eds/bin/gnu/h-x86_64-mingw32/bin/../lib/gcc/nios2-elf/5.3.0/../../../../../H-x86_64-mingw32/nios2-elf/lib/mno-hw-mul\libsmallc.a(lib_a-exit.o)
                0x0000000000012d78                exit
 .text          0x0000000000012d98        0x0 c:/intelfpga_lite/18.1/nios2eds/bin/gnu/h-x86_64-mingw32/bin/../lib/gcc/nios2-elf/5.3.0/../../../../../H-x86_64-mingw32/nios2-elf/lib/mno-hw-mul\libsmallc.a(lib_a-memcmp.o)
 .text.memcmp   0x0000000000012d98       0x30 c:/intelfpga_lite/18.1/nios2eds/bin/gnu/h-x86_64-mingw32/bin/../lib/gcc/nios2-elf/5.3.0/../../../../../H-x86_64-mingw32/nios2-elf/lib/mno-hw-mul\libsmallc.a(lib_a-memcmp.o)
                0x0000000000012d98                memcmp
 .text          0x0000000000012dc8        0x0 c:/intelfpga_lite/18.1/nios2eds/bin/gnu/h-x86_64-mingw32/bin/../lib/gcc/nios2-elf/5.3.0/../../../../../H-x86_64-mingw32/nios2-elf/lib/mno-hw-mul\libsmallc.a(lib_a-__atexit.o)
 .text.__register_exitproc
                0x0000000000012dc8      0x158 c:/intelfpga_lite/18.1/nios2eds/bin/gnu/h-x86_64-mingw32/bin/../lib/gcc/nios2-elf/5.3.0/../../../../../H-x86_64-mingw32/nios2-elf/lib/mno-hw-mul\libsmallc.a(lib_a-__atexit.o)
                0x0000000000012dc8                __register_exitproc
 .text          0x0000000000012f20        0x0 c:/intelfpga_lite/18.1/nios2eds/bin/gnu/h-x86_64-mingw32/bin/../lib/gcc/nios2-elf/5.3.0/../../../../../H-x86_64-mingw32/nios2-elf/lib/mno-hw-mul\libsmallc.a(lib_a-__call_atexit.o)
 .text.__call_exitprocs
                0x0000000000012f20      0x190 c:/intelfpga_lite/18.1/nios2eds/bin/gnu/h-x86_64-mingw32/bin/../lib/gcc/nios2-elf/5.3.0/../../../../../H-x86_64-mingw32/nios2-elf/lib/mno-hw-mul\libsmallc.a(lib_a-__call_atexit.o)
                0x0000000000012f20                __call_exitprocs
 .text          0x00000000000130b0       0x34 ../bai8_bsp/\libhal_bsp.a(alt_exit.o)
                0x00000000000130b0                _exit
 *(.gnu.warning.*)
 *(.fini)
                [!provide]                        PROVIDE (__etext, ABSOLUTE (.))
                [!provide]                        PROVIDE (_etext, ABSOLUTE (.))
                [!provide]                        PROVIDE (etext, ABSOLUTE (.))
 *(.eh_frame_hdr)
                0x00000000000130e4                . = ALIGN (0x4)
                [!provide]                        PROVIDE (__preinit_array_start, ABSOLUTE (.))
 *(.preinit_array)
                [!provide]                        PROVIDE (__preinit_array_end, ABSOLUTE (.))
                [!provide]                        PROVIDE (__init_array_start, ABSOLUTE (.))
 *(.init_array)
                [!provide]                        PROVIDE (__init_array_end, ABSOLUTE (.))
                [!provide]                        PROVIDE (__fini_array_start, ABSOLUTE (.))
 *(.fini_array)
                [!provide]                        PROVIDE (__fini_array_end, ABSOLUTE (.))
 *(.eh_frame)
 *(.gcc_except_table .gcc_except_table.*)
 *(.dynamic)
                0x00000000000130e4                PROVIDE (__CTOR_LIST__, ABSOLUTE (.))
 *(.ctors)
 *(SORT(.ctors.*))
                0x00000000000130e4                PROVIDE (__CTOR_END__, ABSOLUTE (.))
                0x00000000000130e4                PROVIDE (__DTOR_LIST__, ABSOLUTE (.))
 *(.dtors)
 *(SORT(.dtors.*))
                0x00000000000130e4                PROVIDE (__DTOR_END__, ABSOLUTE (.))
 *(.jcr)
                0x00000000000130e4                . = ALIGN (0x4)

.rodata         0x0000000000008000       0x80 load address 0x00000000000130e4
                0x0000000000008000                PROVIDE (__ram_rodata_start, ABSOLUTE (.))
                0x0000000000008000                . = ALIGN (0x4)
 *(.rodata .rodata.* .gnu.linkonce.r.*)
 .rodata        0x0000000000008000       0x3c obj/default/hello_world.o
 .rodata.str1.4
                0x000000000000803c        0x4 c:/intelfpga_lite/18.1/nios2eds/bin/gnu/h-x86_64-mingw32/bin/../lib/gcc/nios2-elf/5.3.0/../../../../../H-x86_64-mingw32/nios2-elf/lib/mno-hw-mul\libsmallc.a(lib_a-puts.o)
                                          0x2 (size before relaxing)
 .rodata        0x0000000000008040       0x11 ../bai8_bsp/\libhal_bsp.a(alt_main.o)
 *fill*         0x0000000000008051        0x3 
 .rodata        0x0000000000008054       0x1d ../bai8_bsp/\libhal_bsp.a(alt_sys_init.o)
 *fill*         0x0000000000008071        0x3 
 .rodata        0x0000000000008074        0xa ../bai8_bsp/\libhal_bsp.a(alt_dev.o)
 *(.rodata1)
                0x0000000000008080                . = ALIGN (0x4)
 *fill*         0x000000000000807e        0x2 
                0x0000000000008080                PROVIDE (__ram_rodata_end, ABSOLUTE (.))
                0x00000000000130e4                PROVIDE (__flash_rodata_start, LOADADDR (.rodata))

.rwdata         0x0000000000008080      0x3e8 load address 0x0000000000013164
                0x0000000000008080                PROVIDE (__ram_rwdata_start, ABSOLUTE (.))
                0x0000000000008080                . = ALIGN (0x4)
 *(.got.plt)
 *(.got)
 *(.data1)
 *(.data .data.* .gnu.linkonce.d.*)
 .data          0x0000000000008080        0x0 ../bai8_bsp//obj/HAL/src/crt0.o
 .data          0x0000000000008080       0x20 obj/default/hello_world.o
                0x0000000000008080                pdata0
 .data          0x00000000000080a0        0x0 c:/intelfpga_lite/18.1/nios2eds/bin/gnu/h-x86_64-mingw32/bin/../lib/gcc/nios2-elf/5.3.0/../../../../../H-x86_64-mingw32/nios2-elf/lib/mno-hw-mul\libsmallc.a(lib_a-printf.o)
 .data          0x00000000000080a0        0x0 c:/intelfpga_lite/18.1/nios2eds/bin/gnu/h-x86_64-mingw32/bin/../lib/gcc/nios2-elf/5.3.0/../../../../../H-x86_64-mingw32/nios2-elf/lib/mno-hw-mul\libsmallc.a(lib_a-puts.o)
 .data          0x00000000000080a0        0x0 c:/intelfpga_lite/18.1/nios2eds/bin/gnu/h-x86_64-mingw32/bin/../lib/gcc/nios2-elf/5.3.0/../../../../../H-x86_64-mingw32/nios2-elf/lib/mno-hw-mul\libsmallc.a(lib_a-strlen.o)
 .data          0x00000000000080a0        0x0 c:/intelfpga_lite/18.1/nios2eds/bin/gnu/h-x86_64-mingw32/bin/../lib/gcc/nios2-elf/5.3.0/../../../../../H-x86_64-mingw32/nios2-elf/lib/mno-hw-mul\libsmallc.a(lib_a-vfprintf.o)
 .data          0x00000000000080a0        0x0 c:/intelfpga_lite/18.1/nios2eds/bin/gnu/h-x86_64-mingw32/bin/../lib/gcc/nios2-elf/5.3.0/../../../../../H-x86_64-mingw32/nios2-elf/lib/mno-hw-mul\libsmallc.a(lib_a-fvwrite_small_dev.o)
 .data          0x00000000000080a0        0x0 c:/intelfpga_lite/18.1/nios2eds/bin/gnu/h-x86_64-mingw32/bin/../lib/gcc/nios2-elf/5.3.0/../../../../../H-x86_64-mingw32/nios2-elf/lib/mno-hw-mul\libsmallc.a(lib_a-impure.o)
 .data.impure_data
                0x00000000000080a0       0xe0 c:/intelfpga_lite/18.1/nios2eds/bin/gnu/h-x86_64-mingw32/bin/../lib/gcc/nios2-elf/5.3.0/../../../../../H-x86_64-mingw32/nios2-elf/lib/mno-hw-mul\libsmallc.a(lib_a-impure.o)
 .data          0x0000000000008180        0x0 c:/intelfpga_lite/18.1/nios2eds/bin/gnu/h-x86_64-mingw32/bin/../lib/gcc/nios2-elf/5.3.0/../../../../../H-x86_64-mingw32/nios2-elf/lib/mno-hw-mul\libsmallc.a(lib_a-writer.o)
 .data          0x0000000000008180        0x0 c:/intelfpga_lite/18.1/nios2eds/bin/gnu/h-x86_64-mingw32/bin/../lib/gcc/nios2-elf/5.3.0/../../../../../H-x86_64-mingw32/nios2-elf/lib/mno-hw-mul\libsmallc.a(lib_a-int_errno.o)
 .data          0x0000000000008180        0x0 c:/intelfpga_lite/18.1/nios2eds/bin/gnu/h-x86_64-mingw32/bin/../lib/gcc/nios2-elf/5.3.0/mno-hw-mul\libgcc.a(lib2-divmod.o)
 .data          0x0000000000008180        0x0 c:/intelfpga_lite/18.1/nios2eds/bin/gnu/h-x86_64-mingw32/bin/../lib/gcc/nios2-elf/5.3.0/mno-hw-mul\libgcc.a(lib2-mul.o)
 .data          0x0000000000008180        0x0 ../bai8_bsp/\libhal_bsp.a(alt_iic.o)
 .data          0x0000000000008180        0x0 ../bai8_bsp/\libhal_bsp.a(alt_iic_isr_register.o)
 .data          0x0000000000008180        0x0 ../bai8_bsp/\libhal_bsp.a(alt_irq_entry.o)
 .data          0x0000000000008180        0x0 ../bai8_bsp/\libhal_bsp.a(alt_irq_handler.o)
 .data          0x0000000000008180        0x0 ../bai8_bsp/\libhal_bsp.a(alt_irq_vars.o)
 .data          0x0000000000008180        0x0 ../bai8_bsp/\libhal_bsp.a(alt_load.o)
 .data          0x0000000000008180        0x0 ../bai8_bsp/\libhal_bsp.a(alt_main.o)
 .data          0x0000000000008180        0x0 ../bai8_bsp/\libhal_bsp.a(alt_write.o)
 .data          0x0000000000008180      0x108 ../bai8_bsp/\libhal_bsp.a(alt_sys_init.o)
 .data          0x0000000000008288        0x0 ../bai8_bsp/\libhal_bsp.a(altera_avalon_dma.o)
 .data          0x0000000000008288        0x0 ../bai8_bsp/\libhal_bsp.a(altera_avalon_jtag_uart_fd.o)
 .data          0x0000000000008288        0x0 ../bai8_bsp/\libhal_bsp.a(altera_avalon_jtag_uart_read.o)
 .data          0x0000000000008288        0x0 ../bai8_bsp/\libhal_bsp.a(altera_avalon_jtag_uart_write.o)
 .data          0x0000000000008288        0x0 ../bai8_bsp/\libhal_bsp.a(alt_close.o)
 .data          0x0000000000008288        0x0 ../bai8_bsp/\libhal_bsp.a(alt_dcache_flush_all.o)
 .data          0x0000000000008288      0x1a8 ../bai8_bsp/\libhal_bsp.a(alt_dev.o)
                0x0000000000008288                alt_dev_null
                0x00000000000082b0                alt_fd_list
 .data          0x0000000000008430        0x0 ../bai8_bsp/\libhal_bsp.a(alt_dev_llist_insert.o)
 .data          0x0000000000008430        0x0 ../bai8_bsp/\libhal_bsp.a(alt_dma_rxchan_open.o)
 .data          0x0000000000008430        0x0 ../bai8_bsp/\libhal_bsp.a(alt_dma_txchan_open.o)
 .data          0x0000000000008430        0x0 ../bai8_bsp/\libhal_bsp.a(alt_do_ctors.o)
 .data          0x0000000000008430        0x0 ../bai8_bsp/\libhal_bsp.a(alt_do_dtors.o)
 .data          0x0000000000008430        0x0 ../bai8_bsp/\libhal_bsp.a(alt_errno.o)
 .data          0x0000000000008430        0x0 ../bai8_bsp/\libhal_bsp.a(alt_exception_entry.o)
 .data          0x0000000000008430        0x0 ../bai8_bsp/\libhal_bsp.a(alt_find_dev.o)
 .data          0x0000000000008430        0x0 ../bai8_bsp/\libhal_bsp.a(alt_icache_flush_all.o)
 .data          0x0000000000008430        0x0 ../bai8_bsp/\libhal_bsp.a(alt_instruction_exception_entry.o)
 .data          0x0000000000008430        0x0 ../bai8_bsp/\libhal_bsp.a(alt_io_redirect.o)
 .data          0x0000000000008430        0x0 ../bai8_bsp/\libhal_bsp.a(alt_open.o)
 .data          0x0000000000008430        0x0 ../bai8_bsp/\libhal_bsp.a(alt_release_fd.o)
 .data          0x0000000000008430        0x0 ../bai8_bsp/\libhal_bsp.a(altera_nios2_gen2_irq.o)
 .data          0x0000000000008430        0x0 ../bai8_bsp/\libhal_bsp.a(alt_find_file.o)
 .data          0x0000000000008430        0x0 ../bai8_bsp/\libhal_bsp.a(alt_get_fd.o)
 .data          0x0000000000008430        0x0 c:/intelfpga_lite/18.1/nios2eds/bin/gnu/h-x86_64-mingw32/bin/../lib/gcc/nios2-elf/5.3.0/../../../../../H-x86_64-mingw32/nios2-elf/lib/mno-hw-mul\libsmallc.a(lib_a-atexit.o)
 .data          0x0000000000008430        0x0 c:/intelfpga_lite/18.1/nios2eds/bin/gnu/h-x86_64-mingw32/bin/../lib/gcc/nios2-elf/5.3.0/../../../../../H-x86_64-mingw32/nios2-elf/lib/mno-hw-mul\libsmallc.a(lib_a-exit.o)
 .data          0x0000000000008430        0x0 c:/intelfpga_lite/18.1/nios2eds/bin/gnu/h-x86_64-mingw32/bin/../lib/gcc/nios2-elf/5.3.0/../../../../../H-x86_64-mingw32/nios2-elf/lib/mno-hw-mul\libsmallc.a(lib_a-memcmp.o)
 .data          0x0000000000008430        0x0 c:/intelfpga_lite/18.1/nios2eds/bin/gnu/h-x86_64-mingw32/bin/../lib/gcc/nios2-elf/5.3.0/../../../../../H-x86_64-mingw32/nios2-elf/lib/mno-hw-mul\libsmallc.a(lib_a-__atexit.o)
 .data          0x0000000000008430        0x0 c:/intelfpga_lite/18.1/nios2eds/bin/gnu/h-x86_64-mingw32/bin/../lib/gcc/nios2-elf/5.3.0/../../../../../H-x86_64-mingw32/nios2-elf/lib/mno-hw-mul\libsmallc.a(lib_a-__call_atexit.o)
 .data          0x0000000000008430        0x0 ../bai8_bsp/\libhal_bsp.a(alt_exit.o)
                0x0000000000010430                _gp = ABSOLUTE ((. + 0x8000))
                [!provide]                        PROVIDE (gp, _gp)
 *(.rwdata .rwdata.*)
 *(.sdata .sdata.* .gnu.linkonce.s.*)
 .sdata         0x0000000000008430        0x4 obj/default/hello_world.o
                0x0000000000008430                pdata1
 .sdata._global_impure_ptr
                0x0000000000008434        0x4 c:/intelfpga_lite/18.1/nios2eds/bin/gnu/h-x86_64-mingw32/bin/../lib/gcc/nios2-elf/5.3.0/../../../../../H-x86_64-mingw32/nios2-elf/lib/mno-hw-mul\libsmallc.a(lib_a-impure.o)
                0x0000000000008434                _global_impure_ptr
 .sdata._impure_ptr
                0x0000000000008438        0x4 c:/intelfpga_lite/18.1/nios2eds/bin/gnu/h-x86_64-mingw32/bin/../lib/gcc/nios2-elf/5.3.0/../../../../../H-x86_64-mingw32/nios2-elf/lib/mno-hw-mul\libsmallc.a(lib_a-impure.o)
                0x0000000000008438                _impure_ptr
 .sdata         0x000000000000843c        0x4 ../bai8_bsp/\libhal_bsp.a(alt_irq_vars.o)
                0x000000000000843c                alt_priority_mask
 .sdata         0x0000000000008440       0x14 ../bai8_bsp/\libhal_bsp.a(alt_dev.o)
                0x0000000000008440                alt_fs_list
                0x0000000000008448                alt_dev_list
                0x0000000000008450                alt_max_fd
 .sdata         0x0000000000008454        0x8 ../bai8_bsp/\libhal_bsp.a(alt_dma_rxchan_open.o)
                0x0000000000008454                alt_dma_rxchan_list
 .sdata         0x000000000000845c        0x8 ../bai8_bsp/\libhal_bsp.a(alt_dma_txchan_open.o)
                0x000000000000845c                alt_dma_txchan_list
 .sdata         0x0000000000008464        0x4 ../bai8_bsp/\libhal_bsp.a(alt_errno.o)
                0x0000000000008464                alt_errno
 *(.sdata2 .sdata2.* .gnu.linkonce.s2.*)
                0x0000000000008468                . = ALIGN (0x4)
                0x0000000000008468                _edata = ABSOLUTE (.)
                [!provide]                        PROVIDE (edata, ABSOLUTE (.))
                0x0000000000008468                PROVIDE (__ram_rwdata_end, ABSOLUTE (.))
                0x0000000000013164                PROVIDE (__flash_rwdata_start, LOADADDR (.rwdata))

.bss            0x0000000000008468      0x118 load address 0x000000000001354c
                0x0000000000008468                __bss_start = ABSOLUTE (.)
                [!provide]                        PROVIDE (__sbss_start, ABSOLUTE (.))
                [!provide]                        PROVIDE (___sbss_start, ABSOLUTE (.))
 *(.dynsbss)
 *(.sbss .sbss.* .gnu.linkonce.sb.*)
 .sbss          0x0000000000008468        0x4 c:/intelfpga_lite/18.1/nios2eds/bin/gnu/h-x86_64-mingw32/bin/../lib/gcc/nios2-elf/5.3.0/../../../../../H-x86_64-mingw32/nios2-elf/lib/mno-hw-mul\libsmallc.a(lib_a-int_errno.o)
                0x0000000000008468                errno
 .sbss          0x000000000000846c        0x4 ../bai8_bsp/\libhal_bsp.a(alt_irq_vars.o)
                0x000000000000846c                alt_irq_active
 .sbss          0x0000000000008470        0xc ../bai8_bsp/\libhal_bsp.a(alt_main.o)
                0x0000000000008470                alt_argc
                0x0000000000008474                alt_argv
                0x0000000000008478                alt_envp
 .sbss          0x000000000000847c        0x4 ../bai8_bsp/\libhal_bsp.a(alt_instruction_exception_entry.o)
                0x000000000000847c                alt_instruction_exception_handler
 *(.sbss2 .sbss2.* .gnu.linkonce.sb2.*)
 *(.scommon)
                [!provide]                        PROVIDE (__sbss_end, ABSOLUTE (.))
                [!provide]                        PROVIDE (___sbss_end, ABSOLUTE (.))
 *(.dynbss)
 *(.bss .bss.* .gnu.linkonce.b.*)
 .bss           0x0000000000008480        0x0 ../bai8_bsp//obj/HAL/src/crt0.o
 .bss           0x0000000000008480        0x0 obj/default/hello_world.o
 .bss           0x0000000000008480        0x0 c:/intelfpga_lite/18.1/nios2eds/bin/gnu/h-x86_64-mingw32/bin/../lib/gcc/nios2-elf/5.3.0/../../../../../H-x86_64-mingw32/nios2-elf/lib/mno-hw-mul\libsmallc.a(lib_a-printf.o)
 .bss           0x0000000000008480        0x0 c:/intelfpga_lite/18.1/nios2eds/bin/gnu/h-x86_64-mingw32/bin/../lib/gcc/nios2-elf/5.3.0/../../../../../H-x86_64-mingw32/nios2-elf/lib/mno-hw-mul\libsmallc.a(lib_a-puts.o)
 .bss           0x0000000000008480        0x0 c:/intelfpga_lite/18.1/nios2eds/bin/gnu/h-x86_64-mingw32/bin/../lib/gcc/nios2-elf/5.3.0/../../../../../H-x86_64-mingw32/nios2-elf/lib/mno-hw-mul\libsmallc.a(lib_a-strlen.o)
 .bss           0x0000000000008480        0x0 c:/intelfpga_lite/18.1/nios2eds/bin/gnu/h-x86_64-mingw32/bin/../lib/gcc/nios2-elf/5.3.0/../../../../../H-x86_64-mingw32/nios2-elf/lib/mno-hw-mul\libsmallc.a(lib_a-vfprintf.o)
 .bss           0x0000000000008480        0x0 c:/intelfpga_lite/18.1/nios2eds/bin/gnu/h-x86_64-mingw32/bin/../lib/gcc/nios2-elf/5.3.0/../../../../../H-x86_64-mingw32/nios2-elf/lib/mno-hw-mul\libsmallc.a(lib_a-fvwrite_small_dev.o)
 .bss           0x0000000000008480        0x0 c:/intelfpga_lite/18.1/nios2eds/bin/gnu/h-x86_64-mingw32/bin/../lib/gcc/nios2-elf/5.3.0/../../../../../H-x86_64-mingw32/nios2-elf/lib/mno-hw-mul\libsmallc.a(lib_a-impure.o)
 .bss           0x0000000000008480        0x0 c:/intelfpga_lite/18.1/nios2eds/bin/gnu/h-x86_64-mingw32/bin/../lib/gcc/nios2-elf/5.3.0/../../../../../H-x86_64-mingw32/nios2-elf/lib/mno-hw-mul\libsmallc.a(lib_a-writer.o)
 .bss           0x0000000000008480        0x0 c:/intelfpga_lite/18.1/nios2eds/bin/gnu/h-x86_64-mingw32/bin/../lib/gcc/nios2-elf/5.3.0/../../../../../H-x86_64-mingw32/nios2-elf/lib/mno-hw-mul\libsmallc.a(lib_a-int_errno.o)
 .bss           0x0000000000008480        0x0 c:/intelfpga_lite/18.1/nios2eds/bin/gnu/h-x86_64-mingw32/bin/../lib/gcc/nios2-elf/5.3.0/mno-hw-mul\libgcc.a(lib2-divmod.o)
 .bss           0x0000000000008480        0x0 c:/intelfpga_lite/18.1/nios2eds/bin/gnu/h-x86_64-mingw32/bin/../lib/gcc/nios2-elf/5.3.0/mno-hw-mul\libgcc.a(lib2-mul.o)
 .bss           0x0000000000008480        0x0 ../bai8_bsp/\libhal_bsp.a(alt_iic.o)
 .bss           0x0000000000008480        0x0 ../bai8_bsp/\libhal_bsp.a(alt_iic_isr_register.o)
 .bss           0x0000000000008480        0x0 ../bai8_bsp/\libhal_bsp.a(alt_irq_entry.o)
 .bss           0x0000000000008480        0x0 ../bai8_bsp/\libhal_bsp.a(alt_irq_handler.o)
 .bss           0x0000000000008480        0x0 ../bai8_bsp/\libhal_bsp.a(alt_irq_vars.o)
 .bss           0x0000000000008480        0x0 ../bai8_bsp/\libhal_bsp.a(alt_load.o)
 .bss           0x0000000000008480        0x0 ../bai8_bsp/\libhal_bsp.a(alt_main.o)
 .bss           0x0000000000008480        0x0 ../bai8_bsp/\libhal_bsp.a(alt_write.o)
 .bss           0x0000000000008480        0x0 ../bai8_bsp/\libhal_bsp.a(alt_sys_init.o)
 .bss           0x0000000000008480        0x0 ../bai8_bsp/\libhal_bsp.a(altera_avalon_dma.o)
 .bss           0x0000000000008480        0x0 ../bai8_bsp/\libhal_bsp.a(altera_avalon_jtag_uart_fd.o)
 .bss           0x0000000000008480        0x0 ../bai8_bsp/\libhal_bsp.a(altera_avalon_jtag_uart_read.o)
 .bss           0x0000000000008480        0x0 ../bai8_bsp/\libhal_bsp.a(altera_avalon_jtag_uart_write.o)
 .bss           0x0000000000008480        0x0 ../bai8_bsp/\libhal_bsp.a(alt_close.o)
 .bss           0x0000000000008480        0x0 ../bai8_bsp/\libhal_bsp.a(alt_dcache_flush_all.o)
 .bss           0x0000000000008480        0x0 ../bai8_bsp/\libhal_bsp.a(alt_dev.o)
 .bss           0x0000000000008480        0x0 ../bai8_bsp/\libhal_bsp.a(alt_dev_llist_insert.o)
 .bss           0x0000000000008480        0x0 ../bai8_bsp/\libhal_bsp.a(alt_dma_rxchan_open.o)
 .bss           0x0000000000008480        0x0 ../bai8_bsp/\libhal_bsp.a(alt_dma_txchan_open.o)
 .bss           0x0000000000008480        0x0 ../bai8_bsp/\libhal_bsp.a(alt_do_ctors.o)
 .bss           0x0000000000008480        0x0 ../bai8_bsp/\libhal_bsp.a(alt_do_dtors.o)
 .bss           0x0000000000008480        0x0 ../bai8_bsp/\libhal_bsp.a(alt_errno.o)
 .bss           0x0000000000008480        0x0 ../bai8_bsp/\libhal_bsp.a(alt_exception_entry.o)
 .bss           0x0000000000008480        0x0 ../bai8_bsp/\libhal_bsp.a(alt_find_dev.o)
 .bss           0x0000000000008480        0x0 ../bai8_bsp/\libhal_bsp.a(alt_icache_flush_all.o)
 .bss           0x0000000000008480        0x0 ../bai8_bsp/\libhal_bsp.a(alt_instruction_exception_entry.o)
 .bss           0x0000000000008480        0x0 ../bai8_bsp/\libhal_bsp.a(alt_io_redirect.o)
 .bss           0x0000000000008480        0x0 ../bai8_bsp/\libhal_bsp.a(alt_open.o)
 .bss           0x0000000000008480        0x0 ../bai8_bsp/\libhal_bsp.a(alt_release_fd.o)
 .bss           0x0000000000008480        0x0 ../bai8_bsp/\libhal_bsp.a(altera_nios2_gen2_irq.o)
 .bss           0x0000000000008480        0x0 ../bai8_bsp/\libhal_bsp.a(alt_find_file.o)
 .bss           0x0000000000008480        0x0 ../bai8_bsp/\libhal_bsp.a(alt_get_fd.o)
 .bss           0x0000000000008480        0x0 c:/intelfpga_lite/18.1/nios2eds/bin/gnu/h-x86_64-mingw32/bin/../lib/gcc/nios2-elf/5.3.0/../../../../../H-x86_64-mingw32/nios2-elf/lib/mno-hw-mul\libsmallc.a(lib_a-atexit.o)
 .bss           0x0000000000008480        0x0 c:/intelfpga_lite/18.1/nios2eds/bin/gnu/h-x86_64-mingw32/bin/../lib/gcc/nios2-elf/5.3.0/../../../../../H-x86_64-mingw32/nios2-elf/lib/mno-hw-mul\libsmallc.a(lib_a-exit.o)
 .bss           0x0000000000008480        0x0 c:/intelfpga_lite/18.1/nios2eds/bin/gnu/h-x86_64-mingw32/bin/../lib/gcc/nios2-elf/5.3.0/../../../../../H-x86_64-mingw32/nios2-elf/lib/mno-hw-mul\libsmallc.a(lib_a-memcmp.o)
 .bss           0x0000000000008480        0x0 c:/intelfpga_lite/18.1/nios2eds/bin/gnu/h-x86_64-mingw32/bin/../lib/gcc/nios2-elf/5.3.0/../../../../../H-x86_64-mingw32/nios2-elf/lib/mno-hw-mul\libsmallc.a(lib_a-__atexit.o)
 .bss           0x0000000000008480        0x0 c:/intelfpga_lite/18.1/nios2eds/bin/gnu/h-x86_64-mingw32/bin/../lib/gcc/nios2-elf/5.3.0/../../../../../H-x86_64-mingw32/nios2-elf/lib/mno-hw-mul\libsmallc.a(lib_a-__call_atexit.o)
 .bss           0x0000000000008480        0x0 ../bai8_bsp/\libhal_bsp.a(alt_exit.o)
 *(COMMON)
 COMMON         0x0000000000008480      0x100 ../bai8_bsp/\libhal_bsp.a(alt_irq_handler.o)
                0x0000000000008480                alt_irq
                0x0000000000008580                . = ALIGN (0x4)
                0x0000000000008580                __bss_end = ABSOLUTE (.)

.onchip_memory2_1
                0x0000000000008580        0x0 load address 0x000000000001354c
                [!provide]                        PROVIDE (_alt_partition_onchip_memory2_1_start, ABSOLUTE (.))
 *(.onchip_memory2_1 .onchip_memory2_1. onchip_memory2_1.*)
                0x0000000000008580                . = ALIGN (0x4)
                [!provide]                        PROVIDE (_alt_partition_onchip_memory2_1_end, ABSOLUTE (.))
                0x0000000000008580                _end = ABSOLUTE (.)
                0x0000000000008580                end = ABSOLUTE (.)
                0x0000000000008580                __alt_stack_base = ABSOLUTE (.)
                [!provide]                        PROVIDE (_alt_partition_onchip_memory2_1_load_addr, LOADADDR (.onchip_memory2_1))

.onchip_memory2_0
                0x000000000001354c        0x0
                [!provide]                        PROVIDE (_alt_partition_onchip_memory2_0_start, ABSOLUTE (.))
 *(.onchip_memory2_0 .onchip_memory2_0. onchip_memory2_0.*)
                0x000000000001354c                . = ALIGN (0x4)
                [!provide]                        PROVIDE (_alt_partition_onchip_memory2_0_end, ABSOLUTE (.))
                [!provide]                        PROVIDE (_alt_partition_onchip_memory2_0_load_addr, LOADADDR (.onchip_memory2_0))

.stab
 *(.stab)

.stabstr
 *(.stabstr)

.stab.excl
 *(.stab.excl)

.stab.exclstr
 *(.stab.exclstr)

.stab.index
 *(.stab.index)

.stab.indexstr
 *(.stab.indexstr)

.comment        0x0000000000000000       0x23
 *(.comment)
 .comment       0x0000000000000000       0x23 obj/default/hello_world.o
                                         0x24 (size before relaxing)
 .comment       0x0000000000000023       0x24 c:/intelfpga_lite/18.1/nios2eds/bin/gnu/h-x86_64-mingw32/bin/../lib/gcc/nios2-elf/5.3.0/../../../../../H-x86_64-mingw32/nios2-elf/lib/mno-hw-mul\libsmallc.a(lib_a-printf.o)
 .comment       0x0000000000000023       0x24 c:/intelfpga_lite/18.1/nios2eds/bin/gnu/h-x86_64-mingw32/bin/../lib/gcc/nios2-elf/5.3.0/../../../../../H-x86_64-mingw32/nios2-elf/lib/mno-hw-mul\libsmallc.a(lib_a-puts.o)
 .comment       0x0000000000000023       0x24 c:/intelfpga_lite/18.1/nios2eds/bin/gnu/h-x86_64-mingw32/bin/../lib/gcc/nios2-elf/5.3.0/../../../../../H-x86_64-mingw32/nios2-elf/lib/mno-hw-mul\libsmallc.a(lib_a-strlen.o)
 .comment       0x0000000000000023       0x24 c:/intelfpga_lite/18.1/nios2eds/bin/gnu/h-x86_64-mingw32/bin/../lib/gcc/nios2-elf/5.3.0/../../../../../H-x86_64-mingw32/nios2-elf/lib/mno-hw-mul\libsmallc.a(lib_a-vfprintf.o)
 .comment       0x0000000000000023       0x24 c:/intelfpga_lite/18.1/nios2eds/bin/gnu/h-x86_64-mingw32/bin/../lib/gcc/nios2-elf/5.3.0/../../../../../H-x86_64-mingw32/nios2-elf/lib/mno-hw-mul\libsmallc.a(lib_a-fvwrite_small_dev.o)
 .comment       0x0000000000000023       0x24 c:/intelfpga_lite/18.1/nios2eds/bin/gnu/h-x86_64-mingw32/bin/../lib/gcc/nios2-elf/5.3.0/../../../../../H-x86_64-mingw32/nios2-elf/lib/mno-hw-mul\libsmallc.a(lib_a-impure.o)
 .comment       0x0000000000000023       0x24 c:/intelfpga_lite/18.1/nios2eds/bin/gnu/h-x86_64-mingw32/bin/../lib/gcc/nios2-elf/5.3.0/../../../../../H-x86_64-mingw32/nios2-elf/lib/mno-hw-mul\libsmallc.a(lib_a-writer.o)
 .comment       0x0000000000000023       0x24 c:/intelfpga_lite/18.1/nios2eds/bin/gnu/h-x86_64-mingw32/bin/../lib/gcc/nios2-elf/5.3.0/../../../../../H-x86_64-mingw32/nios2-elf/lib/mno-hw-mul\libsmallc.a(lib_a-int_errno.o)
 .comment       0x0000000000000023       0x24 c:/intelfpga_lite/18.1/nios2eds/bin/gnu/h-x86_64-mingw32/bin/../lib/gcc/nios2-elf/5.3.0/mno-hw-mul\libgcc.a(lib2-divmod.o)
 .comment       0x0000000000000023       0x24 c:/intelfpga_lite/18.1/nios2eds/bin/gnu/h-x86_64-mingw32/bin/../lib/gcc/nios2-elf/5.3.0/mno-hw-mul\libgcc.a(lib2-mul.o)
 .comment       0x0000000000000023       0x24 ../bai8_bsp/\libhal_bsp.a(alt_iic.o)
 .comment       0x0000000000000023       0x24 ../bai8_bsp/\libhal_bsp.a(alt_iic_isr_register.o)
 .comment       0x0000000000000023       0x24 ../bai8_bsp/\libhal_bsp.a(alt_irq_handler.o)
 .comment       0x0000000000000023       0x24 ../bai8_bsp/\libhal_bsp.a(alt_irq_vars.o)
 .comment       0x0000000000000023       0x24 ../bai8_bsp/\libhal_bsp.a(alt_load.o)
 .comment       0x0000000000000023       0x24 ../bai8_bsp/\libhal_bsp.a(alt_main.o)
 .comment       0x0000000000000023       0x24 ../bai8_bsp/\libhal_bsp.a(alt_write.o)
 .comment       0x0000000000000023       0x24 ../bai8_bsp/\libhal_bsp.a(alt_sys_init.o)
 .comment       0x0000000000000023       0x24 ../bai8_bsp/\libhal_bsp.a(altera_avalon_dma.o)
 .comment       0x0000000000000023       0x24 ../bai8_bsp/\libhal_bsp.a(altera_avalon_jtag_uart_fd.o)
 .comment       0x0000000000000023       0x24 ../bai8_bsp/\libhal_bsp.a(altera_avalon_jtag_uart_read.o)
 .comment       0x0000000000000023       0x24 ../bai8_bsp/\libhal_bsp.a(altera_avalon_jtag_uart_write.o)
 .comment       0x0000000000000023       0x24 ../bai8_bsp/\libhal_bsp.a(alt_close.o)
 .comment       0x0000000000000023       0x24 ../bai8_bsp/\libhal_bsp.a(alt_dcache_flush_all.o)
 .comment       0x0000000000000023       0x24 ../bai8_bsp/\libhal_bsp.a(alt_dev.o)
 .comment       0x0000000000000023       0x24 ../bai8_bsp/\libhal_bsp.a(alt_dev_llist_insert.o)
 .comment       0x0000000000000023       0x24 ../bai8_bsp/\libhal_bsp.a(alt_dma_rxchan_open.o)
 .comment       0x0000000000000023       0x24 ../bai8_bsp/\libhal_bsp.a(alt_dma_txchan_open.o)
 .comment       0x0000000000000023       0x24 ../bai8_bsp/\libhal_bsp.a(alt_do_ctors.o)
 .comment       0x0000000000000023       0x24 ../bai8_bsp/\libhal_bsp.a(alt_do_dtors.o)
 .comment       0x0000000000000023       0x24 ../bai8_bsp/\libhal_bsp.a(alt_errno.o)
 .comment       0x0000000000000023       0x24 ../bai8_bsp/\libhal_bsp.a(alt_find_dev.o)
 .comment       0x0000000000000023       0x24 ../bai8_bsp/\libhal_bsp.a(alt_icache_flush_all.o)
 .comment       0x0000000000000023       0x24 ../bai8_bsp/\libhal_bsp.a(alt_instruction_exception_entry.o)
 .comment       0x0000000000000023       0x24 ../bai8_bsp/\libhal_bsp.a(alt_io_redirect.o)
 .comment       0x0000000000000023       0x24 ../bai8_bsp/\libhal_bsp.a(alt_open.o)
 .comment       0x0000000000000023       0x24 ../bai8_bsp/\libhal_bsp.a(alt_release_fd.o)
 .comment       0x0000000000000023       0x24 ../bai8_bsp/\libhal_bsp.a(altera_nios2_gen2_irq.o)
 .comment       0x0000000000000023       0x24 ../bai8_bsp/\libhal_bsp.a(alt_find_file.o)
 .comment       0x0000000000000023       0x24 ../bai8_bsp/\libhal_bsp.a(alt_get_fd.o)
 .comment       0x0000000000000023       0x24 c:/intelfpga_lite/18.1/nios2eds/bin/gnu/h-x86_64-mingw32/bin/../lib/gcc/nios2-elf/5.3.0/../../../../../H-x86_64-mingw32/nios2-elf/lib/mno-hw-mul\libsmallc.a(lib_a-atexit.o)
 .comment       0x0000000000000023       0x24 c:/intelfpga_lite/18.1/nios2eds/bin/gnu/h-x86_64-mingw32/bin/../lib/gcc/nios2-elf/5.3.0/../../../../../H-x86_64-mingw32/nios2-elf/lib/mno-hw-mul\libsmallc.a(lib_a-exit.o)
 .comment       0x0000000000000023       0x24 c:/intelfpga_lite/18.1/nios2eds/bin/gnu/h-x86_64-mingw32/bin/../lib/gcc/nios2-elf/5.3.0/../../../../../H-x86_64-mingw32/nios2-elf/lib/mno-hw-mul\libsmallc.a(lib_a-memcmp.o)
 .comment       0x0000000000000023       0x24 c:/intelfpga_lite/18.1/nios2eds/bin/gnu/h-x86_64-mingw32/bin/../lib/gcc/nios2-elf/5.3.0/../../../../../H-x86_64-mingw32/nios2-elf/lib/mno-hw-mul\libsmallc.a(lib_a-__atexit.o)
 .comment       0x0000000000000023       0x24 c:/intelfpga_lite/18.1/nios2eds/bin/gnu/h-x86_64-mingw32/bin/../lib/gcc/nios2-elf/5.3.0/../../../../../H-x86_64-mingw32/nios2-elf/lib/mno-hw-mul\libsmallc.a(lib_a-__call_atexit.o)
 .comment       0x0000000000000023       0x24 ../bai8_bsp/\libhal_bsp.a(alt_exit.o)

.debug
 *(.debug)

.line
 *(.line)

.debug_srcinfo
 *(.debug_srcinfo)

.debug_sfnames
 *(.debug_sfnames)

.debug_aranges  0x0000000000000000      0x678
 *(.debug_aranges)
 .debug_aranges
                0x0000000000000000       0x28 ../bai8_bsp//obj/HAL/src/crt0.o
 .debug_aranges
                0x0000000000000028       0x20 obj/default/hello_world.o
 .debug_aranges
                0x0000000000000048       0x28 c:/intelfpga_lite/18.1/nios2eds/bin/gnu/h-x86_64-mingw32/bin/../lib/gcc/nios2-elf/5.3.0/../../../../../H-x86_64-mingw32/nios2-elf/lib/mno-hw-mul\libsmallc.a(lib_a-printf.o)
 .debug_aranges
                0x0000000000000070       0x28 c:/intelfpga_lite/18.1/nios2eds/bin/gnu/h-x86_64-mingw32/bin/../lib/gcc/nios2-elf/5.3.0/../../../../../H-x86_64-mingw32/nios2-elf/lib/mno-hw-mul\libsmallc.a(lib_a-puts.o)
 .debug_aranges
                0x0000000000000098       0x20 c:/intelfpga_lite/18.1/nios2eds/bin/gnu/h-x86_64-mingw32/bin/../lib/gcc/nios2-elf/5.3.0/../../../../../H-x86_64-mingw32/nios2-elf/lib/mno-hw-mul\libsmallc.a(lib_a-strlen.o)
 .debug_aranges
                0x00000000000000b8       0x30 c:/intelfpga_lite/18.1/nios2eds/bin/gnu/h-x86_64-mingw32/bin/../lib/gcc/nios2-elf/5.3.0/../../../../../H-x86_64-mingw32/nios2-elf/lib/mno-hw-mul\libsmallc.a(lib_a-vfprintf.o)
 .debug_aranges
                0x00000000000000e8       0x20 c:/intelfpga_lite/18.1/nios2eds/bin/gnu/h-x86_64-mingw32/bin/../lib/gcc/nios2-elf/5.3.0/../../../../../H-x86_64-mingw32/nios2-elf/lib/mno-hw-mul\libsmallc.a(lib_a-fvwrite_small_dev.o)
 .debug_aranges
                0x0000000000000108       0x18 c:/intelfpga_lite/18.1/nios2eds/bin/gnu/h-x86_64-mingw32/bin/../lib/gcc/nios2-elf/5.3.0/../../../../../H-x86_64-mingw32/nios2-elf/lib/mno-hw-mul\libsmallc.a(lib_a-impure.o)
 .debug_aranges
                0x0000000000000120       0x20 c:/intelfpga_lite/18.1/nios2eds/bin/gnu/h-x86_64-mingw32/bin/../lib/gcc/nios2-elf/5.3.0/../../../../../H-x86_64-mingw32/nios2-elf/lib/mno-hw-mul\libsmallc.a(lib_a-writer.o)
 .debug_aranges
                0x0000000000000140       0x18 c:/intelfpga_lite/18.1/nios2eds/bin/gnu/h-x86_64-mingw32/bin/../lib/gcc/nios2-elf/5.3.0/../../../../../H-x86_64-mingw32/nios2-elf/lib/mno-hw-mul\libsmallc.a(lib_a-int_errno.o)
 .debug_aranges
                0x0000000000000158       0x20 c:/intelfpga_lite/18.1/nios2eds/bin/gnu/h-x86_64-mingw32/bin/../lib/gcc/nios2-elf/5.3.0/mno-hw-mul\libgcc.a(lib2-divmod.o)
 .debug_aranges
                0x0000000000000178       0x20 c:/intelfpga_lite/18.1/nios2eds/bin/gnu/h-x86_64-mingw32/bin/../lib/gcc/nios2-elf/5.3.0/mno-hw-mul\libgcc.a(lib2-mul.o)
 .debug_aranges
                0x0000000000000198       0x20 ../bai8_bsp/\libhal_bsp.a(alt_iic.o)
 .debug_aranges
                0x00000000000001b8       0x20 ../bai8_bsp/\libhal_bsp.a(alt_iic_isr_register.o)
 .debug_aranges
                0x00000000000001d8       0x30 ../bai8_bsp/\libhal_bsp.a(alt_irq_entry.o)
 .debug_aranges
                0x0000000000000208       0x20 ../bai8_bsp/\libhal_bsp.a(alt_irq_handler.o)
 .debug_aranges
                0x0000000000000228       0x18 ../bai8_bsp/\libhal_bsp.a(alt_irq_vars.o)
 .debug_aranges
                0x0000000000000240       0x20 ../bai8_bsp/\libhal_bsp.a(alt_load.o)
 .debug_aranges
                0x0000000000000260       0x20 ../bai8_bsp/\libhal_bsp.a(alt_main.o)
 .debug_aranges
                0x0000000000000280       0x20 ../bai8_bsp/\libhal_bsp.a(alt_write.o)
 .debug_aranges
                0x00000000000002a0       0x20 ../bai8_bsp/\libhal_bsp.a(alt_sys_init.o)
 .debug_aranges
                0x00000000000002c0       0x20 ../bai8_bsp/\libhal_bsp.a(altera_avalon_dma.o)
 .debug_aranges
                0x00000000000002e0       0x20 ../bai8_bsp/\libhal_bsp.a(altera_avalon_jtag_uart_fd.o)
 .debug_aranges
                0x0000000000000300       0x20 ../bai8_bsp/\libhal_bsp.a(altera_avalon_jtag_uart_read.o)
 .debug_aranges
                0x0000000000000320       0x20 ../bai8_bsp/\libhal_bsp.a(altera_avalon_jtag_uart_write.o)
 .debug_aranges
                0x0000000000000340       0x20 ../bai8_bsp/\libhal_bsp.a(alt_close.o)
 .debug_aranges
                0x0000000000000360       0x20 ../bai8_bsp/\libhal_bsp.a(alt_dcache_flush_all.o)
 .debug_aranges
                0x0000000000000380       0x20 ../bai8_bsp/\libhal_bsp.a(alt_dev.o)
 .debug_aranges
                0x00000000000003a0       0x20 ../bai8_bsp/\libhal_bsp.a(alt_dev_llist_insert.o)
 .debug_aranges
                0x00000000000003c0       0x20 ../bai8_bsp/\libhal_bsp.a(alt_dma_rxchan_open.o)
 .debug_aranges
                0x00000000000003e0       0x20 ../bai8_bsp/\libhal_bsp.a(alt_dma_txchan_open.o)
 .debug_aranges
                0x0000000000000400       0x20 ../bai8_bsp/\libhal_bsp.a(alt_do_ctors.o)
 .debug_aranges
                0x0000000000000420       0x20 ../bai8_bsp/\libhal_bsp.a(alt_do_dtors.o)
 .debug_aranges
                0x0000000000000440       0x18 ../bai8_bsp/\libhal_bsp.a(alt_errno.o)
 .debug_aranges
                0x0000000000000458       0x38 ../bai8_bsp/\libhal_bsp.a(alt_exception_entry.o)
 .debug_aranges
                0x0000000000000490       0x20 ../bai8_bsp/\libhal_bsp.a(alt_find_dev.o)
 .debug_aranges
                0x00000000000004b0       0x20 ../bai8_bsp/\libhal_bsp.a(alt_icache_flush_all.o)
 .debug_aranges
                0x00000000000004d0       0x28 ../bai8_bsp/\libhal_bsp.a(alt_instruction_exception_entry.o)
 .debug_aranges
                0x00000000000004f8       0x20 ../bai8_bsp/\libhal_bsp.a(alt_io_redirect.o)
 .debug_aranges
                0x0000000000000518       0x20 ../bai8_bsp/\libhal_bsp.a(alt_open.o)
 .debug_aranges
                0x0000000000000538       0x20 ../bai8_bsp/\libhal_bsp.a(alt_release_fd.o)
 .debug_aranges
                0x0000000000000558       0x20 ../bai8_bsp/\libhal_bsp.a(altera_nios2_gen2_irq.o)
 .debug_aranges
                0x0000000000000578       0x20 ../bai8_bsp/\libhal_bsp.a(alt_find_file.o)
 .debug_aranges
                0x0000000000000598       0x20 ../bai8_bsp/\libhal_bsp.a(alt_get_fd.o)
 .debug_aranges
                0x00000000000005b8       0x20 c:/intelfpga_lite/18.1/nios2eds/bin/gnu/h-x86_64-mingw32/bin/../lib/gcc/nios2-elf/5.3.0/../../../../../H-x86_64-mingw32/nios2-elf/lib/mno-hw-mul\libsmallc.a(lib_a-atexit.o)
 .debug_aranges
                0x00000000000005d8       0x20 c:/intelfpga_lite/18.1/nios2eds/bin/gnu/h-x86_64-mingw32/bin/../lib/gcc/nios2-elf/5.3.0/../../../../../H-x86_64-mingw32/nios2-elf/lib/mno-hw-mul\libsmallc.a(lib_a-exit.o)
 .debug_aranges
                0x00000000000005f8       0x20 c:/intelfpga_lite/18.1/nios2eds/bin/gnu/h-x86_64-mingw32/bin/../lib/gcc/nios2-elf/5.3.0/../../../../../H-x86_64-mingw32/nios2-elf/lib/mno-hw-mul\libsmallc.a(lib_a-memcmp.o)
 .debug_aranges
                0x0000000000000618       0x20 c:/intelfpga_lite/18.1/nios2eds/bin/gnu/h-x86_64-mingw32/bin/../lib/gcc/nios2-elf/5.3.0/../../../../../H-x86_64-mingw32/nios2-elf/lib/mno-hw-mul\libsmallc.a(lib_a-__atexit.o)
 .debug_aranges
                0x0000000000000638       0x20 c:/intelfpga_lite/18.1/nios2eds/bin/gnu/h-x86_64-mingw32/bin/../lib/gcc/nios2-elf/5.3.0/../../../../../H-x86_64-mingw32/nios2-elf/lib/mno-hw-mul\libsmallc.a(lib_a-__call_atexit.o)
 .debug_aranges
                0x0000000000000658       0x20 ../bai8_bsp/\libhal_bsp.a(alt_exit.o)

.debug_pubnames
 *(.debug_pubnames)

.debug_info     0x0000000000000000     0x901b
 *(.debug_info .gnu.linkonce.wi.*)
 .debug_info    0x0000000000000000       0x62 ../bai8_bsp//obj/HAL/src/crt0.o
 .debug_info    0x0000000000000062      0x11c obj/default/hello_world.o
 .debug_info    0x000000000000017e      0x699 c:/intelfpga_lite/18.1/nios2eds/bin/gnu/h-x86_64-mingw32/bin/../lib/gcc/nios2-elf/5.3.0/../../../../../H-x86_64-mingw32/nios2-elf/lib/mno-hw-mul\libsmallc.a(lib_a-printf.o)
 .debug_info    0x0000000000000817      0x66d c:/intelfpga_lite/18.1/nios2eds/bin/gnu/h-x86_64-mingw32/bin/../lib/gcc/nios2-elf/5.3.0/../../../../../H-x86_64-mingw32/nios2-elf/lib/mno-hw-mul\libsmallc.a(lib_a-puts.o)
 .debug_info    0x0000000000000e84       0xc9 c:/intelfpga_lite/18.1/nios2eds/bin/gnu/h-x86_64-mingw32/bin/../lib/gcc/nios2-elf/5.3.0/../../../../../H-x86_64-mingw32/nios2-elf/lib/mno-hw-mul\libsmallc.a(lib_a-strlen.o)
 .debug_info    0x0000000000000f4d      0xb2b c:/intelfpga_lite/18.1/nios2eds/bin/gnu/h-x86_64-mingw32/bin/../lib/gcc/nios2-elf/5.3.0/../../../../../H-x86_64-mingw32/nios2-elf/lib/mno-hw-mul\libsmallc.a(lib_a-vfprintf.o)
 .debug_info    0x0000000000001a78      0x62b c:/intelfpga_lite/18.1/nios2eds/bin/gnu/h-x86_64-mingw32/bin/../lib/gcc/nios2-elf/5.3.0/../../../../../H-x86_64-mingw32/nios2-elf/lib/mno-hw-mul\libsmallc.a(lib_a-fvwrite_small_dev.o)
 .debug_info    0x00000000000020a3      0x5a9 c:/intelfpga_lite/18.1/nios2eds/bin/gnu/h-x86_64-mingw32/bin/../lib/gcc/nios2-elf/5.3.0/../../../../../H-x86_64-mingw32/nios2-elf/lib/mno-hw-mul\libsmallc.a(lib_a-impure.o)
 .debug_info    0x000000000000264c      0x630 c:/intelfpga_lite/18.1/nios2eds/bin/gnu/h-x86_64-mingw32/bin/../lib/gcc/nios2-elf/5.3.0/../../../../../H-x86_64-mingw32/nios2-elf/lib/mno-hw-mul\libsmallc.a(lib_a-writer.o)
 .debug_info    0x0000000000002c7c       0x8a c:/intelfpga_lite/18.1/nios2eds/bin/gnu/h-x86_64-mingw32/bin/../lib/gcc/nios2-elf/5.3.0/../../../../../H-x86_64-mingw32/nios2-elf/lib/mno-hw-mul\libsmallc.a(lib_a-int_errno.o)
 .debug_info    0x0000000000002d06      0x2c6 c:/intelfpga_lite/18.1/nios2eds/bin/gnu/h-x86_64-mingw32/bin/../lib/gcc/nios2-elf/5.3.0/mno-hw-mul\libgcc.a(lib2-divmod.o)
 .debug_info    0x0000000000002fcc       0xb4 c:/intelfpga_lite/18.1/nios2eds/bin/gnu/h-x86_64-mingw32/bin/../lib/gcc/nios2-elf/5.3.0/mno-hw-mul\libgcc.a(lib2-mul.o)
 .debug_info    0x0000000000003080      0x350 ../bai8_bsp/\libhal_bsp.a(alt_iic.o)
 .debug_info    0x00000000000033d0      0x1ef ../bai8_bsp/\libhal_bsp.a(alt_iic_isr_register.o)
 .debug_info    0x00000000000035bf       0x6b ../bai8_bsp/\libhal_bsp.a(alt_irq_entry.o)
 .debug_info    0x000000000000362a      0x187 ../bai8_bsp/\libhal_bsp.a(alt_irq_handler.o)
 .debug_info    0x00000000000037b1       0x88 ../bai8_bsp/\libhal_bsp.a(alt_irq_vars.o)
 .debug_info    0x0000000000003839      0x145 ../bai8_bsp/\libhal_bsp.a(alt_load.o)
 .debug_info    0x000000000000397e      0x131 ../bai8_bsp/\libhal_bsp.a(alt_main.o)
 .debug_info    0x0000000000003aaf      0x4b7 ../bai8_bsp/\libhal_bsp.a(alt_write.o)
 .debug_info    0x0000000000003f66      0x771 ../bai8_bsp/\libhal_bsp.a(alt_sys_init.o)
 .debug_info    0x00000000000046d7      0xa3c ../bai8_bsp/\libhal_bsp.a(altera_avalon_dma.o)
 .debug_info    0x0000000000005113      0x3a7 ../bai8_bsp/\libhal_bsp.a(altera_avalon_jtag_uart_fd.o)
 .debug_info    0x00000000000054ba      0x1b2 ../bai8_bsp/\libhal_bsp.a(altera_avalon_jtag_uart_read.o)
 .debug_info    0x000000000000566c      0x195 ../bai8_bsp/\libhal_bsp.a(altera_avalon_jtag_uart_write.o)
 .debug_info    0x0000000000005801      0x321 ../bai8_bsp/\libhal_bsp.a(alt_close.o)
 .debug_info    0x0000000000005b22       0x92 ../bai8_bsp/\libhal_bsp.a(alt_dcache_flush_all.o)
 .debug_info    0x0000000000005bb4      0x49c ../bai8_bsp/\libhal_bsp.a(alt_dev.o)
 .debug_info    0x0000000000006050      0x1a9 ../bai8_bsp/\libhal_bsp.a(alt_dev_llist_insert.o)
 .debug_info    0x00000000000061f9      0x236 ../bai8_bsp/\libhal_bsp.a(alt_dma_rxchan_open.o)
 .debug_info    0x000000000000642f      0x24d ../bai8_bsp/\libhal_bsp.a(alt_dma_txchan_open.o)
 .debug_info    0x000000000000667c       0x83 ../bai8_bsp/\libhal_bsp.a(alt_do_ctors.o)
 .debug_info    0x00000000000066ff       0x83 ../bai8_bsp/\libhal_bsp.a(alt_do_dtors.o)
 .debug_info    0x0000000000006782       0xa6 ../bai8_bsp/\libhal_bsp.a(alt_errno.o)
 .debug_info    0x0000000000006828       0x71 ../bai8_bsp/\libhal_bsp.a(alt_exception_entry.o)
 .debug_info    0x0000000000006899      0x2e9 ../bai8_bsp/\libhal_bsp.a(alt_find_dev.o)
 .debug_info    0x0000000000006b82       0x92 ../bai8_bsp/\libhal_bsp.a(alt_icache_flush_all.o)
 .debug_info    0x0000000000006c14      0x1e7 ../bai8_bsp/\libhal_bsp.a(alt_instruction_exception_entry.o)
 .debug_info    0x0000000000006dfb      0x4a5 ../bai8_bsp/\libhal_bsp.a(alt_io_redirect.o)
 .debug_info    0x00000000000072a0      0x3bb ../bai8_bsp/\libhal_bsp.a(alt_open.o)
 .debug_info    0x000000000000765b      0x2b0 ../bai8_bsp/\libhal_bsp.a(alt_release_fd.o)
 .debug_info    0x000000000000790b       0x92 ../bai8_bsp/\libhal_bsp.a(altera_nios2_gen2_irq.o)
 .debug_info    0x000000000000799d      0x2e6 ../bai8_bsp/\libhal_bsp.a(alt_find_file.o)
 .debug_info    0x0000000000007c83      0x310 ../bai8_bsp/\libhal_bsp.a(alt_get_fd.o)
 .debug_info    0x0000000000007f93       0xfe c:/intelfpga_lite/18.1/nios2eds/bin/gnu/h-x86_64-mingw32/bin/../lib/gcc/nios2-elf/5.3.0/../../../../../H-x86_64-mingw32/nios2-elf/lib/mno-hw-mul\libsmallc.a(lib_a-atexit.o)
 .debug_info    0x0000000000008091       0xe5 c:/intelfpga_lite/18.1/nios2eds/bin/gnu/h-x86_64-mingw32/bin/../lib/gcc/nios2-elf/5.3.0/../../../../../H-x86_64-mingw32/nios2-elf/lib/mno-hw-mul\libsmallc.a(lib_a-exit.o)
 .debug_info    0x0000000000008176       0xf4 c:/intelfpga_lite/18.1/nios2eds/bin/gnu/h-x86_64-mingw32/bin/../lib/gcc/nios2-elf/5.3.0/../../../../../H-x86_64-mingw32/nios2-elf/lib/mno-hw-mul\libsmallc.a(lib_a-memcmp.o)
 .debug_info    0x000000000000826a      0x64a c:/intelfpga_lite/18.1/nios2eds/bin/gnu/h-x86_64-mingw32/bin/../lib/gcc/nios2-elf/5.3.0/../../../../../H-x86_64-mingw32/nios2-elf/lib/mno-hw-mul\libsmallc.a(lib_a-__atexit.o)
 .debug_info    0x00000000000088b4      0x67b c:/intelfpga_lite/18.1/nios2eds/bin/gnu/h-x86_64-mingw32/bin/../lib/gcc/nios2-elf/5.3.0/../../../../../H-x86_64-mingw32/nios2-elf/lib/mno-hw-mul\libsmallc.a(lib_a-__call_atexit.o)
 .debug_info    0x0000000000008f2f       0xec ../bai8_bsp/\libhal_bsp.a(alt_exit.o)

.debug_abbrev   0x0000000000000000     0x3004
 *(.debug_abbrev)
 .debug_abbrev  0x0000000000000000       0x12 ../bai8_bsp//obj/HAL/src/crt0.o
 .debug_abbrev  0x0000000000000012       0xd2 obj/default/hello_world.o
 .debug_abbrev  0x00000000000000e4      0x1ee c:/intelfpga_lite/18.1/nios2eds/bin/gnu/h-x86_64-mingw32/bin/../lib/gcc/nios2-elf/5.3.0/../../../../../H-x86_64-mingw32/nios2-elf/lib/mno-hw-mul\libsmallc.a(lib_a-printf.o)
 .debug_abbrev  0x00000000000002d2      0x1d6 c:/intelfpga_lite/18.1/nios2eds/bin/gnu/h-x86_64-mingw32/bin/../lib/gcc/nios2-elf/5.3.0/../../../../../H-x86_64-mingw32/nios2-elf/lib/mno-hw-mul\libsmallc.a(lib_a-puts.o)
 .debug_abbrev  0x00000000000004a8       0x7f c:/intelfpga_lite/18.1/nios2eds/bin/gnu/h-x86_64-mingw32/bin/../lib/gcc/nios2-elf/5.3.0/../../../../../H-x86_64-mingw32/nios2-elf/lib/mno-hw-mul\libsmallc.a(lib_a-strlen.o)
 .debug_abbrev  0x0000000000000527      0x2a1 c:/intelfpga_lite/18.1/nios2eds/bin/gnu/h-x86_64-mingw32/bin/../lib/gcc/nios2-elf/5.3.0/../../../../../H-x86_64-mingw32/nios2-elf/lib/mno-hw-mul\libsmallc.a(lib_a-vfprintf.o)
 .debug_abbrev  0x00000000000007c8      0x1bc c:/intelfpga_lite/18.1/nios2eds/bin/gnu/h-x86_64-mingw32/bin/../lib/gcc/nios2-elf/5.3.0/../../../../../H-x86_64-mingw32/nios2-elf/lib/mno-hw-mul\libsmallc.a(lib_a-fvwrite_small_dev.o)
 .debug_abbrev  0x0000000000000984      0x14a c:/intelfpga_lite/18.1/nios2eds/bin/gnu/h-x86_64-mingw32/bin/../lib/gcc/nios2-elf/5.3.0/../../../../../H-x86_64-mingw32/nios2-elf/lib/mno-hw-mul\libsmallc.a(lib_a-impure.o)
 .debug_abbrev  0x0000000000000ace      0x1a6 c:/intelfpga_lite/18.1/nios2eds/bin/gnu/h-x86_64-mingw32/bin/../lib/gcc/nios2-elf/5.3.0/../../../../../H-x86_64-mingw32/nios2-elf/lib/mno-hw-mul\libsmallc.a(lib_a-writer.o)
 .debug_abbrev  0x0000000000000c74       0x37 c:/intelfpga_lite/18.1/nios2eds/bin/gnu/h-x86_64-mingw32/bin/../lib/gcc/nios2-elf/5.3.0/../../../../../H-x86_64-mingw32/nios2-elf/lib/mno-hw-mul\libsmallc.a(lib_a-int_errno.o)
 .debug_abbrev  0x0000000000000cab      0x10e c:/intelfpga_lite/18.1/nios2eds/bin/gnu/h-x86_64-mingw32/bin/../lib/gcc/nios2-elf/5.3.0/mno-hw-mul\libgcc.a(lib2-divmod.o)
 .debug_abbrev  0x0000000000000db9       0x6f c:/intelfpga_lite/18.1/nios2eds/bin/gnu/h-x86_64-mingw32/bin/../lib/gcc/nios2-elf/5.3.0/mno-hw-mul\libgcc.a(lib2-mul.o)
 .debug_abbrev  0x0000000000000e28      0x163 ../bai8_bsp/\libhal_bsp.a(alt_iic.o)
 .debug_abbrev  0x0000000000000f8b      0x169 ../bai8_bsp/\libhal_bsp.a(alt_iic_isr_register.o)
 .debug_abbrev  0x00000000000010f4       0x12 ../bai8_bsp/\libhal_bsp.a(alt_irq_entry.o)
 .debug_abbrev  0x0000000000001106      0x122 ../bai8_bsp/\libhal_bsp.a(alt_irq_handler.o)
 .debug_abbrev  0x0000000000001228       0x40 ../bai8_bsp/\libhal_bsp.a(alt_irq_vars.o)
 .debug_abbrev  0x0000000000001268       0x9f ../bai8_bsp/\libhal_bsp.a(alt_load.o)
 .debug_abbrev  0x0000000000001307       0xba ../bai8_bsp/\libhal_bsp.a(alt_main.o)
 .debug_abbrev  0x00000000000013c1      0x133 ../bai8_bsp/\libhal_bsp.a(alt_write.o)
 .debug_abbrev  0x00000000000014f4      0x172 ../bai8_bsp/\libhal_bsp.a(alt_sys_init.o)
 .debug_abbrev  0x0000000000001666      0x284 ../bai8_bsp/\libhal_bsp.a(altera_avalon_dma.o)
 .debug_abbrev  0x00000000000018ea       0xf7 ../bai8_bsp/\libhal_bsp.a(altera_avalon_jtag_uart_fd.o)
 .debug_abbrev  0x00000000000019e1       0xd5 ../bai8_bsp/\libhal_bsp.a(altera_avalon_jtag_uart_read.o)
 .debug_abbrev  0x0000000000001ab6       0xd5 ../bai8_bsp/\libhal_bsp.a(altera_avalon_jtag_uart_write.o)
 .debug_abbrev  0x0000000000001b8b      0x11f ../bai8_bsp/\libhal_bsp.a(alt_close.o)
 .debug_abbrev  0x0000000000001caa       0x42 ../bai8_bsp/\libhal_bsp.a(alt_dcache_flush_all.o)
 .debug_abbrev  0x0000000000001cec       0xd9 ../bai8_bsp/\libhal_bsp.a(alt_dev.o)
 .debug_abbrev  0x0000000000001dc5      0x114 ../bai8_bsp/\libhal_bsp.a(alt_dev_llist_insert.o)
 .debug_abbrev  0x0000000000001ed9      0x104 ../bai8_bsp/\libhal_bsp.a(alt_dma_rxchan_open.o)
 .debug_abbrev  0x0000000000001fdd      0x109 ../bai8_bsp/\libhal_bsp.a(alt_dma_txchan_open.o)
 .debug_abbrev  0x00000000000020e6       0x79 ../bai8_bsp/\libhal_bsp.a(alt_do_ctors.o)
 .debug_abbrev  0x000000000000215f       0x79 ../bai8_bsp/\libhal_bsp.a(alt_do_dtors.o)
 .debug_abbrev  0x00000000000021d8       0x5a ../bai8_bsp/\libhal_bsp.a(alt_errno.o)
 .debug_abbrev  0x0000000000002232       0x12 ../bai8_bsp/\libhal_bsp.a(alt_exception_entry.o)
 .debug_abbrev  0x0000000000002244       0xf0 ../bai8_bsp/\libhal_bsp.a(alt_find_dev.o)
 .debug_abbrev  0x0000000000002334       0x42 ../bai8_bsp/\libhal_bsp.a(alt_icache_flush_all.o)
 .debug_abbrev  0x0000000000002376       0xdc ../bai8_bsp/\libhal_bsp.a(alt_instruction_exception_entry.o)
 .debug_abbrev  0x0000000000002452      0x114 ../bai8_bsp/\libhal_bsp.a(alt_io_redirect.o)
 .debug_abbrev  0x0000000000002566      0x148 ../bai8_bsp/\libhal_bsp.a(alt_open.o)
 .debug_abbrev  0x00000000000026ae       0xde ../bai8_bsp/\libhal_bsp.a(alt_release_fd.o)
 .debug_abbrev  0x000000000000278c       0x42 ../bai8_bsp/\libhal_bsp.a(altera_nios2_gen2_irq.o)
 .debug_abbrev  0x00000000000027ce       0xf0 ../bai8_bsp/\libhal_bsp.a(alt_find_file.o)
 .debug_abbrev  0x00000000000028be      0x10d ../bai8_bsp/\libhal_bsp.a(alt_get_fd.o)
 .debug_abbrev  0x00000000000029cb       0xaa c:/intelfpga_lite/18.1/nios2eds/bin/gnu/h-x86_64-mingw32/bin/../lib/gcc/nios2-elf/5.3.0/../../../../../H-x86_64-mingw32/nios2-elf/lib/mno-hw-mul\libsmallc.a(lib_a-atexit.o)
 .debug_abbrev  0x0000000000002a75       0x8b c:/intelfpga_lite/18.1/nios2eds/bin/gnu/h-x86_64-mingw32/bin/../lib/gcc/nios2-elf/5.3.0/../../../../../H-x86_64-mingw32/nios2-elf/lib/mno-hw-mul\libsmallc.a(lib_a-exit.o)
 .debug_abbrev  0x0000000000002b00       0x7f c:/intelfpga_lite/18.1/nios2eds/bin/gnu/h-x86_64-mingw32/bin/../lib/gcc/nios2-elf/5.3.0/../../../../../H-x86_64-mingw32/nios2-elf/lib/mno-hw-mul\libsmallc.a(lib_a-memcmp.o)
 .debug_abbrev  0x0000000000002b7f      0x1e6 c:/intelfpga_lite/18.1/nios2eds/bin/gnu/h-x86_64-mingw32/bin/../lib/gcc/nios2-elf/5.3.0/../../../../../H-x86_64-mingw32/nios2-elf/lib/mno-hw-mul\libsmallc.a(lib_a-__atexit.o)
 .debug_abbrev  0x0000000000002d65      0x1f6 c:/intelfpga_lite/18.1/nios2eds/bin/gnu/h-x86_64-mingw32/bin/../lib/gcc/nios2-elf/5.3.0/../../../../../H-x86_64-mingw32/nios2-elf/lib/mno-hw-mul\libsmallc.a(lib_a-__call_atexit.o)
 .debug_abbrev  0x0000000000002f5b       0xa9 ../bai8_bsp/\libhal_bsp.a(alt_exit.o)

.debug_line     0x0000000000000000     0x33df
 *(.debug_line)
 .debug_line    0x0000000000000000       0x66 ../bai8_bsp//obj/HAL/src/crt0.o
 .debug_line    0x0000000000000066       0x8e obj/default/hello_world.o
 .debug_line    0x00000000000000f4      0x203 c:/intelfpga_lite/18.1/nios2eds/bin/gnu/h-x86_64-mingw32/bin/../lib/gcc/nios2-elf/5.3.0/../../../../../H-x86_64-mingw32/nios2-elf/lib/mno-hw-mul\libsmallc.a(lib_a-printf.o)
 .debug_line    0x00000000000002f7      0x206 c:/intelfpga_lite/18.1/nios2eds/bin/gnu/h-x86_64-mingw32/bin/../lib/gcc/nios2-elf/5.3.0/../../../../../H-x86_64-mingw32/nios2-elf/lib/mno-hw-mul\libsmallc.a(lib_a-puts.o)
 .debug_line    0x00000000000004fd      0x15c c:/intelfpga_lite/18.1/nios2eds/bin/gnu/h-x86_64-mingw32/bin/../lib/gcc/nios2-elf/5.3.0/../../../../../H-x86_64-mingw32/nios2-elf/lib/mno-hw-mul\libsmallc.a(lib_a-strlen.o)
 .debug_line    0x0000000000000659      0x351 c:/intelfpga_lite/18.1/nios2eds/bin/gnu/h-x86_64-mingw32/bin/../lib/gcc/nios2-elf/5.3.0/../../../../../H-x86_64-mingw32/nios2-elf/lib/mno-hw-mul\libsmallc.a(lib_a-vfprintf.o)
 .debug_line    0x00000000000009aa      0x1f0 c:/intelfpga_lite/18.1/nios2eds/bin/gnu/h-x86_64-mingw32/bin/../lib/gcc/nios2-elf/5.3.0/../../../../../H-x86_64-mingw32/nios2-elf/lib/mno-hw-mul\libsmallc.a(lib_a-fvwrite_small_dev.o)
 .debug_line    0x0000000000000b9a      0x156 c:/intelfpga_lite/18.1/nios2eds/bin/gnu/h-x86_64-mingw32/bin/../lib/gcc/nios2-elf/5.3.0/../../../../../H-x86_64-mingw32/nios2-elf/lib/mno-hw-mul\libsmallc.a(lib_a-impure.o)
 .debug_line    0x0000000000000cf0      0x1ed c:/intelfpga_lite/18.1/nios2eds/bin/gnu/h-x86_64-mingw32/bin/../lib/gcc/nios2-elf/5.3.0/../../../../../H-x86_64-mingw32/nios2-elf/lib/mno-hw-mul\libsmallc.a(lib_a-writer.o)
 .debug_line    0x0000000000000edd       0x5f c:/intelfpga_lite/18.1/nios2eds/bin/gnu/h-x86_64-mingw32/bin/../lib/gcc/nios2-elf/5.3.0/../../../../../H-x86_64-mingw32/nios2-elf/lib/mno-hw-mul\libsmallc.a(lib_a-int_errno.o)
 .debug_line    0x0000000000000f3c      0x105 c:/intelfpga_lite/18.1/nios2eds/bin/gnu/h-x86_64-mingw32/bin/../lib/gcc/nios2-elf/5.3.0/mno-hw-mul\libgcc.a(lib2-divmod.o)
 .debug_line    0x0000000000001041       0x80 c:/intelfpga_lite/18.1/nios2eds/bin/gnu/h-x86_64-mingw32/bin/../lib/gcc/nios2-elf/5.3.0/mno-hw-mul\libgcc.a(lib2-mul.o)
 .debug_line    0x00000000000010c1       0xeb ../bai8_bsp/\libhal_bsp.a(alt_iic.o)
 .debug_line    0x00000000000011ac       0xdb ../bai8_bsp/\libhal_bsp.a(alt_iic_isr_register.o)
 .debug_line    0x0000000000001287       0x6b ../bai8_bsp/\libhal_bsp.a(alt_irq_entry.o)
 .debug_line    0x00000000000012f2       0xaa ../bai8_bsp/\libhal_bsp.a(alt_irq_handler.o)
 .debug_line    0x000000000000139c       0x50 ../bai8_bsp/\libhal_bsp.a(alt_irq_vars.o)
 .debug_line    0x00000000000013ec       0x8e ../bai8_bsp/\libhal_bsp.a(alt_load.o)
 .debug_line    0x000000000000147a       0xa4 ../bai8_bsp/\libhal_bsp.a(alt_main.o)
 .debug_line    0x000000000000151e      0x1db ../bai8_bsp/\libhal_bsp.a(alt_write.o)
 .debug_line    0x00000000000016f9      0x151 ../bai8_bsp/\libhal_bsp.a(alt_sys_init.o)
 .debug_line    0x000000000000184a      0x28b ../bai8_bsp/\libhal_bsp.a(altera_avalon_dma.o)
 .debug_line    0x0000000000001ad5      0x112 ../bai8_bsp/\libhal_bsp.a(altera_avalon_jtag_uart_fd.o)
 .debug_line    0x0000000000001be7       0xfd ../bai8_bsp/\libhal_bsp.a(altera_avalon_jtag_uart_read.o)
 .debug_line    0x0000000000001ce4       0xf4 ../bai8_bsp/\libhal_bsp.a(altera_avalon_jtag_uart_write.o)
 .debug_line    0x0000000000001dd8      0x165 ../bai8_bsp/\libhal_bsp.a(alt_close.o)
 .debug_line    0x0000000000001f3d       0x51 ../bai8_bsp/\libhal_bsp.a(alt_dcache_flush_all.o)
 .debug_line    0x0000000000001f8e       0xf8 ../bai8_bsp/\libhal_bsp.a(alt_dev.o)
 .debug_line    0x0000000000002086       0xcf ../bai8_bsp/\libhal_bsp.a(alt_dev_llist_insert.o)
 .debug_line    0x0000000000002155       0xdf ../bai8_bsp/\libhal_bsp.a(alt_dma_rxchan_open.o)
 .debug_line    0x0000000000002234       0xdf ../bai8_bsp/\libhal_bsp.a(alt_dma_txchan_open.o)
 .debug_line    0x0000000000002313       0x59 ../bai8_bsp/\libhal_bsp.a(alt_do_ctors.o)
 .debug_line    0x000000000000236c       0x59 ../bai8_bsp/\libhal_bsp.a(alt_do_dtors.o)
 .debug_line    0x00000000000023c5       0x51 ../bai8_bsp/\libhal_bsp.a(alt_errno.o)
 .debug_line    0x0000000000002416       0xb3 ../bai8_bsp/\libhal_bsp.a(alt_exception_entry.o)
 .debug_line    0x00000000000024c9       0xb5 ../bai8_bsp/\libhal_bsp.a(alt_find_dev.o)
 .debug_line    0x000000000000257e       0x4f ../bai8_bsp/\libhal_bsp.a(alt_icache_flush_all.o)
 .debug_line    0x00000000000025cd       0xb9 ../bai8_bsp/\libhal_bsp.a(alt_instruction_exception_entry.o)
 .debug_line    0x0000000000002686      0x135 ../bai8_bsp/\libhal_bsp.a(alt_io_redirect.o)
 .debug_line    0x00000000000027bb      0x12b ../bai8_bsp/\libhal_bsp.a(alt_open.o)
 .debug_line    0x00000000000028e6       0xb0 ../bai8_bsp/\libhal_bsp.a(alt_release_fd.o)
 .debug_line    0x0000000000002996       0x51 ../bai8_bsp/\libhal_bsp.a(altera_nios2_gen2_irq.o)
 .debug_line    0x00000000000029e7       0xd1 ../bai8_bsp/\libhal_bsp.a(alt_find_file.o)
 .debug_line    0x0000000000002ab8       0xd7 ../bai8_bsp/\libhal_bsp.a(alt_get_fd.o)
 .debug_line    0x0000000000002b8f       0xe7 c:/intelfpga_lite/18.1/nios2eds/bin/gnu/h-x86_64-mingw32/bin/../lib/gcc/nios2-elf/5.3.0/../../../../../H-x86_64-mingw32/nios2-elf/lib/mno-hw-mul\libsmallc.a(lib_a-atexit.o)
 .debug_line    0x0000000000002c76      0x159 c:/intelfpga_lite/18.1/nios2eds/bin/gnu/h-x86_64-mingw32/bin/../lib/gcc/nios2-elf/5.3.0/../../../../../H-x86_64-mingw32/nios2-elf/lib/mno-hw-mul\libsmallc.a(lib_a-exit.o)
 .debug_line    0x0000000000002dcf      0x160 c:/intelfpga_lite/18.1/nios2eds/bin/gnu/h-x86_64-mingw32/bin/../lib/gcc/nios2-elf/5.3.0/../../../../../H-x86_64-mingw32/nios2-elf/lib/mno-hw-mul\libsmallc.a(lib_a-memcmp.o)
 .debug_line    0x0000000000002f2f      0x20d c:/intelfpga_lite/18.1/nios2eds/bin/gnu/h-x86_64-mingw32/bin/../lib/gcc/nios2-elf/5.3.0/../../../../../H-x86_64-mingw32/nios2-elf/lib/mno-hw-mul\libsmallc.a(lib_a-__atexit.o)
 .debug_line    0x000000000000313c      0x232 c:/intelfpga_lite/18.1/nios2eds/bin/gnu/h-x86_64-mingw32/bin/../lib/gcc/nios2-elf/5.3.0/../../../../../H-x86_64-mingw32/nios2-elf/lib/mno-hw-mul\libsmallc.a(lib_a-__call_atexit.o)
 .debug_line    0x000000000000336e       0x71 ../bai8_bsp/\libhal_bsp.a(alt_exit.o)

.debug_frame    0x0000000000000000      0xe28
 *(.debug_frame)
 .debug_frame   0x0000000000000000       0x78 obj/default/hello_world.o
 .debug_frame   0x0000000000000078       0x48 c:/intelfpga_lite/18.1/nios2eds/bin/gnu/h-x86_64-mingw32/bin/../lib/gcc/nios2-elf/5.3.0/../../../../../H-x86_64-mingw32/nios2-elf/lib/mno-hw-mul\libsmallc.a(lib_a-printf.o)
 .debug_frame   0x00000000000000c0       0x48 c:/intelfpga_lite/18.1/nios2eds/bin/gnu/h-x86_64-mingw32/bin/../lib/gcc/nios2-elf/5.3.0/../../../../../H-x86_64-mingw32/nios2-elf/lib/mno-hw-mul\libsmallc.a(lib_a-puts.o)
 .debug_frame   0x0000000000000108       0x20 c:/intelfpga_lite/18.1/nios2eds/bin/gnu/h-x86_64-mingw32/bin/../lib/gcc/nios2-elf/5.3.0/../../../../../H-x86_64-mingw32/nios2-elf/lib/mno-hw-mul\libsmallc.a(lib_a-strlen.o)
 .debug_frame   0x0000000000000128       0x8c c:/intelfpga_lite/18.1/nios2eds/bin/gnu/h-x86_64-mingw32/bin/../lib/gcc/nios2-elf/5.3.0/../../../../../H-x86_64-mingw32/nios2-elf/lib/mno-hw-mul\libsmallc.a(lib_a-vfprintf.o)
 .debug_frame   0x00000000000001b4       0x58 c:/intelfpga_lite/18.1/nios2eds/bin/gnu/h-x86_64-mingw32/bin/../lib/gcc/nios2-elf/5.3.0/../../../../../H-x86_64-mingw32/nios2-elf/lib/mno-hw-mul\libsmallc.a(lib_a-fvwrite_small_dev.o)
 .debug_frame   0x000000000000020c       0x38 c:/intelfpga_lite/18.1/nios2eds/bin/gnu/h-x86_64-mingw32/bin/../lib/gcc/nios2-elf/5.3.0/../../../../../H-x86_64-mingw32/nios2-elf/lib/mno-hw-mul\libsmallc.a(lib_a-writer.o)
 .debug_frame   0x0000000000000244       0x50 c:/intelfpga_lite/18.1/nios2eds/bin/gnu/h-x86_64-mingw32/bin/../lib/gcc/nios2-elf/5.3.0/mno-hw-mul\libgcc.a(lib2-divmod.o)
 .debug_frame   0x0000000000000294       0x20 c:/intelfpga_lite/18.1/nios2eds/bin/gnu/h-x86_64-mingw32/bin/../lib/gcc/nios2-elf/5.3.0/mno-hw-mul\libgcc.a(lib2-mul.o)
 .debug_frame   0x00000000000002b4       0xa4 ../bai8_bsp/\libhal_bsp.a(alt_iic.o)
 .debug_frame   0x0000000000000358       0x38 ../bai8_bsp/\libhal_bsp.a(alt_iic_isr_register.o)
 .debug_frame   0x0000000000000390       0x38 ../bai8_bsp/\libhal_bsp.a(alt_irq_handler.o)
 .debug_frame   0x00000000000003c8       0x5c ../bai8_bsp/\libhal_bsp.a(alt_load.o)
 .debug_frame   0x0000000000000424       0x2c ../bai8_bsp/\libhal_bsp.a(alt_main.o)
 .debug_frame   0x0000000000000450       0x60 ../bai8_bsp/\libhal_bsp.a(alt_write.o)
 .debug_frame   0x00000000000004b0       0x88 ../bai8_bsp/\libhal_bsp.a(alt_sys_init.o)
 .debug_frame   0x0000000000000538      0x204 ../bai8_bsp/\libhal_bsp.a(altera_avalon_dma.o)
 .debug_frame   0x000000000000073c       0x60 ../bai8_bsp/\libhal_bsp.a(altera_avalon_jtag_uart_fd.o)
 .debug_frame   0x000000000000079c       0x34 ../bai8_bsp/\libhal_bsp.a(altera_avalon_jtag_uart_read.o)
 .debug_frame   0x00000000000007d0       0x34 ../bai8_bsp/\libhal_bsp.a(altera_avalon_jtag_uart_write.o)
 .debug_frame   0x0000000000000804       0x60 ../bai8_bsp/\libhal_bsp.a(alt_close.o)
 .debug_frame   0x0000000000000864       0x34 ../bai8_bsp/\libhal_bsp.a(alt_dcache_flush_all.o)
 .debug_frame   0x0000000000000898       0x34 ../bai8_bsp/\libhal_bsp.a(alt_dev.o)
 .debug_frame   0x00000000000008cc       0x60 ../bai8_bsp/\libhal_bsp.a(alt_dev_llist_insert.o)
 .debug_frame   0x000000000000092c       0x60 ../bai8_bsp/\libhal_bsp.a(alt_dma_rxchan_open.o)
 .debug_frame   0x000000000000098c       0x60 ../bai8_bsp/\libhal_bsp.a(alt_dma_txchan_open.o)
 .debug_frame   0x00000000000009ec       0x38 ../bai8_bsp/\libhal_bsp.a(alt_do_ctors.o)
 .debug_frame   0x0000000000000a24       0x38 ../bai8_bsp/\libhal_bsp.a(alt_do_dtors.o)
 .debug_frame   0x0000000000000a5c       0x38 ../bai8_bsp/\libhal_bsp.a(alt_find_dev.o)
 .debug_frame   0x0000000000000a94       0x34 ../bai8_bsp/\libhal_bsp.a(alt_icache_flush_all.o)
 .debug_frame   0x0000000000000ac8       0x5c ../bai8_bsp/\libhal_bsp.a(alt_instruction_exception_entry.o)
 .debug_frame   0x0000000000000b24       0x64 ../bai8_bsp/\libhal_bsp.a(alt_io_redirect.o)
 .debug_frame   0x0000000000000b88       0x8c ../bai8_bsp/\libhal_bsp.a(alt_open.o)
 .debug_frame   0x0000000000000c14       0x3c ../bai8_bsp/\libhal_bsp.a(alt_release_fd.o)
 .debug_frame   0x0000000000000c50       0x34 ../bai8_bsp/\libhal_bsp.a(altera_nios2_gen2_irq.o)
 .debug_frame   0x0000000000000c84       0x38 ../bai8_bsp/\libhal_bsp.a(alt_find_file.o)
 .debug_frame   0x0000000000000cbc       0x3c ../bai8_bsp/\libhal_bsp.a(alt_get_fd.o)
 .debug_frame   0x0000000000000cf8       0x20 c:/intelfpga_lite/18.1/nios2eds/bin/gnu/h-x86_64-mingw32/bin/../lib/gcc/nios2-elf/5.3.0/../../../../../H-x86_64-mingw32/nios2-elf/lib/mno-hw-mul\libsmallc.a(lib_a-atexit.o)
 .debug_frame   0x0000000000000d18       0x28 c:/intelfpga_lite/18.1/nios2eds/bin/gnu/h-x86_64-mingw32/bin/../lib/gcc/nios2-elf/5.3.0/../../../../../H-x86_64-mingw32/nios2-elf/lib/mno-hw-mul\libsmallc.a(lib_a-exit.o)
 .debug_frame   0x0000000000000d40       0x20 c:/intelfpga_lite/18.1/nios2eds/bin/gnu/h-x86_64-mingw32/bin/../lib/gcc/nios2-elf/5.3.0/../../../../../H-x86_64-mingw32/nios2-elf/lib/mno-hw-mul\libsmallc.a(lib_a-memcmp.o)
 .debug_frame   0x0000000000000d60       0x48 c:/intelfpga_lite/18.1/nios2eds/bin/gnu/h-x86_64-mingw32/bin/../lib/gcc/nios2-elf/5.3.0/../../../../../H-x86_64-mingw32/nios2-elf/lib/mno-hw-mul\libsmallc.a(lib_a-__atexit.o)
 .debug_frame   0x0000000000000da8       0x54 c:/intelfpga_lite/18.1/nios2eds/bin/gnu/h-x86_64-mingw32/bin/../lib/gcc/nios2-elf/5.3.0/../../../../../H-x86_64-mingw32/nios2-elf/lib/mno-hw-mul\libsmallc.a(lib_a-__call_atexit.o)
 .debug_frame   0x0000000000000dfc       0x2c ../bai8_bsp/\libhal_bsp.a(alt_exit.o)

.debug_str      0x0000000000000000     0x2022
 *(.debug_str)
 .debug_str     0x0000000000000000      0x120 obj/default/hello_world.o
                                        0x15e (size before relaxing)
 .debug_str     0x0000000000000120      0x421 c:/intelfpga_lite/18.1/nios2eds/bin/gnu/h-x86_64-mingw32/bin/../lib/gcc/nios2-elf/5.3.0/../../../../../H-x86_64-mingw32/nios2-elf/lib/mno-hw-mul\libsmallc.a(lib_a-printf.o)
                                        0x504 (size before relaxing)
 .debug_str     0x0000000000000541       0x63 c:/intelfpga_lite/18.1/nios2eds/bin/gnu/h-x86_64-mingw32/bin/../lib/gcc/nios2-elf/5.3.0/../../../../../H-x86_64-mingw32/nios2-elf/lib/mno-hw-mul\libsmallc.a(lib_a-puts.o)
                                        0x4cd (size before relaxing)
 .debug_str     0x00000000000005a4       0xd2 c:/intelfpga_lite/18.1/nios2eds/bin/gnu/h-x86_64-mingw32/bin/../lib/gcc/nios2-elf/5.3.0/../../../../../H-x86_64-mingw32/nios2-elf/lib/mno-hw-mul\libsmallc.a(lib_a-strlen.o)
                                        0x1e5 (size before relaxing)
 .debug_str     0x0000000000000676      0x1f8 c:/intelfpga_lite/18.1/nios2eds/bin/gnu/h-x86_64-mingw32/bin/../lib/gcc/nios2-elf/5.3.0/../../../../../H-x86_64-mingw32/nios2-elf/lib/mno-hw-mul\libsmallc.a(lib_a-vfprintf.o)
                                        0x67f (size before relaxing)
 .debug_str     0x000000000000086e       0x63 c:/intelfpga_lite/18.1/nios2eds/bin/gnu/h-x86_64-mingw32/bin/../lib/gcc/nios2-elf/5.3.0/../../../../../H-x86_64-mingw32/nios2-elf/lib/mno-hw-mul\libsmallc.a(lib_a-fvwrite_small_dev.o)
                                        0x4d4 (size before relaxing)
 .debug_str     0x00000000000008d1       0xef c:/intelfpga_lite/18.1/nios2eds/bin/gnu/h-x86_64-mingw32/bin/../lib/gcc/nios2-elf/5.3.0/../../../../../H-x86_64-mingw32/nios2-elf/lib/mno-hw-mul\libsmallc.a(lib_a-impure.o)
                                        0x4be (size before relaxing)
 .debug_str     0x00000000000009c0       0x45 c:/intelfpga_lite/18.1/nios2eds/bin/gnu/h-x86_64-mingw32/bin/../lib/gcc/nios2-elf/5.3.0/../../../../../H-x86_64-mingw32/nios2-elf/lib/mno-hw-mul\libsmallc.a(lib_a-writer.o)
                                        0x4b8 (size before relaxing)
 .debug_str     0x0000000000000a05       0x3f c:/intelfpga_lite/18.1/nios2eds/bin/gnu/h-x86_64-mingw32/bin/../lib/gcc/nios2-elf/5.3.0/../../../../../H-x86_64-mingw32/nios2-elf/lib/mno-hw-mul\libsmallc.a(lib_a-int_errno.o)
                                        0x1d8 (size before relaxing)
 .debug_str     0x0000000000000a44      0x187 c:/intelfpga_lite/18.1/nios2eds/bin/gnu/h-x86_64-mingw32/bin/../lib/gcc/nios2-elf/5.3.0/mno-hw-mul\libgcc.a(lib2-divmod.o)
                                        0x1d2 (size before relaxing)
 .debug_str     0x0000000000000bcb       0x40 c:/intelfpga_lite/18.1/nios2eds/bin/gnu/h-x86_64-mingw32/bin/../lib/gcc/nios2-elf/5.3.0/mno-hw-mul\libgcc.a(lib2-mul.o)
                                        0x193 (size before relaxing)
 .debug_str     0x0000000000000c0b      0x125 ../bai8_bsp/\libhal_bsp.a(alt_iic.o)
                                        0x232 (size before relaxing)
 .debug_str     0x0000000000000d30       0x4c ../bai8_bsp/\libhal_bsp.a(alt_iic_isr_register.o)
                                        0x1dc (size before relaxing)
 .debug_str     0x0000000000000d7c       0x3a ../bai8_bsp/\libhal_bsp.a(alt_irq_handler.o)
                                        0x18b (size before relaxing)
 .debug_str     0x0000000000000db6       0x17 ../bai8_bsp/\libhal_bsp.a(alt_irq_vars.o)
                                        0x12e (size before relaxing)
 .debug_str     0x0000000000000dcd       0xe9 ../bai8_bsp/\libhal_bsp.a(alt_load.o)
                                        0x206 (size before relaxing)
 .debug_str     0x0000000000000eb6       0x70 ../bai8_bsp/\libhal_bsp.a(alt_main.o)
                                        0x191 (size before relaxing)
 .debug_str     0x0000000000000f26      0x14f ../bai8_bsp/\libhal_bsp.a(alt_write.o)
                                        0x2ec (size before relaxing)
 .debug_str     0x0000000000001075      0x2a0 ../bai8_bsp/\libhal_bsp.a(alt_sys_init.o)
                                        0x4a2 (size before relaxing)
 .debug_str     0x0000000000001315      0x17e ../bai8_bsp/\libhal_bsp.a(altera_avalon_dma.o)
                                        0x515 (size before relaxing)
 .debug_str     0x0000000000001493       0x71 ../bai8_bsp/\libhal_bsp.a(altera_avalon_jtag_uart_fd.o)
                                        0x2c9 (size before relaxing)
 .debug_str     0x0000000000001504       0x48 ../bai8_bsp/\libhal_bsp.a(altera_avalon_jtag_uart_read.o)
                                        0x213 (size before relaxing)
 .debug_str     0x000000000000154c       0x4a ../bai8_bsp/\libhal_bsp.a(altera_avalon_jtag_uart_write.o)
                                        0x209 (size before relaxing)
 .debug_str     0x0000000000001596       0x1b ../bai8_bsp/\libhal_bsp.a(alt_close.o)
                                        0x1ff (size before relaxing)
 .debug_str     0x00000000000015b1       0x34 ../bai8_bsp/\libhal_bsp.a(alt_dcache_flush_all.o)
                                        0x149 (size before relaxing)
 .debug_str     0x00000000000015e5       0x50 ../bai8_bsp/\libhal_bsp.a(alt_dev.o)
                                        0x2f9 (size before relaxing)
 .debug_str     0x0000000000001635       0x45 ../bai8_bsp/\libhal_bsp.a(alt_dev_llist_insert.o)
                                        0x1c0 (size before relaxing)
 .debug_str     0x000000000000167a       0x32 ../bai8_bsp/\libhal_bsp.a(alt_dma_rxchan_open.o)
                                        0x22b (size before relaxing)
 .debug_str     0x00000000000016ac       0x32 ../bai8_bsp/\libhal_bsp.a(alt_dma_txchan_open.o)
                                        0x22d (size before relaxing)
 .debug_str     0x00000000000016de       0x48 ../bai8_bsp/\libhal_bsp.a(alt_do_ctors.o)
                                         0xc4 (size before relaxing)
 .debug_str     0x0000000000001726       0x4c ../bai8_bsp/\libhal_bsp.a(alt_do_dtors.o)
                                         0xc3 (size before relaxing)
 .debug_str     0x0000000000001772       0x14 ../bai8_bsp/\libhal_bsp.a(alt_errno.o)
                                        0x139 (size before relaxing)
 .debug_str     0x0000000000001786       0x24 ../bai8_bsp/\libhal_bsp.a(alt_find_dev.o)
                                        0x1e0 (size before relaxing)
 .debug_str     0x00000000000017aa       0x34 ../bai8_bsp/\libhal_bsp.a(alt_icache_flush_all.o)
                                        0x149 (size before relaxing)
 .debug_str     0x00000000000017de      0x48b ../bai8_bsp/\libhal_bsp.a(alt_instruction_exception_entry.o)
                                        0x594 (size before relaxing)
 .debug_str     0x0000000000001c69       0x56 ../bai8_bsp/\libhal_bsp.a(alt_io_redirect.o)
                                        0x30a (size before relaxing)
 .debug_str     0x0000000000001cbf       0x2f ../bai8_bsp/\libhal_bsp.a(alt_open.o)
                                        0x23f (size before relaxing)
 .debug_str     0x0000000000001cee       0x28 ../bai8_bsp/\libhal_bsp.a(alt_release_fd.o)
                                        0x1c7 (size before relaxing)
 .debug_str     0x0000000000001d16       0x3b ../bai8_bsp/\libhal_bsp.a(altera_nios2_gen2_irq.o)
                                        0x150 (size before relaxing)
 .debug_str     0x0000000000001d51       0x26 ../bai8_bsp/\libhal_bsp.a(alt_find_file.o)
                                        0x1ee (size before relaxing)
 .debug_str     0x0000000000001d77       0x30 ../bai8_bsp/\libhal_bsp.a(alt_get_fd.o)
                                        0x210 (size before relaxing)
 .debug_str     0x0000000000001da7      0x116 c:/intelfpga_lite/18.1/nios2eds/bin/gnu/h-x86_64-mingw32/bin/../lib/gcc/nios2-elf/5.3.0/../../../../../H-x86_64-mingw32/nios2-elf/lib/mno-hw-mul\libsmallc.a(lib_a-atexit.o)
                                        0x21c (size before relaxing)
 .debug_str     0x0000000000001ebd       0x4c c:/intelfpga_lite/18.1/nios2eds/bin/gnu/h-x86_64-mingw32/bin/../lib/gcc/nios2-elf/5.3.0/../../../../../H-x86_64-mingw32/nios2-elf/lib/mno-hw-mul\libsmallc.a(lib_a-exit.o)
                                        0x1f0 (size before relaxing)
 .debug_str     0x0000000000001f09       0x44 c:/intelfpga_lite/18.1/nios2eds/bin/gnu/h-x86_64-mingw32/bin/../lib/gcc/nios2-elf/5.3.0/../../../../../H-x86_64-mingw32/nios2-elf/lib/mno-hw-mul\libsmallc.a(lib_a-memcmp.o)
                                        0x1df (size before relaxing)
 .debug_str     0x0000000000001f4d       0x46 c:/intelfpga_lite/18.1/nios2eds/bin/gnu/h-x86_64-mingw32/bin/../lib/gcc/nios2-elf/5.3.0/../../../../../H-x86_64-mingw32/nios2-elf/lib/mno-hw-mul\libsmallc.a(lib_a-__atexit.o)
                                        0x4ff (size before relaxing)
 .debug_str     0x0000000000001f93       0x65 c:/intelfpga_lite/18.1/nios2eds/bin/gnu/h-x86_64-mingw32/bin/../lib/gcc/nios2-elf/5.3.0/../../../../../H-x86_64-mingw32/nios2-elf/lib/mno-hw-mul\libsmallc.a(lib_a-__call_atexit.o)
                                        0x4eb (size before relaxing)
 .debug_str     0x0000000000001ff8       0x2a ../bai8_bsp/\libhal_bsp.a(alt_exit.o)
                                        0x145 (size before relaxing)

.debug_loc      0x0000000000000000     0x15da
 *(.debug_loc)
 .debug_loc     0x0000000000000000       0xc6 c:/intelfpga_lite/18.1/nios2eds/bin/gnu/h-x86_64-mingw32/bin/../lib/gcc/nios2-elf/5.3.0/../../../../../H-x86_64-mingw32/nios2-elf/lib/mno-hw-mul\libsmallc.a(lib_a-printf.o)
 .debug_loc     0x00000000000000c6       0x97 c:/intelfpga_lite/18.1/nios2eds/bin/gnu/h-x86_64-mingw32/bin/../lib/gcc/nios2-elf/5.3.0/../../../../../H-x86_64-mingw32/nios2-elf/lib/mno-hw-mul\libsmallc.a(lib_a-puts.o)
 .debug_loc     0x000000000000015d       0x1e c:/intelfpga_lite/18.1/nios2eds/bin/gnu/h-x86_64-mingw32/bin/../lib/gcc/nios2-elf/5.3.0/../../../../../H-x86_64-mingw32/nios2-elf/lib/mno-hw-mul\libsmallc.a(lib_a-strlen.o)
 .debug_loc     0x000000000000017b      0x954 c:/intelfpga_lite/18.1/nios2eds/bin/gnu/h-x86_64-mingw32/bin/../lib/gcc/nios2-elf/5.3.0/../../../../../H-x86_64-mingw32/nios2-elf/lib/mno-hw-mul\libsmallc.a(lib_a-vfprintf.o)
 .debug_loc     0x0000000000000acf      0x110 c:/intelfpga_lite/18.1/nios2eds/bin/gnu/h-x86_64-mingw32/bin/../lib/gcc/nios2-elf/5.3.0/../../../../../H-x86_64-mingw32/nios2-elf/lib/mno-hw-mul\libsmallc.a(lib_a-fvwrite_small_dev.o)
 .debug_loc     0x0000000000000bdf       0xa5 c:/intelfpga_lite/18.1/nios2eds/bin/gnu/h-x86_64-mingw32/bin/../lib/gcc/nios2-elf/5.3.0/../../../../../H-x86_64-mingw32/nios2-elf/lib/mno-hw-mul\libsmallc.a(lib_a-writer.o)
 .debug_loc     0x0000000000000c84      0x4ce c:/intelfpga_lite/18.1/nios2eds/bin/gnu/h-x86_64-mingw32/bin/../lib/gcc/nios2-elf/5.3.0/mno-hw-mul\libgcc.a(lib2-divmod.o)
 .debug_loc     0x0000000000001152       0x93 c:/intelfpga_lite/18.1/nios2eds/bin/gnu/h-x86_64-mingw32/bin/../lib/gcc/nios2-elf/5.3.0/mno-hw-mul\libgcc.a(lib2-mul.o)
 .debug_loc     0x00000000000011e5       0x2c c:/intelfpga_lite/18.1/nios2eds/bin/gnu/h-x86_64-mingw32/bin/../lib/gcc/nios2-elf/5.3.0/../../../../../H-x86_64-mingw32/nios2-elf/lib/mno-hw-mul\libsmallc.a(lib_a-atexit.o)
 .debug_loc     0x0000000000001211       0x1e c:/intelfpga_lite/18.1/nios2eds/bin/gnu/h-x86_64-mingw32/bin/../lib/gcc/nios2-elf/5.3.0/../../../../../H-x86_64-mingw32/nios2-elf/lib/mno-hw-mul\libsmallc.a(lib_a-exit.o)
 .debug_loc     0x000000000000122f       0x94 c:/intelfpga_lite/18.1/nios2eds/bin/gnu/h-x86_64-mingw32/bin/../lib/gcc/nios2-elf/5.3.0/../../../../../H-x86_64-mingw32/nios2-elf/lib/mno-hw-mul\libsmallc.a(lib_a-memcmp.o)
 .debug_loc     0x00000000000012c3      0x1c0 c:/intelfpga_lite/18.1/nios2eds/bin/gnu/h-x86_64-mingw32/bin/../lib/gcc/nios2-elf/5.3.0/../../../../../H-x86_64-mingw32/nios2-elf/lib/mno-hw-mul\libsmallc.a(lib_a-__atexit.o)
 .debug_loc     0x0000000000001483      0x157 c:/intelfpga_lite/18.1/nios2eds/bin/gnu/h-x86_64-mingw32/bin/../lib/gcc/nios2-elf/5.3.0/../../../../../H-x86_64-mingw32/nios2-elf/lib/mno-hw-mul\libsmallc.a(lib_a-__call_atexit.o)

.debug_macinfo
 *(.debug_macinfo)

.debug_weaknames
 *(.debug_weaknames)

.debug_funcnames
 *(.debug_funcnames)

.debug_typenames
 *(.debug_typenames)

.debug_varnames
 *(.debug_varnames)

.debug_alt_sim_info
                0x0000000000000000       0x10
 *(.debug_alt_sim_info)
 .debug_alt_sim_info
                0x0000000000000000       0x10 ../bai8_bsp//obj/HAL/src/crt0.o
                0x0000000000010000                __alt_data_end = 0x10000
                0x0000000000010000                PROVIDE (__alt_stack_pointer, __alt_data_end)
                [!provide]                        PROVIDE (__alt_stack_limit, __alt_stack_base)
                [!provide]                        PROVIDE (__alt_heap_start, end)
                [!provide]                        PROVIDE (__alt_heap_limit, 0x10000)
OUTPUT(bai8.elf elf32-littlenios2)

.debug_ranges   0x0000000000000000      0x2c0
 .debug_ranges  0x0000000000000000       0x20 ../bai8_bsp//obj/HAL/src/crt0.o
 .debug_ranges  0x0000000000000020       0x18 c:/intelfpga_lite/18.1/nios2eds/bin/gnu/h-x86_64-mingw32/bin/../lib/gcc/nios2-elf/5.3.0/../../../../../H-x86_64-mingw32/nios2-elf/lib/mno-hw-mul\libsmallc.a(lib_a-printf.o)
 .debug_ranges  0x0000000000000038       0x18 c:/intelfpga_lite/18.1/nios2eds/bin/gnu/h-x86_64-mingw32/bin/../lib/gcc/nios2-elf/5.3.0/../../../../../H-x86_64-mingw32/nios2-elf/lib/mno-hw-mul\libsmallc.a(lib_a-puts.o)
 .debug_ranges  0x0000000000000050       0x10 c:/intelfpga_lite/18.1/nios2eds/bin/gnu/h-x86_64-mingw32/bin/../lib/gcc/nios2-elf/5.3.0/../../../../../H-x86_64-mingw32/nios2-elf/lib/mno-hw-mul\libsmallc.a(lib_a-strlen.o)
 .debug_ranges  0x0000000000000060       0xc8 c:/intelfpga_lite/18.1/nios2eds/bin/gnu/h-x86_64-mingw32/bin/../lib/gcc/nios2-elf/5.3.0/../../../../../H-x86_64-mingw32/nios2-elf/lib/mno-hw-mul\libsmallc.a(lib_a-vfprintf.o)
 .debug_ranges  0x0000000000000128       0x28 c:/intelfpga_lite/18.1/nios2eds/bin/gnu/h-x86_64-mingw32/bin/../lib/gcc/nios2-elf/5.3.0/../../../../../H-x86_64-mingw32/nios2-elf/lib/mno-hw-mul\libsmallc.a(lib_a-fvwrite_small_dev.o)
 .debug_ranges  0x0000000000000150       0x10 c:/intelfpga_lite/18.1/nios2eds/bin/gnu/h-x86_64-mingw32/bin/../lib/gcc/nios2-elf/5.3.0/../../../../../H-x86_64-mingw32/nios2-elf/lib/mno-hw-mul\libsmallc.a(lib_a-writer.o)