Archive member included to satisfy reference by file (symbol)

c:/intelfpga_lite/18.1/nios2eds/bin/gnu/h-x86_64-mingw32/bin/../lib/gcc/nios2-elf/5.3.0/mno-hw-mul\libgcc.a(lib2-divmod.o)
                              obj/default/hello_world.o (__divsi3)
c:/intelfpga_lite/18.1/nios2eds/bin/gnu/h-x86_64-mingw32/bin/../lib/gcc/nios2-elf/5.3.0/mno-hw-mul\libgcc.a(lib2-mul.o)
                              obj/default/hello_world.o (__mulsi3)
c:/intelfpga_lite/18.1/nios2eds/bin/gnu/h-x86_64-mingw32/bin/../lib/gcc/nios2-elf/5.3.0/../../../../../H-x86_64-mingw32/nios2-elf/lib/mno-hw-mul\libsmallc.a(lib_a-puts.o)
                              obj/default/hello_world.o (puts)
c:/intelfpga_lite/18.1/nios2eds/bin/gnu/h-x86_64-mingw32/bin/../lib/gcc/nios2-elf/5.3.0/../../../../../H-x86_64-mingw32/nios2-elf/lib/mno-hw-mul\libsmallc.a(lib_a-strlen.o)
                              c:/intelfpga_lite/18.1/nios2eds/bin/gnu/h-x86_64-mingw32/bin/../lib/gcc/nios2-elf/5.3.0/../../../../../H-x86_64-mingw32/nios2-elf/lib/mno-hw-mul\libsmallc.a(lib_a-puts.o) (strlen)
c:/intelfpga_lite/18.1/nios2eds/bin/gnu/h-x86_64-mingw32/bin/../lib/gcc/nios2-elf/5.3.0/../../../../../H-x86_64-mingw32/nios2-elf/lib/mno-hw-mul\libsmallc.a(lib_a-fvwrite_small_dev.o)
                              c:/intelfpga_lite/18.1/nios2eds/bin/gnu/h-x86_64-mingw32/bin/../lib/gcc/nios2-elf/5.3.0/../../../../../H-x86_64-mingw32/nios2-elf/lib/mno-hw-mul\libsmallc.a(lib_a-puts.o) (__sfvwrite_small_dev)
c:/intelfpga_lite/18.1/nios2eds/bin/gnu/h-x86_64-mingw32/bin/../lib/gcc/nios2-elf/5.3.0/../../../../../H-x86_64-mingw32/nios2-elf/lib/mno-hw-mul\libsmallc.a(lib_a-impure.o)
                              c:/intelfpga_lite/18.1/nios2eds/bin/gnu/h-x86_64-mingw32/bin/../lib/gcc/nios2-elf/5.3.0/../../../../../H-x86_64-mingw32/nios2-elf/lib/mno-hw-mul\libsmallc.a(lib_a-puts.o) (_impure_ptr)
c:/intelfpga_lite/18.1/nios2eds/bin/gnu/h-x86_64-mingw32/bin/../lib/gcc/nios2-elf/5.3.0/../../../../../H-x86_64-mingw32/nios2-elf/lib/mno-hw-mul\libsmallc.a(lib_a-writer.o)
                              c:/intelfpga_lite/18.1/nios2eds/bin/gnu/h-x86_64-mingw32/bin/../lib/gcc/nios2-elf/5.3.0/../../../../../H-x86_64-mingw32/nios2-elf/lib/mno-hw-mul\libsmallc.a(lib_a-fvwrite_small_dev.o) (_write_r)
c:/intelfpga_lite/18.1/nios2eds/bin/gnu/h-x86_64-mingw32/bin/../lib/gcc/nios2-elf/5.3.0/../../../../../H-x86_64-mingw32/nios2-elf/lib/mno-hw-mul\libsmallc.a(lib_a-int_errno.o)
                              c:/intelfpga_lite/18.1/nios2eds/bin/gnu/h-x86_64-mingw32/bin/../lib/gcc/nios2-elf/5.3.0/../../../../../H-x86_64-mingw32/nios2-elf/lib/mno-hw-mul\libsmallc.a(lib_a-writer.o) (errno)
../Bai03_bsp/\libhal_bsp.a(alt_load.o)
                              ../Bai03_bsp//obj/HAL/src/crt0.o (alt_load)
../Bai03_bsp/\libhal_bsp.a(alt_main.o)
                              ../Bai03_bsp//obj/HAL/src/crt0.o (alt_main)
../Bai03_bsp/\libhal_bsp.a(alt_write.o)
                              c:/intelfpga_lite/18.1/nios2eds/bin/gnu/h-x86_64-mingw32/bin/../lib/gcc/nios2-elf/5.3.0/../../../../../H-x86_64-mingw32/nios2-elf/lib/mno-hw-mul\libsmallc.a(lib_a-writer.o) (write)
../Bai03_bsp/\libhal_bsp.a(alt_sys_init.o)
                              ../Bai03_bsp/\libhal_bsp.a(alt_main.o) (alt_irq_init)
../Bai03_bsp/\libhal_bsp.a(altera_avalon_jtag_uart_fd.o)
                              ../Bai03_bsp/\libhal_bsp.a(alt_sys_init.o) (altera_avalon_jtag_uart_read_fd)
../Bai03_bsp/\libhal_bsp.a(altera_avalon_jtag_uart_read.o)
                              ../Bai03_bsp/\libhal_bsp.a(altera_avalon_jtag_uart_fd.o) (altera_avalon_jtag_uart_read)
../Bai03_bsp/\libhal_bsp.a(altera_avalon_jtag_uart_write.o)
                              ../Bai03_bsp/\libhal_bsp.a(altera_avalon_jtag_uart_fd.o) (altera_avalon_jtag_uart_write)
../Bai03_bsp/\libhal_bsp.a(altera_avalon_timer_sc.o)
                              ../Bai03_bsp/\libhal_bsp.a(alt_sys_init.o) (alt_avalon_timer_sc_init)
../Bai03_bsp/\libhal_bsp.a(alt_close.o)
                              ../Bai03_bsp/\libhal_bsp.a(alt_main.o) (close)
../Bai03_bsp/\libhal_bsp.a(alt_dcache_flush_all.o)
                              ../Bai03_bsp/\libhal_bsp.a(alt_load.o) (alt_dcache_flush_all)
../Bai03_bsp/\libhal_bsp.a(alt_dev.o)
                              ../Bai03_bsp/\libhal_bsp.a(alt_sys_init.o) (alt_dev_list)
../Bai03_bsp/\libhal_bsp.a(alt_dev_llist_insert.o)
                              ../Bai03_bsp/\libhal_bsp.a(alt_sys_init.o) (alt_dev_llist_insert)
../Bai03_bsp/\libhal_bsp.a(alt_do_ctors.o)
                              ../Bai03_bsp/\libhal_bsp.a(alt_main.o) (_do_ctors)
../Bai03_bsp/\libhal_bsp.a(alt_do_dtors.o)
                              ../Bai03_bsp/\libhal_bsp.a(alt_main.o) (_do_dtors)
../Bai03_bsp/\libhal_bsp.a(alt_errno.o)
                              ../Bai03_bsp/\libhal_bsp.a(alt_write.o) (alt_errno)
../Bai03_bsp/\libhal_bsp.a(alt_icache_flush_all.o)
                              ../Bai03_bsp/\libhal_bsp.a(alt_load.o) (alt_icache_flush_all)
../Bai03_bsp/\libhal_bsp.a(alt_iic.o)
                              ../Bai03_bsp/\libhal_bsp.a(altera_avalon_timer_sc.o) (alt_ic_isr_register)
../Bai03_bsp/\libhal_bsp.a(alt_iic_isr_register.o)
                              ../Bai03_bsp/\libhal_bsp.a(alt_iic.o) (alt_iic_isr_register)
../Bai03_bsp/\libhal_bsp.a(alt_io_redirect.o)
                              ../Bai03_bsp/\libhal_bsp.a(alt_main.o) (alt_io_redirect)
../Bai03_bsp/\libhal_bsp.a(alt_irq_entry.o)
                              ../Bai03_bsp/\libhal_bsp.a(alt_iic_isr_register.o) (alt_irq_entry)
../Bai03_bsp/\libhal_bsp.a(alt_irq_handler.o)
                              ../Bai03_bsp/\libhal_bsp.a(alt_iic_isr_register.o) (alt_irq)
../Bai03_bsp/\libhal_bsp.a(alt_irq_vars.o)
                              ../Bai03_bsp/\libhal_bsp.a(alt_iic.o) (alt_irq_active)
../Bai03_bsp/\libhal_bsp.a(alt_open.o)
                              ../Bai03_bsp/\libhal_bsp.a(alt_io_redirect.o) (open)
../Bai03_bsp/\libhal_bsp.a(alt_release_fd.o)
                              ../Bai03_bsp/\libhal_bsp.a(alt_close.o) (alt_release_fd)
../Bai03_bsp/\libhal_bsp.a(alt_tick.o)
                              ../Bai03_bsp/\libhal_bsp.a(altera_avalon_timer_sc.o) (_alt_tick_rate)
../Bai03_bsp/\libhal_bsp.a(altera_nios2_gen2_irq.o)
                              ../Bai03_bsp/\libhal_bsp.a(alt_sys_init.o) (altera_nios2_gen2_irq_init)
../Bai03_bsp/\libhal_bsp.a(alt_exception_entry.o)
                              ../Bai03_bsp/\libhal_bsp.a(alt_irq_entry.o) (alt_exception)
../Bai03_bsp/\libhal_bsp.a(alt_find_dev.o)
                              ../Bai03_bsp/\libhal_bsp.a(alt_open.o) (alt_find_dev)
../Bai03_bsp/\libhal_bsp.a(alt_find_file.o)
                              ../Bai03_bsp/\libhal_bsp.a(alt_open.o) (alt_find_file)
../Bai03_bsp/\libhal_bsp.a(alt_get_fd.o)
                              ../Bai03_bsp/\libhal_bsp.a(alt_open.o) (alt_get_fd)
../Bai03_bsp/\libhal_bsp.a(alt_instruction_exception_entry.o)
                              ../Bai03_bsp/\libhal_bsp.a(alt_exception_entry.o) (alt_instruction_exception_entry)
c:/intelfpga_lite/18.1/nios2eds/bin/gnu/h-x86_64-mingw32/bin/../lib/gcc/nios2-elf/5.3.0/../../../../../H-x86_64-mingw32/nios2-elf/lib/mno-hw-mul\libsmallc.a(lib_a-atexit.o)
                              ../Bai03_bsp/\libhal_bsp.a(alt_main.o) (atexit)
c:/intelfpga_lite/18.1/nios2eds/bin/gnu/h-x86_64-mingw32/bin/../lib/gcc/nios2-elf/5.3.0/../../../../../H-x86_64-mingw32/nios2-elf/lib/mno-hw-mul\libsmallc.a(lib_a-exit.o)
                              ../Bai03_bsp/\libhal_bsp.a(alt_main.o) (exit)
c:/intelfpga_lite/18.1/nios2eds/bin/gnu/h-x86_64-mingw32/bin/../lib/gcc/nios2-elf/5.3.0/../../../../../H-x86_64-mingw32/nios2-elf/lib/mno-hw-mul\libsmallc.a(lib_a-memcmp.o)
                              ../Bai03_bsp/\libhal_bsp.a(alt_find_dev.o) (memcmp)
c:/intelfpga_lite/18.1/nios2eds/bin/gnu/h-x86_64-mingw32/bin/../lib/gcc/nios2-elf/5.3.0/../../../../../H-x86_64-mingw32/nios2-elf/lib/mno-hw-mul\libsmallc.a(lib_a-__atexit.o)
                              c:/intelfpga_lite/18.1/nios2eds/bin/gnu/h-x86_64-mingw32/bin/../lib/gcc/nios2-elf/5.3.0/../../../../../H-x86_64-mingw32/nios2-elf/lib/mno-hw-mul\libsmallc.a(lib_a-atexit.o) (__register_exitproc)
c:/intelfpga_lite/18.1/nios2eds/bin/gnu/h-x86_64-mingw32/bin/../lib/gcc/nios2-elf/5.3.0/../../../../../H-x86_64-mingw32/nios2-elf/lib/mno-hw-mul\libsmallc.a(lib_a-__call_atexit.o)
                              c:/intelfpga_lite/18.1/nios2eds/bin/gnu/h-x86_64-mingw32/bin/../lib/gcc/nios2-elf/5.3.0/../../../../../H-x86_64-mingw32/nios2-elf/lib/mno-hw-mul\libsmallc.a(lib_a-exit.o) (__call_exitprocs)
../Bai03_bsp/\libhal_bsp.a(alt_exit.o)
                              c:/intelfpga_lite/18.1/nios2eds/bin/gnu/h-x86_64-mingw32/bin/../lib/gcc/nios2-elf/5.3.0/../../../../../H-x86_64-mingw32/nios2-elf/lib/mno-hw-mul\libsmallc.a(lib_a-exit.o) (_exit)

Allocating common symbols
Common symbol       size              file

alt_irq             0x100             ../Bai03_bsp/\libhal_bsp.a(alt_irq_handler.o)
errno               0x4               c:/intelfpga_lite/18.1/nios2eds/bin/gnu/h-x86_64-mingw32/bin/../lib/gcc/nios2-elf/5.3.0/../../../../../H-x86_64-mingw32/nios2-elf/lib/mno-hw-mul\libsmallc.a(lib_a-int_errno.o)

Memory Configuration

Name             Origin             Length             Attributes
reset            0x0000000000008000 0x0000000000000020
onchip_memory2_0 0x0000000000008020 0x0000000000007fe0
*default*        0x0000000000000000 0xffffffffffffffff

Linker script and memory map

LOAD ../Bai03_bsp//obj/HAL/src/crt0.o
LOAD obj/default/hello_world.o
LOAD c:/intelfpga_lite/18.1/nios2eds/bin/gnu/h-x86_64-mingw32/bin/../lib/gcc/nios2-elf/5.3.0/../../../../../H-x86_64-mingw32/nios2-elf/lib/mno-hw-mul\libstdc++.a
LOAD c:/intelfpga_lite/18.1/nios2eds/bin/gnu/h-x86_64-mingw32/bin/../lib/gcc/nios2-elf/5.3.0/../../../../../H-x86_64-mingw32/nios2-elf/lib/mno-hw-mul\libm.a
LOAD c:/intelfpga_lite/18.1/nios2eds/bin/gnu/h-x86_64-mingw32/bin/../lib/gcc/nios2-elf/5.3.0/mno-hw-mul\libgcc.a
START GROUP
LOAD c:/intelfpga_lite/18.1/nios2eds/bin/gnu/h-x86_64-mingw32/bin/../lib/gcc/nios2-elf/5.3.0/../../../../../H-x86_64-mingw32/nios2-elf/lib/mno-hw-mul\libsmallc.a
LOAD c:/intelfpga_lite/18.1/nios2eds/bin/gnu/h-x86_64-mingw32/bin/../lib/gcc/nios2-elf/5.3.0/mno-hw-mul\libgcc.a
LOAD ../Bai03_bsp/\libhal_bsp.a
LOAD c:/intelfpga_lite/18.1/nios2eds/bin/gnu/h-x86_64-mingw32/bin/../lib/gcc/nios2-elf/5.3.0/../../../../../H-x86_64-mingw32/nios2-elf/lib/mno-hw-mul\libm.a
END GROUP
LOAD c:/intelfpga_lite/18.1/nios2eds/bin/gnu/h-x86_64-mingw32/bin/../lib/gcc/nios2-elf/5.3.0/mno-hw-mul\libgcc.a
                0x0000000000008000                __alt_mem_onchip_memory2_0 = 0x8000

.entry          0x0000000000008000       0x20
 *(.entry)
 .entry         0x0000000000008000       0x20 ../Bai03_bsp//obj/HAL/src/crt0.o
                0x0000000000008000                __reset

.exceptions     0x0000000000008020      0x210
                0x0000000000008020                PROVIDE (__ram_exceptions_start, ABSOLUTE (.))
                0x0000000000008020                . = ALIGN (0x20)
 *(.irq)
 *(.exceptions.entry.label)
 .exceptions.entry.label
                0x0000000000008020        0x0 ../Bai03_bsp/\libhal_bsp.a(alt_irq_entry.o)
                0x0000000000008020                alt_irq_entry
 .exceptions.entry.label
                0x0000000000008020        0x0 ../Bai03_bsp/\libhal_bsp.a(alt_exception_entry.o)
                0x0000000000008020                alt_exception
 *(.exceptions.entry.user)
 *(.exceptions.entry.ecc_fatal)
 *(.exceptions.entry)
 .exceptions.entry
                0x0000000000008020       0x54 ../Bai03_bsp/\libhal_bsp.a(alt_exception_entry.o)
 *(.exceptions.irqtest.user)
 *(.exceptions.irqtest)
 .exceptions.irqtest
                0x0000000000008074       0x10 ../Bai03_bsp/\libhal_bsp.a(alt_irq_entry.o)
 *(.exceptions.irqhandler.user)
 *(.exceptions.irqhandler)
 .exceptions.irqhandler
                0x0000000000008084        0x4 ../Bai03_bsp/\libhal_bsp.a(alt_irq_entry.o)
 *(.exceptions.irqreturn.user)
 *(.exceptions.irqreturn)
 .exceptions.irqreturn
                0x0000000000008088        0x4 ../Bai03_bsp/\libhal_bsp.a(alt_irq_entry.o)
 *(.exceptions.notirq.label)
 .exceptions.notirq.label
                0x000000000000808c        0x0 ../Bai03_bsp/\libhal_bsp.a(alt_irq_entry.o)
 *(.exceptions.notirq.user)
 *(.exceptions.notirq)
 .exceptions.notirq
                0x000000000000808c        0x8 ../Bai03_bsp/\libhal_bsp.a(alt_exception_entry.o)
 *(.exceptions.soft.user)
 *(.exceptions.soft)
 *(.exceptions.unknown.user)
 *(.exceptions.unknown)
 .exceptions.unknown
                0x0000000000008094       0x14 ../Bai03_bsp/\libhal_bsp.a(alt_exception_entry.o)
 *(.exceptions.exit.label)
 .exceptions.exit.label
                0x00000000000080a8        0x0 ../Bai03_bsp/\libhal_bsp.a(alt_irq_entry.o)
 .exceptions.exit.label
                0x00000000000080a8        0x0 ../Bai03_bsp/\libhal_bsp.a(alt_exception_entry.o)
 *(.exceptions.exit.user)
 *(.exceptions.exit)
 .exceptions.exit
                0x00000000000080a8       0x54 ../Bai03_bsp/\libhal_bsp.a(alt_exception_entry.o)
 *(.exceptions)
 .exceptions    0x00000000000080fc       0xd4 ../Bai03_bsp/\libhal_bsp.a(alt_irq_handler.o)
                0x00000000000080fc                alt_irq_handler
 .exceptions    0x00000000000081d0       0x60 ../Bai03_bsp/\libhal_bsp.a(alt_instruction_exception_entry.o)
                0x00000000000081d0                alt_instruction_exception_entry
                0x0000000000008230                PROVIDE (__ram_exceptions_end, ABSOLUTE (.))
                0x0000000000008020                PROVIDE (__flash_exceptions_start, LOADADDR (.exceptions))

.text           0x0000000000008230     0x1fb4
                [!provide]                        PROVIDE (stext, ABSOLUTE (.))
 *(.interp)
 *(.hash)
 *(.dynsym)
 *(.dynstr)
 *(.gnu.version)
 *(.gnu.version_d)
 *(.gnu.version_r)
 *(.rel.init)
 *(.rela.init)
 *(.rel.text .rel.text.* .rel.gnu.linkonce.t.*)
 *(.rela.text .rela.text.* .rela.gnu.linkonce.t.*)
 *(.rel.fini)
 *(.rela.fini)
 *(.rel.rodata .rel.rodata.* .rel.gnu.linkonce.r.*)
 *(.rela.rodata .rela.rodata.* .rela.gnu.linkonce.r.*)
 *(.rel.data .rel.data.* .rel.gnu.linkonce.d.*)
 *(.rela.data .rela.data.* .rela.gnu.linkonce.d.*)
 *(.rel.tdata .rel.tdata.* .rel.gnu.linkonce.td.*)
 *(.rela.tdata .rela.tdata.* .rela.gnu.linkonce.td.*)
 *(.rel.tbss .rel.tbss.* .rel.gnu.linkonce.tb.*)
 *(.rela.tbss .rela.tbss.* .rela.gnu.linkonce.tb.*)
 *(.rel.ctors)
 *(.rela.ctors)
 *(.rel.dtors)
 *(.rela.dtors)
 *(.rel.got)
 *(.rela.got)
 *(.rel.sdata .rel.sdata.* .rel.gnu.linkonce.s.*)
 *(.rela.sdata .rela.sdata.* .rela.gnu.linkonce.s.*)
 *(.rel.sbss .rel.sbss.* .rel.gnu.linkonce.sb.*)
 *(.rela.sbss .rela.sbss.* .rela.gnu.linkonce.sb.*)
 *(.rel.sdata2 .rel.sdata2.* .rel.gnu.linkonce.s2.*)
 *(.rela.sdata2 .rela.sdata2.* .rela.gnu.linkonce.s2.*)
 *(.rel.sbss2 .rel.sbss2.* .rel.gnu.linkonce.sb2.*)
 *(.rela.sbss2 .rela.sbss2.* .rela.gnu.linkonce.sb2.*)
 *(.rel.bss .rel.bss.* .rel.gnu.linkonce.b.*)
 *(.rela.bss .rela.bss.* .rela.gnu.linkonce.b.*)
 *(.rel.plt)
 *(.rela.plt)
 *(.rel.dyn)
 *(.init)
 *(.plt)
 *(.text .stub .text.* .gnu.linkonce.t.*)
 .text          0x0000000000008230       0x3c ../Bai03_bsp//obj/HAL/src/crt0.o
                0x0000000000008230                _start
 .text          0x000000000000826c      0x2e4 obj/default/hello_world.o
                0x000000000000826c                main
 .text          0x0000000000008550      0x1b4 c:/intelfpga_lite/18.1/nios2eds/bin/gnu/h-x86_64-mingw32/bin/../lib/gcc/nios2-elf/5.3.0/mno-hw-mul\libgcc.a(lib2-divmod.o)
                0x0000000000008550                __divsi3
                0x00000000000085d4                __modsi3
                0x0000000000008648                __udivsi3
                0x00000000000086ac                __umodsi3
 .text          0x0000000000008704       0x28 c:/intelfpga_lite/18.1/nios2eds/bin/gnu/h-x86_64-mingw32/bin/../lib/gcc/nios2-elf/5.3.0/mno-hw-mul\libgcc.a(lib2-mul.o)
                0x0000000000008704                __mulsi3
 .text          0x000000000000872c        0x0 c:/intelfpga_lite/18.1/nios2eds/bin/gnu/h-x86_64-mingw32/bin/../lib/gcc/nios2-elf/5.3.0/../../../../../H-x86_64-mingw32/nios2-elf/lib/mno-hw-mul\libsmallc.a(lib_a-puts.o)
 .text._puts_r  0x000000000000872c       0x80 c:/intelfpga_lite/18.1/nios2eds/bin/gnu/h-x86_64-mingw32/bin/../lib/gcc/nios2-elf/5.3.0/../../../../../H-x86_64-mingw32/nios2-elf/lib/mno-hw-mul\libsmallc.a(lib_a-puts.o)
                0x000000000000872c                _puts_r
 .text.puts     0x00000000000087ac       0x14 c:/intelfpga_lite/18.1/nios2eds/bin/gnu/h-x86_64-mingw32/bin/../lib/gcc/nios2-elf/5.3.0/../../../../../H-x86_64-mingw32/nios2-elf/lib/mno-hw-mul\libsmallc.a(lib_a-puts.o)
                0x00000000000087ac                puts
 .text          0x00000000000087c0        0x0 c:/intelfpga_lite/18.1/nios2eds/bin/gnu/h-x86_64-mingw32/bin/../lib/gcc/nios2-elf/5.3.0/../../../../../H-x86_64-mingw32/nios2-elf/lib/mno-hw-mul\libsmallc.a(lib_a-strlen.o)
 .text.strlen   0x00000000000087c0       0x1c c:/intelfpga_lite/18.1/nios2eds/bin/gnu/h-x86_64-mingw32/bin/../lib/gcc/nios2-elf/5.3.0/../../../../../H-x86_64-mingw32/nios2-elf/lib/mno-hw-mul\libsmallc.a(lib_a-strlen.o)
                0x00000000000087c0                strlen
 .text          0x00000000000087dc        0x0 c:/intelfpga_lite/18.1/nios2eds/bin/gnu/h-x86_64-mingw32/bin/../lib/gcc/nios2-elf/5.3.0/../../../../../H-x86_64-mingw32/nios2-elf/lib/mno-hw-mul\libsmallc.a(lib_a-fvwrite_small_dev.o)
 .text.__sfvwrite_small_dev
                0x00000000000087dc       0xb8 c:/intelfpga_lite/18.1/nios2eds/bin/gnu/h-x86_64-mingw32/bin/../lib/gcc/nios2-elf/5.3.0/../../../../../H-x86_64-mingw32/nios2-elf/lib/mno-hw-mul\libsmallc.a(lib_a-fvwrite_small_dev.o)
                0x00000000000087dc                __sfvwrite_small_dev
 .text          0x0000000000008894        0x0 c:/intelfpga_lite/18.1/nios2eds/bin/gnu/h-x86_64-mingw32/bin/../lib/gcc/nios2-elf/5.3.0/../../../../../H-x86_64-mingw32/nios2-elf/lib/mno-hw-mul\libsmallc.a(lib_a-impure.o)
 .text          0x0000000000008894        0x0 c:/intelfpga_lite/18.1/nios2eds/bin/gnu/h-x86_64-mingw32/bin/../lib/gcc/nios2-elf/5.3.0/../../../../../H-x86_64-mingw32/nios2-elf/lib/mno-hw-mul\libsmallc.a(lib_a-writer.o)
 .text._write_r
                0x0000000000008894       0x58 c:/intelfpga_lite/18.1/nios2eds/bin/gnu/h-x86_64-mingw32/bin/../lib/gcc/nios2-elf/5.3.0/../../../../../H-x86_64-mingw32/nios2-elf/lib/mno-hw-mul\libsmallc.a(lib_a-writer.o)
                0x0000000000008894                _write_r
 .text          0x00000000000088ec        0x0 c:/intelfpga_lite/18.1/nios2eds/bin/gnu/h-x86_64-mingw32/bin/../lib/gcc/nios2-elf/5.3.0/../../../../../H-x86_64-mingw32/nios2-elf/lib/mno-hw-mul\libsmallc.a(lib_a-int_errno.o)
 .text          0x00000000000088ec       0xec ../Bai03_bsp/\libhal_bsp.a(alt_load.o)
                0x0000000000008954                alt_load
 .text          0x00000000000089d8       0x7c ../Bai03_bsp/\libhal_bsp.a(alt_main.o)
                0x00000000000089d8                alt_main
 .text          0x0000000000008a54      0x13c ../Bai03_bsp/\libhal_bsp.a(alt_write.o)
                0x0000000000008a90                write
 .text          0x0000000000008b90       0xb8 ../Bai03_bsp/\libhal_bsp.a(alt_sys_init.o)
                0x0000000000008bc4                alt_irq_init
                0x0000000000008bfc                alt_sys_init
 .text          0x0000000000008c48       0xc0 ../Bai03_bsp/\libhal_bsp.a(altera_avalon_jtag_uart_fd.o)
                0x0000000000008c48                altera_avalon_jtag_uart_read_fd
                0x0000000000008ca8                altera_avalon_jtag_uart_write_fd
 .text          0x0000000000008d08       0xec ../Bai03_bsp/\libhal_bsp.a(altera_avalon_jtag_uart_read.o)
                0x0000000000008d08                altera_avalon_jtag_uart_read
 .text          0x0000000000008df4       0x94 ../Bai03_bsp/\libhal_bsp.a(altera_avalon_jtag_uart_write.o)
                0x0000000000008df4                altera_avalon_jtag_uart_write
 .text          0x0000000000008e88       0xf4 ../Bai03_bsp/\libhal_bsp.a(altera_avalon_timer_sc.o)
                0x0000000000008f00                alt_avalon_timer_sc_init
 .text          0x0000000000008f7c      0x114 ../Bai03_bsp/\libhal_bsp.a(alt_close.o)
                0x0000000000008fb8                close
 .text          0x0000000000009090       0x20 ../Bai03_bsp/\libhal_bsp.a(alt_dcache_flush_all.o)
                0x0000000000009090                alt_dcache_flush_all
 .text          0x00000000000090b0       0x2c ../Bai03_bsp/\libhal_bsp.a(alt_dev.o)
 .text          0x00000000000090dc       0xe0 ../Bai03_bsp/\libhal_bsp.a(alt_dev_llist_insert.o)
                0x0000000000009118                alt_dev_llist_insert
 .text          0x00000000000091bc       0x60 ../Bai03_bsp/\libhal_bsp.a(alt_do_ctors.o)
                0x00000000000091bc                _do_ctors
 .text          0x000000000000921c       0x60 ../Bai03_bsp/\libhal_bsp.a(alt_do_dtors.o)
                0x000000000000921c                _do_dtors
 .text          0x000000000000927c        0x0 ../Bai03_bsp/\libhal_bsp.a(alt_errno.o)
 .text          0x000000000000927c       0x20 ../Bai03_bsp/\libhal_bsp.a(alt_icache_flush_all.o)
                0x000000000000927c                alt_icache_flush_all
 .text          0x000000000000929c      0x1b0 ../Bai03_bsp/\libhal_bsp.a(alt_iic.o)
                0x000000000000929c                alt_ic_isr_register
                0x00000000000092ec                alt_ic_irq_enable
                0x0000000000009374                alt_ic_irq_disable
                0x0000000000009400                alt_ic_irq_enabled
 .text          0x000000000000944c       0xf0 ../Bai03_bsp/\libhal_bsp.a(alt_iic_isr_register.o)
                0x000000000000944c                alt_iic_isr_register
 .text          0x000000000000953c      0x160 ../Bai03_bsp/\libhal_bsp.a(alt_io_redirect.o)
                0x0000000000009620                alt_io_redirect
 .text          0x000000000000969c        0x0 ../Bai03_bsp/\libhal_bsp.a(alt_irq_entry.o)
 .text          0x000000000000969c        0x0 ../Bai03_bsp/\libhal_bsp.a(alt_irq_handler.o)
 .text          0x000000000000969c        0x0 ../Bai03_bsp/\libhal_bsp.a(alt_irq_vars.o)
 .text          0x000000000000969c      0x284 ../Bai03_bsp/\libhal_bsp.a(alt_open.o)
                0x00000000000097c4                open
 .text          0x0000000000009920       0x84 ../Bai03_bsp/\libhal_bsp.a(alt_release_fd.o)
                0x0000000000009920                alt_release_fd
 .text          0x00000000000099a4      0x1a4 ../Bai03_bsp/\libhal_bsp.a(alt_tick.o)
                0x00000000000099a4                alt_alarm_stop
                0x0000000000009a40                alt_tick
 .text          0x0000000000009b48       0x24 ../Bai03_bsp/\libhal_bsp.a(altera_nios2_gen2_irq.o)
                0x0000000000009b48                altera_nios2_gen2_irq_init
 .text          0x0000000000009b6c        0x0 ../Bai03_bsp/\libhal_bsp.a(alt_exception_entry.o)
 .text          0x0000000000009b6c       0x90 ../Bai03_bsp/\libhal_bsp.a(alt_find_dev.o)
                0x0000000000009b6c                alt_find_dev
 .text          0x0000000000009bfc      0x108 ../Bai03_bsp/\libhal_bsp.a(alt_find_file.o)
                0x0000000000009bfc                alt_find_file
 .text          0x0000000000009d04       0xc4 ../Bai03_bsp/\libhal_bsp.a(alt_get_fd.o)
                0x0000000000009d04                alt_get_fd
 .text          0x0000000000009dc8       0x9c ../Bai03_bsp/\libhal_bsp.a(alt_instruction_exception_entry.o)
                0x0000000000009dc8                alt_exception_cause_generated_bad_addr
 .text          0x0000000000009e64        0x0 c:/intelfpga_lite/18.1/nios2eds/bin/gnu/h-x86_64-mingw32/bin/../lib/gcc/nios2-elf/5.3.0/../../../../../H-x86_64-mingw32/nios2-elf/lib/mno-hw-mul\libsmallc.a(lib_a-atexit.o)
 .text.atexit   0x0000000000009e64       0x14 c:/intelfpga_lite/18.1/nios2eds/bin/gnu/h-x86_64-mingw32/bin/../lib/gcc/nios2-elf/5.3.0/../../../../../H-x86_64-mingw32/nios2-elf/lib/mno-hw-mul\libsmallc.a(lib_a-atexit.o)
                0x0000000000009e64                atexit
 .text          0x0000000000009e78        0x0 c:/intelfpga_lite/18.1/nios2eds/bin/gnu/h-x86_64-mingw32/bin/../lib/gcc/nios2-elf/5.3.0/../../../../../H-x86_64-mingw32/nios2-elf/lib/mno-hw-mul\libsmallc.a(lib_a-exit.o)
 .text.exit     0x0000000000009e78       0x20 c:/intelfpga_lite/18.1/nios2eds/bin/gnu/h-x86_64-mingw32/bin/../lib/gcc/nios2-elf/5.3.0/../../../../../H-x86_64-mingw32/nios2-elf/lib/mno-hw-mul\libsmallc.a(lib_a-exit.o)
                0x0000000000009e78                exit
 .text          0x0000000000009e98        0x0 c:/intelfpga_lite/18.1/nios2eds/bin/gnu/h-x86_64-mingw32/bin/../lib/gcc/nios2-elf/5.3.0/../../../../../H-x86_64-mingw32/nios2-elf/lib/mno-hw-mul\libsmallc.a(lib_a-memcmp.o)
 .text.memcmp   0x0000000000009e98       0x30 c:/intelfpga_lite/18.1/nios2eds/bin/gnu/h-x86_64-mingw32/bin/../lib/gcc/nios2-elf/5.3.0/../../../../../H-x86_64-mingw32/nios2-elf/lib/mno-hw-mul\libsmallc.a(lib_a-memcmp.o)
                0x0000000000009e98                memcmp
 .text          0x0000000000009ec8        0x0 c:/intelfpga_lite/18.1/nios2eds/bin/gnu/h-x86_64-mingw32/bin/../lib/gcc/nios2-elf/5.3.0/../../../../../H-x86_64-mingw32/nios2-elf/lib/mno-hw-mul\libsmallc.a(lib_a-__atexit.o)
 .text.__register_exitproc
                0x0000000000009ec8      0x158 c:/intelfpga_lite/18.1/nios2eds/bin/gnu/h-x86_64-mingw32/bin/../lib/gcc/nios2-elf/5.3.0/../../../../../H-x86_64-mingw32/nios2-elf/lib/mno-hw-mul\libsmallc.a(lib_a-__atexit.o)
                0x0000000000009ec8                __register_exitproc
 .text          0x000000000000a020        0x0 c:/intelfpga_lite/18.1/nios2eds/bin/gnu/h-x86_64-mingw32/bin/../lib/gcc/nios2-elf/5.3.0/../../../../../H-x86_64-mingw32/nios2-elf/lib/mno-hw-mul\libsmallc.a(lib_a-__call_atexit.o)
 .text.__call_exitprocs
                0x000000000000a020      0x190 c:/intelfpga_lite/18.1/nios2eds/bin/gnu/h-x86_64-mingw32/bin/../lib/gcc/nios2-elf/5.3.0/../../../../../H-x86_64-mingw32/nios2-elf/lib/mno-hw-mul\libsmallc.a(lib_a-__call_atexit.o)
                0x000000000000a020                __call_exitprocs
 .text          0x000000000000a1b0       0x34 ../Bai03_bsp/\libhal_bsp.a(alt_exit.o)
                0x000000000000a1b0                _exit
 *(.gnu.warning.*)
 *(.fini)
                [!provide]                        PROVIDE (__etext, ABSOLUTE (.))
                [!provide]                        PROVIDE (_etext, ABSOLUTE (.))
                [!provide]                        PROVIDE (etext, ABSOLUTE (.))
 *(.eh_frame_hdr)
                0x000000000000a1e4                . = ALIGN (0x4)
                [!provide]                        PROVIDE (__preinit_array_start, ABSOLUTE (.))
 *(.preinit_array)
                [!provide]                        PROVIDE (__preinit_array_end, ABSOLUTE (.))
                [!provide]                        PROVIDE (__init_array_start, ABSOLUTE (.))
 *(.init_array)
                [!provide]                        PROVIDE (__init_array_end, ABSOLUTE (.))
                [!provide]                        PROVIDE (__fini_array_start, ABSOLUTE (.))
 *(.fini_array)
                [!provide]                        PROVIDE (__fini_array_end, ABSOLUTE (.))
 *(.eh_frame)
 *(.gcc_except_table .gcc_except_table.*)
 *(.dynamic)
                0x000000000000a1e4                PROVIDE (__CTOR_LIST__, ABSOLUTE (.))
 *(.ctors)
 *(SORT(.ctors.*))
                0x000000000000a1e4                PROVIDE (__CTOR_END__, ABSOLUTE (.))
                0x000000000000a1e4                PROVIDE (__DTOR_LIST__, ABSOLUTE (.))
 *(.dtors)
 *(SORT(.dtors.*))
                0x000000000000a1e4                PROVIDE (__DTOR_END__, ABSOLUTE (.))
 *(.jcr)
                0x000000000000a1e4                . = ALIGN (0x4)

.rodata         0x000000000000a1e4       0xc4
                0x000000000000a1e4                PROVIDE (__ram_rodata_start, ABSOLUTE (.))
                0x000000000000a1e4                . = ALIGN (0x4)
 *(.rodata .rodata.* .gnu.linkonce.r.*)
 .rodata        0x000000000000a1e4       0x8a obj/default/hello_world.o
 *fill*         0x000000000000a26e        0x2 
 .rodata.str1.4
                0x000000000000a270        0x4 c:/intelfpga_lite/18.1/nios2eds/bin/gnu/h-x86_64-mingw32/bin/../lib/gcc/nios2-elf/5.3.0/../../../../../H-x86_64-mingw32/nios2-elf/lib/mno-hw-mul\libsmallc.a(lib_a-puts.o)
                                          0x2 (size before relaxing)
 .rodata        0x000000000000a274       0x11 ../Bai03_bsp/\libhal_bsp.a(alt_main.o)
 *fill*         0x000000000000a285        0x3 
 .rodata        0x000000000000a288       0x11 ../Bai03_bsp/\libhal_bsp.a(alt_sys_init.o)
 *fill*         0x000000000000a299        0x3 
 .rodata        0x000000000000a29c        0xa ../Bai03_bsp/\libhal_bsp.a(alt_dev.o)
 *(.rodata1)
                0x000000000000a2a8                . = ALIGN (0x4)
 *fill*         0x000000000000a2a6        0x2 
                0x000000000000a2a8                PROVIDE (__ram_rodata_end, ABSOLUTE (.))
                0x000000000000a1e4                PROVIDE (__flash_rodata_start, LOADADDR (.rodata))

.rwdata         0x000000000000a2a8      0x2e0 load address 0x000000000000a588
                0x000000000000a2a8                PROVIDE (__ram_rwdata_start, ABSOLUTE (.))
                0x000000000000a2a8                . = ALIGN (0x4)
 *(.got.plt)
 *(.got)
 *(.data1)
 *(.data .data.* .gnu.linkonce.d.*)
 .data          0x000000000000a2a8        0x0 ../Bai03_bsp//obj/HAL/src/crt0.o
 .data          0x000000000000a2a8        0x0 obj/default/hello_world.o
 .data          0x000000000000a2a8        0x0 c:/intelfpga_lite/18.1/nios2eds/bin/gnu/h-x86_64-mingw32/bin/../lib/gcc/nios2-elf/5.3.0/mno-hw-mul\libgcc.a(lib2-divmod.o)
 .data          0x000000000000a2a8        0x0 c:/intelfpga_lite/18.1/nios2eds/bin/gnu/h-x86_64-mingw32/bin/../lib/gcc/nios2-elf/5.3.0/mno-hw-mul\libgcc.a(lib2-mul.o)
 .data          0x000000000000a2a8        0x0 c:/intelfpga_lite/18.1/nios2eds/bin/gnu/h-x86_64-mingw32/bin/../lib/gcc/nios2-elf/5.3.0/../../../../../H-x86_64-mingw32/nios2-elf/lib/mno-hw-mul\libsmallc.a(lib_a-puts.o)
 .data          0x000000000000a2a8        0x0 c:/intelfpga_lite/18.1/nios2eds/bin/gnu/h-x86_64-mingw32/bin/../lib/gcc/nios2-elf/5.3.0/../../../../../H-x86_64-mingw32/nios2-elf/lib/mno-hw-mul\libsmallc.a(lib_a-strlen.o)
 .data          0x000000000000a2a8        0x0 c:/intelfpga_lite/18.1/nios2eds/bin/gnu/h-x86_64-mingw32/bin/../lib/gcc/nios2-elf/5.3.0/../../../../../H-x86_64-mingw32/nios2-elf/lib/mno-hw-mul\libsmallc.a(lib_a-fvwrite_small_dev.o)
 .data          0x000000000000a2a8        0x0 c:/intelfpga_lite/18.1/nios2eds/bin/gnu/h-x86_64-mingw32/bin/../lib/gcc/nios2-elf/5.3.0/../../../../../H-x86_64-mingw32/nios2-elf/lib/mno-hw-mul\libsmallc.a(lib_a-impure.o)
 .data.impure_data
                0x000000000000a2a8       0xe0 c:/intelfpga_lite/18.1/nios2eds/bin/gnu/h-x86_64-mingw32/bin/../lib/gcc/nios2-elf/5.3.0/../../../../../H-x86_64-mingw32/nios2-elf/lib/mno-hw-mul\libsmallc.a(lib_a-impure.o)
 .data          0x000000000000a388        0x0 c:/intelfpga_lite/18.1/nios2eds/bin/gnu/h-x86_64-mingw32/bin/../lib/gcc/nios2-elf/5.3.0/../../../../../H-x86_64-mingw32/nios2-elf/lib/mno-hw-mul\libsmallc.a(lib_a-writer.o)
 .data          0x000000000000a388        0x0 c:/intelfpga_lite/18.1/nios2eds/bin/gnu/h-x86_64-mingw32/bin/../lib/gcc/nios2-elf/5.3.0/../../../../../H-x86_64-mingw32/nios2-elf/lib/mno-hw-mul\libsmallc.a(lib_a-int_errno.o)
 .data          0x000000000000a388        0x0 ../Bai03_bsp/\libhal_bsp.a(alt_load.o)
 .data          0x000000000000a388        0x0 ../Bai03_bsp/\libhal_bsp.a(alt_main.o)
 .data          0x000000000000a388        0x0 ../Bai03_bsp/\libhal_bsp.a(alt_write.o)
 .data          0x000000000000a388       0x2c ../Bai03_bsp/\libhal_bsp.a(alt_sys_init.o)
 .data          0x000000000000a3b4        0x0 ../Bai03_bsp/\libhal_bsp.a(altera_avalon_jtag_uart_fd.o)
 .data          0x000000000000a3b4        0x0 ../Bai03_bsp/\libhal_bsp.a(altera_avalon_jtag_uart_read.o)
 .data          0x000000000000a3b4        0x0 ../Bai03_bsp/\libhal_bsp.a(altera_avalon_jtag_uart_write.o)
 .data          0x000000000000a3b4        0x0 ../Bai03_bsp/\libhal_bsp.a(altera_avalon_timer_sc.o)
 .data          0x000000000000a3b4        0x0 ../Bai03_bsp/\libhal_bsp.a(alt_close.o)
 .data          0x000000000000a3b4        0x0 ../Bai03_bsp/\libhal_bsp.a(alt_dcache_flush_all.o)
 .data          0x000000000000a3b4      0x1a8 ../Bai03_bsp/\libhal_bsp.a(alt_dev.o)
                0x000000000000a3b4                alt_dev_null
                0x000000000000a3dc                alt_fd_list
 .data          0x000000000000a55c        0x0 ../Bai03_bsp/\libhal_bsp.a(alt_dev_llist_insert.o)
 .data          0x000000000000a55c        0x0 ../Bai03_bsp/\libhal_bsp.a(alt_do_ctors.o)
 .data          0x000000000000a55c        0x0 ../Bai03_bsp/\libhal_bsp.a(alt_do_dtors.o)
 .data          0x000000000000a55c        0x0 ../Bai03_bsp/\libhal_bsp.a(alt_errno.o)
 .data          0x000000000000a55c        0x0 ../Bai03_bsp/\libhal_bsp.a(alt_icache_flush_all.o)
 .data          0x000000000000a55c        0x0 ../Bai03_bsp/\libhal_bsp.a(alt_iic.o)
 .data          0x000000000000a55c        0x0 ../Bai03_bsp/\libhal_bsp.a(alt_iic_isr_register.o)
 .data          0x000000000000a55c        0x0 ../Bai03_bsp/\libhal_bsp.a(alt_io_redirect.o)
 .data          0x000000000000a55c        0x0 ../Bai03_bsp/\libhal_bsp.a(alt_irq_entry.o)
 .data          0x000000000000a55c        0x0 ../Bai03_bsp/\libhal_bsp.a(alt_irq_handler.o)
 .data          0x000000000000a55c        0x0 ../Bai03_bsp/\libhal_bsp.a(alt_irq_vars.o)
 .data          0x000000000000a55c        0x0 ../Bai03_bsp/\libhal_bsp.a(alt_open.o)
 .data          0x000000000000a55c        0x0 ../Bai03_bsp/\libhal_bsp.a(alt_release_fd.o)
 .data          0x000000000000a55c        0x0 ../Bai03_bsp/\libhal_bsp.a(alt_tick.o)
 .data          0x000000000000a55c        0x0 ../Bai03_bsp/\libhal_bsp.a(altera_nios2_gen2_irq.o)
 .data          0x000000000000a55c        0x0 ../Bai03_bsp/\libhal_bsp.a(alt_exception_entry.o)
 .data          0x000000000000a55c        0x0 ../Bai03_bsp/\libhal_bsp.a(alt_find_dev.o)
 .data          0x000000000000a55c        0x0 ../Bai03_bsp/\libhal_bsp.a(alt_find_file.o)
 .data          0x000000000000a55c        0x0 ../Bai03_bsp/\libhal_bsp.a(alt_get_fd.o)
 .data          0x000000000000a55c        0x0 ../Bai03_bsp/\libhal_bsp.a(alt_instruction_exception_entry.o)
 .data          0x000000000000a55c        0x0 c:/intelfpga_lite/18.1/nios2eds/bin/gnu/h-x86_64-mingw32/bin/../lib/gcc/nios2-elf/5.3.0/../../../../../H-x86_64-mingw32/nios2-elf/lib/mno-hw-mul\libsmallc.a(lib_a-atexit.o)
 .data          0x000000000000a55c        0x0 c:/intelfpga_lite/18.1/nios2eds/bin/gnu/h-x86_64-mingw32/bin/../lib/gcc/nios2-elf/5.3.0/../../../../../H-x86_64-mingw32/nios2-elf/lib/mno-hw-mul\libsmallc.a(lib_a-exit.o)
 .data          0x000000000000a55c        0x0 c:/intelfpga_lite/18.1/nios2eds/bin/gnu/h-x86_64-mingw32/bin/../lib/gcc/nios2-elf/5.3.0/../../../../../H-x86_64-mingw32/nios2-elf/lib/mno-hw-mul\libsmallc.a(lib_a-memcmp.o)
 .data          0x000000000000a55c        0x0 c:/intelfpga_lite/18.1/nios2eds/bin/gnu/h-x86_64-mingw32/bin/../lib/gcc/nios2-elf/5.3.0/../../../../../H-x86_64-mingw32/nios2-elf/lib/mno-hw-mul\libsmallc.a(lib_a-__atexit.o)
 .data          0x000000000000a55c        0x0 c:/intelfpga_lite/18.1/nios2eds/bin/gnu/h-x86_64-mingw32/bin/../lib/gcc/nios2-elf/5.3.0/../../../../../H-x86_64-mingw32/nios2-elf/lib/mno-hw-mul\libsmallc.a(lib_a-__call_atexit.o)
 .data          0x000000000000a55c        0x0 ../Bai03_bsp/\libhal_bsp.a(alt_exit.o)
                0x000000000001255c                _gp = ABSOLUTE ((. + 0x8000))
                [!provide]                        PROVIDE (gp, _gp)
 *(.rwdata .rwdata.*)
 *(.sdata .sdata.* .gnu.linkonce.s.*)
 .sdata._global_impure_ptr
                0x000000000000a55c        0x4 c:/intelfpga_lite/18.1/nios2eds/bin/gnu/h-x86_64-mingw32/bin/../lib/gcc/nios2-elf/5.3.0/../../../../../H-x86_64-mingw32/nios2-elf/lib/mno-hw-mul\libsmallc.a(lib_a-impure.o)
                0x000000000000a55c                _global_impure_ptr
 .sdata._impure_ptr
                0x000000000000a560        0x4 c:/intelfpga_lite/18.1/nios2eds/bin/gnu/h-x86_64-mingw32/bin/../lib/gcc/nios2-elf/5.3.0/../../../../../H-x86_64-mingw32/nios2-elf/lib/mno-hw-mul\libsmallc.a(lib_a-impure.o)
                0x000000000000a560                _impure_ptr
 .sdata         0x000000000000a564       0x14 ../Bai03_bsp/\libhal_bsp.a(alt_dev.o)
                0x000000000000a564                alt_fs_list
                0x000000000000a56c                alt_dev_list
                0x000000000000a574                alt_max_fd
 .sdata         0x000000000000a578        0x4 ../Bai03_bsp/\libhal_bsp.a(alt_errno.o)
                0x000000000000a578                alt_errno
 .sdata         0x000000000000a57c        0x4 ../Bai03_bsp/\libhal_bsp.a(alt_irq_vars.o)
                0x000000000000a57c                alt_priority_mask
 .sdata         0x000000000000a580        0x8 ../Bai03_bsp/\libhal_bsp.a(alt_tick.o)
                0x000000000000a580                alt_alarm_list
 *(.sdata2 .sdata2.* .gnu.linkonce.s2.*)
                0x000000000000a588                . = ALIGN (0x4)
                0x000000000000a588                _edata = ABSOLUTE (.)
                [!provide]                        PROVIDE (edata, ABSOLUTE (.))
                0x000000000000a588                PROVIDE (__ram_rwdata_end, ABSOLUTE (.))
                0x000000000000a588                PROVIDE (__flash_rwdata_start, LOADADDR (.rwdata))

.bss            0x000000000000a868      0x120
                0x000000000000a868                __bss_start = ABSOLUTE (.)
                [!provide]                        PROVIDE (__sbss_start, ABSOLUTE (.))
                [!provide]                        PROVIDE (___sbss_start, ABSOLUTE (.))
 *(.dynsbss)
 *(.sbss .sbss.* .gnu.linkonce.sb.*)
 .sbss          0x000000000000a868        0x4 c:/intelfpga_lite/18.1/nios2eds/bin/gnu/h-x86_64-mingw32/bin/../lib/gcc/nios2-elf/5.3.0/../../../../../H-x86_64-mingw32/nios2-elf/lib/mno-hw-mul\libsmallc.a(lib_a-int_errno.o)
                0x000000000000a868                errno
 .sbss          0x000000000000a86c        0xc ../Bai03_bsp/\libhal_bsp.a(alt_main.o)
                0x000000000000a86c                alt_argc
                0x000000000000a870                alt_argv
                0x000000000000a874                alt_envp
 .sbss          0x000000000000a878        0x4 ../Bai03_bsp/\libhal_bsp.a(alt_irq_vars.o)
                0x000000000000a878                alt_irq_active
 .sbss          0x000000000000a87c        0x8 ../Bai03_bsp/\libhal_bsp.a(alt_tick.o)
                0x000000000000a87c                _alt_tick_rate
                0x000000000000a880                _alt_nticks
 .sbss          0x000000000000a884        0x4 ../Bai03_bsp/\libhal_bsp.a(alt_instruction_exception_entry.o)
                0x000000000000a884                alt_instruction_exception_handler
 *(.sbss2 .sbss2.* .gnu.linkonce.sb2.*)
 *(.scommon)
                [!provide]                        PROVIDE (__sbss_end, ABSOLUTE (.))
                [!provide]                        PROVIDE (___sbss_end, ABSOLUTE (.))
 *(.dynbss)
 *(.bss .bss.* .gnu.linkonce.b.*)
 .bss           0x000000000000a888        0x0 ../Bai03_bsp//obj/HAL/src/crt0.o
 .bss           0x000000000000a888        0x0 obj/default/hello_world.o
 .bss           0x000000000000a888        0x0 c:/intelfpga_lite/18.1/nios2eds/bin/gnu/h-x86_64-mingw32/bin/../lib/gcc/nios2-elf/5.3.0/mno-hw-mul\libgcc.a(lib2-divmod.o)
 .bss           0x000000000000a888        0x0 c:/intelfpga_lite/18.1/nios2eds/bin/gnu/h-x86_64-mingw32/bin/../lib/gcc/nios2-elf/5.3.0/mno-hw-mul\libgcc.a(lib2-mul.o)
 .bss           0x000000000000a888        0x0 c:/intelfpga_lite/18.1/nios2eds/bin/gnu/h-x86_64-mingw32/bin/../lib/gcc/nios2-elf/5.3.0/../../../../../H-x86_64-mingw32/nios2-elf/lib/mno-hw-mul\libsmallc.a(lib_a-puts.o)
 .bss           0x000000000000a888        0x0 c:/intelfpga_lite/18.1/nios2eds/bin/gnu/h-x86_64-mingw32/bin/../lib/gcc/nios2-elf/5.3.0/../../../../../H-x86_64-mingw32/nios2-elf/lib/mno-hw-mul\libsmallc.a(lib_a-strlen.o)
 .bss           0x000000000000a888        0x0 c:/intelfpga_lite/18.1/nios2eds/bin/gnu/h-x86_64-mingw32/bin/../lib/gcc/nios2-elf/5.3.0/../../../../../H-x86_64-mingw32/nios2-elf/lib/mno-hw-mul\libsmallc.a(lib_a-fvwrite_small_dev.o)
 .bss           0x000000000000a888        0x0 c:/intelfpga_lite/18.1/nios2eds/bin/gnu/h-x86_64-mingw32/bin/../lib/gcc/nios2-elf/5.3.0/../../../../../H-x86_64-mingw32/nios2-elf/lib/mno-hw-mul\libsmallc.a(lib_a-impure.o)
 .bss           0x000000000000a888        0x0 c:/intelfpga_lite/18.1/nios2eds/bin/gnu/h-x86_64-mingw32/bin/../lib/gcc/nios2-elf/5.3.0/../../../../../H-x86_64-mingw32/nios2-elf/lib/mno-hw-mul\libsmallc.a(lib_a-writer.o)
 .bss           0x000000000000a888        0x0 c:/intelfpga_lite/18.1/nios2eds/bin/gnu/h-x86_64-mingw32/bin/../lib/gcc/nios2-elf/5.3.0/../../../../../H-x86_64-mingw32/nios2-elf/lib/mno-hw-mul\libsmallc.a(lib_a-int_errno.o)
 .bss           0x000000000000a888        0x0 ../Bai03_bsp/\libhal_bsp.a(alt_load.o)
 .bss           0x000000000000a888        0x0 ../Bai03_bsp/\libhal_bsp.a(alt_main.o)
 .bss           0x000000000000a888        0x0 ../Bai03_bsp/\libhal_bsp.a(alt_write.o)
 .bss           0x000000000000a888        0x0 ../Bai03_bsp/\libhal_bsp.a(alt_sys_init.o)
 .bss           0x000000000000a888        0x0 ../Bai03_bsp/\libhal_bsp.a(altera_avalon_jtag_uart_fd.o)
 .bss           0x000000000000a888        0x0 ../Bai03_bsp/\libhal_bsp.a(altera_avalon_jtag_uart_read.o)
 .bss           0x000000000000a888        0x0 ../Bai03_bsp/\libhal_bsp.a(altera_avalon_jtag_uart_write.o)
 .bss           0x000000000000a888        0x0 ../Bai03_bsp/\libhal_bsp.a(altera_avalon_timer_sc.o)
 .bss           0x000000000000a888        0x0 ../Bai03_bsp/\libhal_bsp.a(alt_close.o)
 .bss           0x000000000000a888        0x0 ../Bai03_bsp/\libhal_bsp.a(alt_dcache_flush_all.o)
 .bss           0x000000000000a888        0x0 ../Bai03_bsp/\libhal_bsp.a(alt_dev.o)
 .bss           0x000000000000a888        0x0 ../Bai03_bsp/\libhal_bsp.a(alt_dev_llist_insert.o)
 .bss           0x000000000000a888        0x0 ../Bai03_bsp/\libhal_bsp.a(alt_do_ctors.o)
 .bss           0x000000000000a888        0x0 ../Bai03_bsp/\libhal_bsp.a(alt_do_dtors.o)
 .bss           0x000000000000a888        0x0 ../Bai03_bsp/\libhal_bsp.a(alt_errno.o)
 .bss           0x000000000000a888        0x0 ../Bai03_bsp/\libhal_bsp.a(alt_icache_flush_all.o)
 .bss           0x000000000000a888        0x0 ../Bai03_bsp/\libhal_bsp.a(alt_iic.o)
 .bss           0x000000000000a888        0x0 ../Bai03_bsp/\libhal_bsp.a(alt_iic_isr_register.o)
 .bss           0x000000000000a888        0x0 ../Bai03_bsp/\libhal_bsp.a(alt_io_redirect.o)
 .bss           0x000000000000a888        0x0 ../Bai03_bsp/\libhal_bsp.a(alt_irq_entry.o)
 .bss           0x000000000000a888        0x0 ../Bai03_bsp/\libhal_bsp.a(alt_irq_handler.o)
 .bss           0x000000000000a888        0x0 ../Bai03_bsp/\libhal_bsp.a(alt_irq_vars.o)
 .bss           0x000000000000a888        0x0 ../Bai03_bsp/\libhal_bsp.a(alt_open.o)
 .bss           0x000000000000a888        0x0 ../Bai03_bsp/\libhal_bsp.a(alt_release_fd.o)
 .bss           0x000000000000a888        0x0 ../Bai03_bsp/\libhal_bsp.a(alt_tick.o)
 .bss           0x000000000000a888        0x0 ../Bai03_bsp/\libhal_bsp.a(altera_nios2_gen2_irq.o)
 .bss           0x000000000000a888        0x0 ../Bai03_bsp/\libhal_bsp.a(alt_exception_entry.o)
 .bss           0x000000000000a888        0x0 ../Bai03_bsp/\libhal_bsp.a(alt_find_dev.o)
 .bss           0x000000000000a888        0x0 ../Bai03_bsp/\libhal_bsp.a(alt_find_file.o)
 .bss           0x000000000000a888        0x0 ../Bai03_bsp/\libhal_bsp.a(alt_get_fd.o)
 .bss           0x000000000000a888        0x0 ../Bai03_bsp/\libhal_bsp.a(alt_instruction_exception_entry.o)
 .bss           0x000000000000a888        0x0 c:/intelfpga_lite/18.1/nios2eds/bin/gnu/h-x86_64-mingw32/bin/../lib/gcc/nios2-elf/5.3.0/../../../../../H-x86_64-mingw32/nios2-elf/lib/mno-hw-mul\libsmallc.a(lib_a-atexit.o)
 .bss           0x000000000000a888        0x0 c:/intelfpga_lite/18.1/nios2eds/bin/gnu/h-x86_64-mingw32/bin/../lib/gcc/nios2-elf/5.3.0/../../../../../H-x86_64-mingw32/nios2-elf/lib/mno-hw-mul\libsmallc.a(lib_a-exit.o)
 .bss           0x000000000000a888        0x0 c:/intelfpga_lite/18.1/nios2eds/bin/gnu/h-x86_64-mingw32/bin/../lib/gcc/nios2-elf/5.3.0/../../../../../H-x86_64-mingw32/nios2-elf/lib/mno-hw-mul\libsmallc.a(lib_a-memcmp.o)
 .bss           0x000000000000a888        0x0 c:/intelfpga_lite/18.1/nios2eds/bin/gnu/h-x86_64-mingw32/bin/../lib/gcc/nios2-elf/5.3.0/../../../../../H-x86_64-mingw32/nios2-elf/lib/mno-hw-mul\libsmallc.a(lib_a-__atexit.o)
 .bss           0x000000000000a888        0x0 c:/intelfpga_lite/18.1/nios2eds/bin/gnu/h-x86_64-mingw32/bin/../lib/gcc/nios2-elf/5.3.0/../../../../../H-x86_64-mingw32/nios2-elf/lib/mno-hw-mul\libsmallc.a(lib_a-__call_atexit.o)
 .bss           0x000000000000a888        0x0 ../Bai03_bsp/\libhal_bsp.a(alt_exit.o)
 *(COMMON)
 COMMON         0x000000000000a888      0x100 ../Bai03_bsp/\libhal_bsp.a(alt_irq_handler.o)
                0x000000000000a888                alt_irq
                0x000000000000a988                . = ALIGN (0x4)
                0x000000000000a988                __bss_end = ABSOLUTE (.)

.onchip_memory2_0
                0x000000000000a988        0x0
                [!provide]                        PROVIDE (_alt_partition_onchip_memory2_0_start, ABSOLUTE (.))
 *(.onchip_memory2_0 .onchip_memory2_0. onchip_memory2_0.*)
                0x000000000000a988                . = ALIGN (0x4)
                [!provide]                        PROVIDE (_alt_partition_onchip_memory2_0_end, ABSOLUTE (.))
                0x000000000000a988                _end = ABSOLUTE (.)
                0x000000000000a988                end = ABSOLUTE (.)
                0x000000000000a988                __alt_stack_base = ABSOLUTE (.)
                [!provide]                        PROVIDE (_alt_partition_onchip_memory2_0_load_addr, LOADADDR (.onchip_memory2_0))

.stab
 *(.stab)

.stabstr
 *(.stabstr)

.stab.excl
 *(.stab.excl)

.stab.exclstr
 *(.stab.exclstr)

.stab.index
 *(.stab.index)

.stab.indexstr
 *(.stab.indexstr)

.comment        0x0000000000000000       0x23
 *(.comment)
 .comment       0x0000000000000000       0x23 obj/default/hello_world.o
                                         0x24 (size before relaxing)
 .comment       0x0000000000000023       0x24 c:/intelfpga_lite/18.1/nios2eds/bin/gnu/h-x86_64-mingw32/bin/../lib/gcc/nios2-elf/5.3.0/mno-hw-mul\libgcc.a(lib2-divmod.o)
 .comment       0x0000000000000023       0x24 c:/intelfpga_lite/18.1/nios2eds/bin/gnu/h-x86_64-mingw32/bin/../lib/gcc/nios2-elf/5.3.0/mno-hw-mul\libgcc.a(lib2-mul.o)
 .comment       0x0000000000000023       0x24 c:/intelfpga_lite/18.1/nios2eds/bin/gnu/h-x86_64-mingw32/bin/../lib/gcc/nios2-elf/5.3.0/../../../../../H-x86_64-mingw32/nios2-elf/lib/mno-hw-mul\libsmallc.a(lib_a-puts.o)
 .comment       0x0000000000000023       0x24 c:/intelfpga_lite/18.1/nios2eds/bin/gnu/h-x86_64-mingw32/bin/../lib/gcc/nios2-elf/5.3.0/../../../../../H-x86_64-mingw32/nios2-elf/lib/mno-hw-mul\libsmallc.a(lib_a-strlen.o)
 .comment       0x0000000000000023       0x24 c:/intelfpga_lite/18.1/nios2eds/bin/gnu/h-x86_64-mingw32/bin/../lib/gcc/nios2-elf/5.3.0/../../../../../H-x86_64-mingw32/nios2-elf/lib/mno-hw-mul\libsmallc.a(lib_a-fvwrite_small_dev.o)
 .comment       0x0000000000000023       0x24 c:/intelfpga_lite/18.1/nios2eds/bin/gnu/h-x86_64-mingw32/bin/../lib/gcc/nios2-elf/5.3.0/../../../../../H-x86_64-mingw32/nios2-elf/lib/mno-hw-mul\libsmallc.a(lib_a-impure.o)
 .comment       0x0000000000000023       0x24 c:/intelfpga_lite/18.1/nios2eds/bin/gnu/h-x86_64-mingw32/bin/../lib/gcc/nios2-elf/5.3.0/../../../../../H-x86_64-mingw32/nios2-elf/lib/mno-hw-mul\libsmallc.a(lib_a-writer.o)
 .comment       0x0000000000000023       0x24 c:/intelfpga_lite/18.1/nios2eds/bin/gnu/h-x86_64-mingw32/bin/../lib/gcc/nios2-elf/5.3.0/../../../../../H-x86_64-mingw32/nios2-elf/lib/mno-hw-mul\libsmallc.a(lib_a-int_errno.o)
 .comment       0x0000000000000023       0x24 ../Bai03_bsp/\libhal_bsp.a(alt_load.o)
 .comment       0x0000000000000023       0x24 ../Bai03_bsp/\libhal_bsp.a(alt_main.o)
 .comment       0x0000000000000023       0x24 ../Bai03_bsp/\libhal_bsp.a(alt_write.o)
 .comment       0x0000000000000023       0x24 ../Bai03_bsp/\libhal_bsp.a(alt_sys_init.o)
 .comment       0x0000000000000023       0x24 ../Bai03_bsp/\libhal_bsp.a(altera_avalon_jtag_uart_fd.o)
 .comment       0x0000000000000023       0x24 ../Bai03_bsp/\libhal_bsp.a(altera_avalon_jtag_uart_read.o)
 .comment       0x0000000000000023       0x24 ../Bai03_bsp/\libhal_bsp.a(altera_avalon_jtag_uart_write.o)
 .comment       0x0000000000000023       0x24 ../Bai03_bsp/\libhal_bsp.a(altera_avalon_timer_sc.o)
 .comment       0x0000000000000023       0x24 ../Bai03_bsp/\libhal_bsp.a(alt_close.o)
 .comment       0x0000000000000023       0x24 ../Bai03_bsp/\libhal_bsp.a(alt_dcache_flush_all.o)
 .comment       0x0000000000000023       0x24 ../Bai03_bsp/\libhal_bsp.a(alt_dev.o)
 .comment       0x0000000000000023       0x24 ../Bai03_bsp/\libhal_bsp.a(alt_dev_llist_insert.o)
 .comment       0x0000000000000023       0x24 ../Bai03_bsp/\libhal_bsp.a(alt_do_ctors.o)
 .comment       0x0000000000000023       0x24 ../Bai03_bsp/\libhal_bsp.a(alt_do_dtors.o)
 .comment       0x0000000000000023       0x24 ../Bai03_bsp/\libhal_bsp.a(alt_errno.o)
 .comment       0x0000000000000023       0x24 ../Bai03_bsp/\libhal_bsp.a(alt_icache_flush_all.o)
 .comment       0x0000000000000023       0x24 ../Bai03_bsp/\libhal_bsp.a(alt_iic.o)
 .comment       0x0000000000000023       0x24 ../Bai03_bsp/\libhal_bsp.a(alt_iic_isr_register.o)
 .comment       0x0000000000000023       0x24 ../Bai03_bsp/\libhal_bsp.a(alt_io_redirect.o)
 .comment       0x0000000000000023       0x24 ../Bai03_bsp/\libhal_bsp.a(alt_irq_handler.o)
 .comment       0x0000000000000023       0x24 ../Bai03_bsp/\libhal_bsp.a(alt_irq_vars.o)
 .comment       0x0000000000000023       0x24 ../Bai03_bsp/\libhal_bsp.a(alt_open.o)
 .comment       0x0000000000000023       0x24 ../Bai03_bsp/\libhal_bsp.a(alt_release_fd.o)
 .comment       0x0000000000000023       0x24 ../Bai03_bsp/\libhal_bsp.a(alt_tick.o)
 .comment       0x0000000000000023       0x24 ../Bai03_bsp/\libhal_bsp.a(altera_nios2_gen2_irq.o)
 .comment       0x0000000000000023       0x24 ../Bai03_bsp/\libhal_bsp.a(alt_find_dev.o)
 .comment       0x0000000000000023       0x24 ../Bai03_bsp/\libhal_bsp.a(alt_find_file.o)
 .comment       0x0000000000000023       0x24 ../Bai03_bsp/\libhal_bsp.a(alt_get_fd.o)
 .comment       0x0000000000000023       0x24 ../Bai03_bsp/\libhal_bsp.a(alt_instruction_exception_entry.o)
 .comment       0x0000000000000023       0x24 c:/intelfpga_lite/18.1/nios2eds/bin/gnu/h-x86_64-mingw32/bin/../lib/gcc/nios2-elf/5.3.0/../../../../../H-x86_64-mingw32/nios2-elf/lib/mno-hw-mul\libsmallc.a(lib_a-atexit.o)
 .comment       0x0000000000000023       0x24 c:/intelfpga_lite/18.1/nios2eds/bin/gnu/h-x86_64-mingw32/bin/../lib/gcc/nios2-elf/5.3.0/../../../../../H-x86_64-mingw32/nios2-elf/lib/mno-hw-mul\libsmallc.a(lib_a-exit.o)
 .comment       0x0000000000000023       0x24 c:/intelfpga_lite/18.1/nios2eds/bin/gnu/h-x86_64-mingw32/bin/../lib/gcc/nios2-elf/5.3.0/../../../../../H-x86_64-mingw32/nios2-elf/lib/mno-hw-mul\libsmallc.a(lib_a-memcmp.o)
 .comment       0x0000000000000023       0x24 c:/intelfpga_lite/18.1/nios2eds/bin/gnu/h-x86_64-mingw32/bin/../lib/gcc/nios2-elf/5.3.0/../../../../../H-x86_64-mingw32/nios2-elf/lib/mno-hw-mul\libsmallc.a(lib_a-__atexit.o)
 .comment       0x0000000000000023       0x24 c:/intelfpga_lite/18.1/nios2eds/bin/gnu/h-x86_64-mingw32/bin/../lib/gcc/nios2-elf/5.3.0/../../../../../H-x86_64-mingw32/nios2-elf/lib/mno-hw-mul\libsmallc.a(lib_a-__call_atexit.o)
 .comment       0x0000000000000023       0x24 ../Bai03_bsp/\libhal_bsp.a(alt_exit.o)

.debug
 *(.debug)

.line
 *(.line)

.debug_srcinfo
 *(.debug_srcinfo)

.debug_sfnames
 *(.debug_sfnames)

.debug_aranges  0x0000000000000000      0x600
 *(.debug_aranges)
 .debug_aranges
                0x0000000000000000       0x28 ../Bai03_bsp//obj/HAL/src/crt0.o
 .debug_aranges
                0x0000000000000028       0x20 obj/default/hello_world.o
 .debug_aranges
                0x0000000000000048       0x20 c:/intelfpga_lite/18.1/nios2eds/bin/gnu/h-x86_64-mingw32/bin/../lib/gcc/nios2-elf/5.3.0/mno-hw-mul\libgcc.a(lib2-divmod.o)
 .debug_aranges
                0x0000000000000068       0x20 c:/intelfpga_lite/18.1/nios2eds/bin/gnu/h-x86_64-mingw32/bin/../lib/gcc/nios2-elf/5.3.0/mno-hw-mul\libgcc.a(lib2-mul.o)
 .debug_aranges
                0x0000000000000088       0x28 c:/intelfpga_lite/18.1/nios2eds/bin/gnu/h-x86_64-mingw32/bin/../lib/gcc/nios2-elf/5.3.0/../../../../../H-x86_64-mingw32/nios2-elf/lib/mno-hw-mul\libsmallc.a(lib_a-puts.o)
 .debug_aranges
                0x00000000000000b0       0x20 c:/intelfpga_lite/18.1/nios2eds/bin/gnu/h-x86_64-mingw32/bin/../lib/gcc/nios2-elf/5.3.0/../../../../../H-x86_64-mingw32/nios2-elf/lib/mno-hw-mul\libsmallc.a(lib_a-strlen.o)
 .debug_aranges
                0x00000000000000d0       0x20 c:/intelfpga_lite/18.1/nios2eds/bin/gnu/h-x86_64-mingw32/bin/../lib/gcc/nios2-elf/5.3.0/../../../../../H-x86_64-mingw32/nios2-elf/lib/mno-hw-mul\libsmallc.a(lib_a-fvwrite_small_dev.o)
 .debug_aranges
                0x00000000000000f0       0x18 c:/intelfpga_lite/18.1/nios2eds/bin/gnu/h-x86_64-mingw32/bin/../lib/gcc/nios2-elf/5.3.0/../../../../../H-x86_64-mingw32/nios2-elf/lib/mno-hw-mul\libsmallc.a(lib_a-impure.o)
 .debug_aranges
                0x0000000000000108       0x20 c:/intelfpga_lite/18.1/nios2eds/bin/gnu/h-x86_64-mingw32/bin/../lib/gcc/nios2-elf/5.3.0/../../../../../H-x86_64-mingw32/nios2-elf/lib/mno-hw-mul\libsmallc.a(lib_a-writer.o)
 .debug_aranges
                0x0000000000000128       0x18 c:/intelfpga_lite/18.1/nios2eds/bin/gnu/h-x86_64-mingw32/bin/../lib/gcc/nios2-elf/5.3.0/../../../../../H-x86_64-mingw32/nios2-elf/lib/mno-hw-mul\libsmallc.a(lib_a-int_errno.o)
 .debug_aranges
                0x0000000000000140       0x20 ../Bai03_bsp/\libhal_bsp.a(alt_load.o)
 .debug_aranges
                0x0000000000000160       0x20 ../Bai03_bsp/\libhal_bsp.a(alt_main.o)
 .debug_aranges
                0x0000000000000180       0x20 ../Bai03_bsp/\libhal_bsp.a(alt_write.o)
 .debug_aranges
                0x00000000000001a0       0x20 ../Bai03_bsp/\libhal_bsp.a(alt_sys_init.o)
 .debug_aranges
                0x00000000000001c0       0x20 ../Bai03_bsp/\libhal_bsp.a(altera_avalon_jtag_uart_fd.o)
 .debug_aranges
                0x00000000000001e0       0x20 ../Bai03_bsp/\libhal_bsp.a(altera_avalon_jtag_uart_read.o)
 .debug_aranges
                0x0000000000000200       0x20 ../Bai03_bsp/\libhal_bsp.a(altera_avalon_jtag_uart_write.o)
 .debug_aranges
                0x0000000000000220       0x20 ../Bai03_bsp/\libhal_bsp.a(altera_avalon_timer_sc.o)
 .debug_aranges
                0x0000000000000240       0x20 ../Bai03_bsp/\libhal_bsp.a(alt_close.o)
 .debug_aranges
                0x0000000000000260       0x20 ../Bai03_bsp/\libhal_bsp.a(alt_dcache_flush_all.o)
 .debug_aranges
                0x0000000000000280       0x20 ../Bai03_bsp/\libhal_bsp.a(alt_dev.o)
 .debug_aranges
                0x00000000000002a0       0x20 ../Bai03_bsp/\libhal_bsp.a(alt_dev_llist_insert.o)
 .debug_aranges
                0x00000000000002c0       0x20 ../Bai03_bsp/\libhal_bsp.a(alt_do_ctors.o)
 .debug_aranges
                0x00000000000002e0       0x20 ../Bai03_bsp/\libhal_bsp.a(alt_do_dtors.o)
 .debug_aranges
                0x0000000000000300       0x18 ../Bai03_bsp/\libhal_bsp.a(alt_errno.o)
 .debug_aranges
                0x0000000000000318       0x20 ../Bai03_bsp/\libhal_bsp.a(alt_icache_flush_all.o)
 .debug_aranges
                0x0000000000000338       0x20 ../Bai03_bsp/\libhal_bsp.a(alt_iic.o)
 .debug_aranges
                0x0000000000000358       0x20 ../Bai03_bsp/\libhal_bsp.a(alt_iic_isr_register.o)
 .debug_aranges
                0x0000000000000378       0x20 ../Bai03_bsp/\libhal_bsp.a(alt_io_redirect.o)
 .debug_aranges
                0x0000000000000398       0x30 ../Bai03_bsp/\libhal_bsp.a(alt_irq_entry.o)
 .debug_aranges
                0x00000000000003c8       0x20 ../Bai03_bsp/\libhal_bsp.a(alt_irq_handler.o)
 .debug_aranges
                0x00000000000003e8       0x18 ../Bai03_bsp/\libhal_bsp.a(alt_irq_vars.o)
 .debug_aranges
                0x0000000000000400       0x20 ../Bai03_bsp/\libhal_bsp.a(alt_open.o)
 .debug_aranges
                0x0000000000000420       0x20 ../Bai03_bsp/\libhal_bsp.a(alt_release_fd.o)
 .debug_aranges
                0x0000000000000440       0x20 ../Bai03_bsp/\libhal_bsp.a(alt_tick.o)
 .debug_aranges
                0x0000000000000460       0x20 ../Bai03_bsp/\libhal_bsp.a(altera_nios2_gen2_irq.o)
 .debug_aranges
                0x0000000000000480       0x38 ../Bai03_bsp/\libhal_bsp.a(alt_exception_entry.o)
 .debug_aranges
                0x00000000000004b8       0x20 ../Bai03_bsp/\libhal_bsp.a(alt_find_dev.o)
 .debug_aranges
                0x00000000000004d8       0x20 ../Bai03_bsp/\libhal_bsp.a(alt_find_file.o)
 .debug_aranges
                0x00000000000004f8       0x20 ../Bai03_bsp/\libhal_bsp.a(alt_get_fd.o)
 .debug_aranges
                0x0000000000000518       0x28 ../Bai03_bsp/\libhal_bsp.a(alt_instruction_exception_entry.o)
 .debug_aranges
                0x0000000000000540       0x20 c:/intelfpga_lite/18.1/nios2eds/bin/gnu/h-x86_64-mingw32/bin/../lib/gcc/nios2-elf/5.3.0/../../../../../H-x86_64-mingw32/nios2-elf/lib/mno-hw-mul\libsmallc.a(lib_a-atexit.o)
 .debug_aranges
                0x0000000000000560       0x20 c:/intelfpga_lite/18.1/nios2eds/bin/gnu/h-x86_64-mingw32/bin/../lib/gcc/nios2-elf/5.3.0/../../../../../H-x86_64-mingw32/nios2-elf/lib/mno-hw-mul\libsmallc.a(lib_a-exit.o)
 .debug_aranges
                0x0000000000000580       0x20 c:/intelfpga_lite/18.1/nios2eds/bin/gnu/h-x86_64-mingw32/bin/../lib/gcc/nios2-elf/5.3.0/../../../../../H-x86_64-mingw32/nios2-elf/lib/mno-hw-mul\libsmallc.a(lib_a-memcmp.o)
 .debug_aranges
                0x00000000000005a0       0x20 c:/intelfpga_lite/18.1/nios2eds/bin/gnu/h-x86_64-mingw32/bin/../lib/gcc/nios2-elf/5.3.0/../../../../../H-x86_64-mingw32/nios2-elf/lib/mno-hw-mul\libsmallc.a(lib_a-__atexit.o)
 .debug_aranges
                0x00000000000005c0       0x20 c:/intelfpga_lite/18.1/nios2eds/bin/gnu/h-x86_64-mingw32/bin/../lib/gcc/nios2-elf/5.3.0/../../../../../H-x86_64-mingw32/nios2-elf/lib/mno-hw-mul\libsmallc.a(lib_a-__call_atexit.o)
 .debug_aranges
                0x00000000000005e0       0x20 ../Bai03_bsp/\libhal_bsp.a(alt_exit.o)

.debug_pubnames
 *(.debug_pubnames)

.debug_info     0x0000000000000000     0x70e2
 *(.debug_info .gnu.linkonce.wi.*)
 .debug_info    0x0000000000000000       0x67 ../Bai03_bsp//obj/HAL/src/crt0.o
 .debug_info    0x0000000000000067      0x12a obj/default/hello_world.o
 .debug_info    0x0000000000000191      0x2c6 c:/intelfpga_lite/18.1/nios2eds/bin/gnu/h-x86_64-mingw32/bin/../lib/gcc/nios2-elf/5.3.0/mno-hw-mul\libgcc.a(lib2-divmod.o)
 .debug_info    0x0000000000000457       0xb4 c:/intelfpga_lite/18.1/nios2eds/bin/gnu/h-x86_64-mingw32/bin/../lib/gcc/nios2-elf/5.3.0/mno-hw-mul\libgcc.a(lib2-mul.o)
 .debug_info    0x000000000000050b      0x66d c:/intelfpga_lite/18.1/nios2eds/bin/gnu/h-x86_64-mingw32/bin/../lib/gcc/nios2-elf/5.3.0/../../../../../H-x86_64-mingw32/nios2-elf/lib/mno-hw-mul\libsmallc.a(lib_a-puts.o)
 .debug_info    0x0000000000000b78       0xc9 c:/intelfpga_lite/18.1/nios2eds/bin/gnu/h-x86_64-mingw32/bin/../lib/gcc/nios2-elf/5.3.0/../../../../../H-x86_64-mingw32/nios2-elf/lib/mno-hw-mul\libsmallc.a(lib_a-strlen.o)
 .debug_info    0x0000000000000c41      0x62b c:/intelfpga_lite/18.1/nios2eds/bin/gnu/h-x86_64-mingw32/bin/../lib/gcc/nios2-elf/5.3.0/../../../../../H-x86_64-mingw32/nios2-elf/lib/mno-hw-mul\libsmallc.a(lib_a-fvwrite_small_dev.o)
 .debug_info    0x000000000000126c      0x5a9 c:/intelfpga_lite/18.1/nios2eds/bin/gnu/h-x86_64-mingw32/bin/../lib/gcc/nios2-elf/5.3.0/../../../../../H-x86_64-mingw32/nios2-elf/lib/mno-hw-mul\libsmallc.a(lib_a-impure.o)
 .debug_info    0x0000000000001815      0x630 c:/intelfpga_lite/18.1/nios2eds/bin/gnu/h-x86_64-mingw32/bin/../lib/gcc/nios2-elf/5.3.0/../../../../../H-x86_64-mingw32/nios2-elf/lib/mno-hw-mul\libsmallc.a(lib_a-writer.o)
 .debug_info    0x0000000000001e45       0x8a c:/intelfpga_lite/18.1/nios2eds/bin/gnu/h-x86_64-mingw32/bin/../lib/gcc/nios2-elf/5.3.0/../../../../../H-x86_64-mingw32/nios2-elf/lib/mno-hw-mul\libsmallc.a(lib_a-int_errno.o)
 .debug_info    0x0000000000001ecf      0x145 ../Bai03_bsp/\libhal_bsp.a(alt_load.o)
 .debug_info    0x0000000000002014      0x131 ../Bai03_bsp/\libhal_bsp.a(alt_main.o)
 .debug_info    0x0000000000002145      0x4b7 ../Bai03_bsp/\libhal_bsp.a(alt_write.o)
 .debug_info    0x00000000000025fc      0x3df ../Bai03_bsp/\libhal_bsp.a(alt_sys_init.o)
 .debug_info    0x00000000000029db      0x3a7 ../Bai03_bsp/\libhal_bsp.a(altera_avalon_jtag_uart_fd.o)
 .debug_info    0x0000000000002d82      0x1b2 ../Bai03_bsp/\libhal_bsp.a(altera_avalon_jtag_uart_read.o)
 .debug_info    0x0000000000002f34      0x195 ../Bai03_bsp/\libhal_bsp.a(altera_avalon_jtag_uart_write.o)
 .debug_info    0x00000000000030c9      0x226 ../Bai03_bsp/\libhal_bsp.a(altera_avalon_timer_sc.o)
 .debug_info    0x00000000000032ef      0x321 ../Bai03_bsp/\libhal_bsp.a(alt_close.o)
 .debug_info    0x0000000000003610       0x92 ../Bai03_bsp/\libhal_bsp.a(alt_dcache_flush_all.o)
 .debug_info    0x00000000000036a2      0x49c ../Bai03_bsp/\libhal_bsp.a(alt_dev.o)
 .debug_info    0x0000000000003b3e      0x1a9 ../Bai03_bsp/\libhal_bsp.a(alt_dev_llist_insert.o)
 .debug_info    0x0000000000003ce7       0x83 ../Bai03_bsp/\libhal_bsp.a(alt_do_ctors.o)
 .debug_info    0x0000000000003d6a       0x83 ../Bai03_bsp/\libhal_bsp.a(alt_do_dtors.o)
 .debug_info    0x0000000000003ded       0xa6 ../Bai03_bsp/\libhal_bsp.a(alt_errno.o)
 .debug_info    0x0000000000003e93       0x92 ../Bai03_bsp/\libhal_bsp.a(alt_icache_flush_all.o)
 .debug_info    0x0000000000003f25      0x350 ../Bai03_bsp/\libhal_bsp.a(alt_iic.o)
 .debug_info    0x0000000000004275      0x1ef ../Bai03_bsp/\libhal_bsp.a(alt_iic_isr_register.o)
 .debug_info    0x0000000000004464      0x4a5 ../Bai03_bsp/\libhal_bsp.a(alt_io_redirect.o)
 .debug_info    0x0000000000004909       0x70 ../Bai03_bsp/\libhal_bsp.a(alt_irq_entry.o)
 .debug_info    0x0000000000004979      0x187 ../Bai03_bsp/\libhal_bsp.a(alt_irq_handler.o)
 .debug_info    0x0000000000004b00       0x88 ../Bai03_bsp/\libhal_bsp.a(alt_irq_vars.o)
 .debug_info    0x0000000000004b88      0x3bb ../Bai03_bsp/\libhal_bsp.a(alt_open.o)
 .debug_info    0x0000000000004f43      0x2b0 ../Bai03_bsp/\libhal_bsp.a(alt_release_fd.o)
 .debug_info    0x00000000000051f3      0x299 ../Bai03_bsp/\libhal_bsp.a(alt_tick.o)
 .debug_info    0x000000000000548c       0x92 ../Bai03_bsp/\libhal_bsp.a(altera_nios2_gen2_irq.o)
 .debug_info    0x000000000000551e       0x76 ../Bai03_bsp/\libhal_bsp.a(alt_exception_entry.o)
 .debug_info    0x0000000000005594      0x2e9 ../Bai03_bsp/\libhal_bsp.a(alt_find_dev.o)
 .debug_info    0x000000000000587d      0x2e6 ../Bai03_bsp/\libhal_bsp.a(alt_find_file.o)
 .debug_info    0x0000000000005b63      0x310 ../Bai03_bsp/\libhal_bsp.a(alt_get_fd.o)
 .debug_info    0x0000000000005e73      0x1e7 ../Bai03_bsp/\libhal_bsp.a(alt_instruction_exception_entry.o)
 .debug_info    0x000000000000605a       0xfe c:/intelfpga_lite/18.1/nios2eds/bin/gnu/h-x86_64-mingw32/bin/../lib/gcc/nios2-elf/5.3.0/../../../../../H-x86_64-mingw32/nios2-elf/lib/mno-hw-mul\libsmallc.a(lib_a-atexit.o)
 .debug_info    0x0000000000006158       0xe5 c:/intelfpga_lite/18.1/nios2eds/bin/gnu/h-x86_64-mingw32/bin/../lib/gcc/nios2-elf/5.3.0/../../../../../H-x86_64-mingw32/nios2-elf/lib/mno-hw-mul\libsmallc.a(lib_a-exit.o)
 .debug_info    0x000000000000623d       0xf4 c:/intelfpga_lite/18.1/nios2eds/bin/gnu/h-x86_64-mingw32/bin/../lib/gcc/nios2-elf/5.3.0/../../../../../H-x86_64-mingw32/nios2-elf/lib/mno-hw-mul\libsmallc.a(lib_a-memcmp.o)
 .debug_info    0x0000000000006331      0x64a c:/intelfpga_lite/18.1/nios2eds/bin/gnu/h-x86_64-mingw32/bin/../lib/gcc/nios2-elf/5.3.0/../../../../../H-x86_64-mingw32/nios2-elf/lib/mno-hw-mul\libsmallc.a(lib_a-__atexit.o)
 .debug_info    0x000000000000697b      0x67b c:/intelfpga_lite/18.1/nios2eds/bin/gnu/h-x86_64-mingw32/bin/../lib/gcc/nios2-elf/5.3.0/../../../../../H-x86_64-mingw32/nios2-elf/lib/mno-hw-mul\libsmallc.a(lib_a-__call_atexit.o)
 .debug_info    0x0000000000006ff6       0xec ../Bai03_bsp/\libhal_bsp.a(alt_exit.o)

.debug_abbrev   0x0000000000000000     0x290d
 *(.debug_abbrev)
 .debug_abbrev  0x0000000000000000       0x12 ../Bai03_bsp//obj/HAL/src/crt0.o
 .debug_abbrev  0x0000000000000012       0x67 obj/default/hello_world.o
 .debug_abbrev  0x0000000000000079      0x10e c:/intelfpga_lite/18.1/nios2eds/bin/gnu/h-x86_64-mingw32/bin/../lib/gcc/nios2-elf/5.3.0/mno-hw-mul\libgcc.a(lib2-divmod.o)
 .debug_abbrev  0x0000000000000187       0x6f c:/intelfpga_lite/18.1/nios2eds/bin/gnu/h-x86_64-mingw32/bin/../lib/gcc/nios2-elf/5.3.0/mno-hw-mul\libgcc.a(lib2-mul.o)
 .debug_abbrev  0x00000000000001f6      0x1d6 c:/intelfpga_lite/18.1/nios2eds/bin/gnu/h-x86_64-mingw32/bin/../lib/gcc/nios2-elf/5.3.0/../../../../../H-x86_64-mingw32/nios2-elf/lib/mno-hw-mul\libsmallc.a(lib_a-puts.o)
 .debug_abbrev  0x00000000000003cc       0x7f c:/intelfpga_lite/18.1/nios2eds/bin/gnu/h-x86_64-mingw32/bin/../lib/gcc/nios2-elf/5.3.0/../../../../../H-x86_64-mingw32/nios2-elf/lib/mno-hw-mul\libsmallc.a(lib_a-strlen.o)
 .debug_abbrev  0x000000000000044b      0x1bc c:/intelfpga_lite/18.1/nios2eds/bin/gnu/h-x86_64-mingw32/bin/../lib/gcc/nios2-elf/5.3.0/../../../../../H-x86_64-mingw32/nios2-elf/lib/mno-hw-mul\libsmallc.a(lib_a-fvwrite_small_dev.o)
 .debug_abbrev  0x0000000000000607      0x14a c:/intelfpga_lite/18.1/nios2eds/bin/gnu/h-x86_64-mingw32/bin/../lib/gcc/nios2-elf/5.3.0/../../../../../H-x86_64-mingw32/nios2-elf/lib/mno-hw-mul\libsmallc.a(lib_a-impure.o)
 .debug_abbrev  0x0000000000000751      0x1a6 c:/intelfpga_lite/18.1/nios2eds/bin/gnu/h-x86_64-mingw32/bin/../lib/gcc/nios2-elf/5.3.0/../../../../../H-x86_64-mingw32/nios2-elf/lib/mno-hw-mul\libsmallc.a(lib_a-writer.o)
 .debug_abbrev  0x00000000000008f7       0x37 c:/intelfpga_lite/18.1/nios2eds/bin/gnu/h-x86_64-mingw32/bin/../lib/gcc/nios2-elf/5.3.0/../../../../../H-x86_64-mingw32/nios2-elf/lib/mno-hw-mul\libsmallc.a(lib_a-int_errno.o)
 .debug_abbrev  0x000000000000092e       0x9f ../Bai03_bsp/\libhal_bsp.a(alt_load.o)
 .debug_abbrev  0x00000000000009cd       0xba ../Bai03_bsp/\libhal_bsp.a(alt_main.o)
 .debug_abbrev  0x0000000000000a87      0x133 ../Bai03_bsp/\libhal_bsp.a(alt_write.o)
 .debug_abbrev  0x0000000000000bba      0x157 ../Bai03_bsp/\libhal_bsp.a(alt_sys_init.o)
 .debug_abbrev  0x0000000000000d11       0xf7 ../Bai03_bsp/\libhal_bsp.a(altera_avalon_jtag_uart_fd.o)
 .debug_abbrev  0x0000000000000e08       0xd5 ../Bai03_bsp/\libhal_bsp.a(altera_avalon_jtag_uart_read.o)
 .debug_abbrev  0x0000000000000edd       0xd5 ../Bai03_bsp/\libhal_bsp.a(altera_avalon_jtag_uart_write.o)
 .debug_abbrev  0x0000000000000fb2      0x155 ../Bai03_bsp/\libhal_bsp.a(altera_avalon_timer_sc.o)
 .debug_abbrev  0x0000000000001107      0x11f ../Bai03_bsp/\libhal_bsp.a(alt_close.o)
 .debug_abbrev  0x0000000000001226       0x42 ../Bai03_bsp/\libhal_bsp.a(alt_dcache_flush_all.o)
 .debug_abbrev  0x0000000000001268       0xd9 ../Bai03_bsp/\libhal_bsp.a(alt_dev.o)
 .debug_abbrev  0x0000000000001341      0x114 ../Bai03_bsp/\libhal_bsp.a(alt_dev_llist_insert.o)
 .debug_abbrev  0x0000000000001455       0x79 ../Bai03_bsp/\libhal_bsp.a(alt_do_ctors.o)
 .debug_abbrev  0x00000000000014ce       0x79 ../Bai03_bsp/\libhal_bsp.a(alt_do_dtors.o)
 .debug_abbrev  0x0000000000001547       0x5a ../Bai03_bsp/\libhal_bsp.a(alt_errno.o)
 .debug_abbrev  0x00000000000015a1       0x42 ../Bai03_bsp/\libhal_bsp.a(alt_icache_flush_all.o)
 .debug_abbrev  0x00000000000015e3      0x163 ../Bai03_bsp/\libhal_bsp.a(alt_iic.o)
 .debug_abbrev  0x0000000000001746      0x169 ../Bai03_bsp/\libhal_bsp.a(alt_iic_isr_register.o)
 .debug_abbrev  0x00000000000018af      0x114 ../Bai03_bsp/\libhal_bsp.a(alt_io_redirect.o)
 .debug_abbrev  0x00000000000019c3       0x12 ../Bai03_bsp/\libhal_bsp.a(alt_irq_entry.o)
 .debug_abbrev  0x00000000000019d5      0x122 ../Bai03_bsp/\libhal_bsp.a(alt_irq_handler.o)
 .debug_abbrev  0x0000000000001af7       0x40 ../Bai03_bsp/\libhal_bsp.a(alt_irq_vars.o)
 .debug_abbrev  0x0000000000001b37      0x148 ../Bai03_bsp/\libhal_bsp.a(alt_open.o)
 .debug_abbrev  0x0000000000001c7f       0xde ../Bai03_bsp/\libhal_bsp.a(alt_release_fd.o)
 .debug_abbrev  0x0000000000001d5d      0x15a ../Bai03_bsp/\libhal_bsp.a(alt_tick.o)
 .debug_abbrev  0x0000000000001eb7       0x42 ../Bai03_bsp/\libhal_bsp.a(altera_nios2_gen2_irq.o)
 .debug_abbrev  0x0000000000001ef9       0x12 ../Bai03_bsp/\libhal_bsp.a(alt_exception_entry.o)
 .debug_abbrev  0x0000000000001f0b       0xf0 ../Bai03_bsp/\libhal_bsp.a(alt_find_dev.o)
 .debug_abbrev  0x0000000000001ffb       0xf0 ../Bai03_bsp/\libhal_bsp.a(alt_find_file.o)
 .debug_abbrev  0x00000000000020eb      0x10d ../Bai03_bsp/\libhal_bsp.a(alt_get_fd.o)
 .debug_abbrev  0x00000000000021f8       0xdc ../Bai03_bsp/\libhal_bsp.a(alt_instruction_exception_entry.o)
 .debug_abbrev  0x00000000000022d4       0xaa c:/intelfpga_lite/18.1/nios2eds/bin/gnu/h-x86_64-mingw32/bin/../lib/gcc/nios2-elf/5.3.0/../../../../../H-x86_64-mingw32/nios2-elf/lib/mno-hw-mul\libsmallc.a(lib_a-atexit.o)
 .debug_abbrev  0x000000000000237e       0x8b c:/intelfpga_lite/18.1/nios2eds/bin/gnu/h-x86_64-mingw32/bin/../lib/gcc/nios2-elf/5.3.0/../../../../../H-x86_64-mingw32/nios2-elf/lib/mno-hw-mul\libsmallc.a(lib_a-exit.o)
 .debug_abbrev  0x0000000000002409       0x7f c:/intelfpga_lite/18.1/nios2eds/bin/gnu/h-x86_64-mingw32/bin/../lib/gcc/nios2-elf/5.3.0/../../../../../H-x86_64-mingw32/nios2-elf/lib/mno-hw-mul\libsmallc.a(lib_a-memcmp.o)
 .debug_abbrev  0x0000000000002488      0x1e6 c:/intelfpga_lite/18.1/nios2eds/bin/gnu/h-x86_64-mingw32/bin/../lib/gcc/nios2-elf/5.3.0/../../../../../H-x86_64-mingw32/nios2-elf/lib/mno-hw-mul\libsmallc.a(lib_a-__atexit.o)
 .debug_abbrev  0x000000000000266e      0x1f6 c:/intelfpga_lite/18.1/nios2eds/bin/gnu/h-x86_64-mingw32/bin/../lib/gcc/nios2-elf/5.3.0/../../../../../H-x86_64-mingw32/nios2-elf/lib/mno-hw-mul\libsmallc.a(lib_a-__call_atexit.o)
 .debug_abbrev  0x0000000000002864       0xa9 ../Bai03_bsp/\libhal_bsp.a(alt_exit.o)

.debug_line     0x0000000000000000     0x2c68
 *(.debug_line)
 .debug_line    0x0000000000000000       0x66 ../Bai03_bsp//obj/HAL/src/crt0.o
 .debug_line    0x0000000000000066       0xc8 obj/default/hello_world.o
 .debug_line    0x000000000000012e      0x105 c:/intelfpga_lite/18.1/nios2eds/bin/gnu/h-x86_64-mingw32/bin/../lib/gcc/nios2-elf/5.3.0/mno-hw-mul\libgcc.a(lib2-divmod.o)
 .debug_line    0x0000000000000233       0x80 c:/intelfpga_lite/18.1/nios2eds/bin/gnu/h-x86_64-mingw32/bin/../lib/gcc/nios2-elf/5.3.0/mno-hw-mul\libgcc.a(lib2-mul.o)
 .debug_line    0x00000000000002b3      0x206 c:/intelfpga_lite/18.1/nios2eds/bin/gnu/h-x86_64-mingw32/bin/../lib/gcc/nios2-elf/5.3.0/../../../../../H-x86_64-mingw32/nios2-elf/lib/mno-hw-mul\libsmallc.a(lib_a-puts.o)
 .debug_line    0x00000000000004b9      0x15c c:/intelfpga_lite/18.1/nios2eds/bin/gnu/h-x86_64-mingw32/bin/../lib/gcc/nios2-elf/5.3.0/../../../../../H-x86_64-mingw32/nios2-elf/lib/mno-hw-mul\libsmallc.a(lib_a-strlen.o)
 .debug_line    0x0000000000000615      0x1f0 c:/intelfpga_lite/18.1/nios2eds/bin/gnu/h-x86_64-mingw32/bin/../lib/gcc/nios2-elf/5.3.0/../../../../../H-x86_64-mingw32/nios2-elf/lib/mno-hw-mul\libsmallc.a(lib_a-fvwrite_small_dev.o)
 .debug_line    0x0000000000000805      0x156 c:/intelfpga_lite/18.1/nios2eds/bin/gnu/h-x86_64-mingw32/bin/../lib/gcc/nios2-elf/5.3.0/../../../../../H-x86_64-mingw32/nios2-elf/lib/mno-hw-mul\libsmallc.a(lib_a-impure.o)
 .debug_line    0x000000000000095b      0x1ed c:/intelfpga_lite/18.1/nios2eds/bin/gnu/h-x86_64-mingw32/bin/../lib/gcc/nios2-elf/5.3.0/../../../../../H-x86_64-mingw32/nios2-elf/lib/mno-hw-mul\libsmallc.a(lib_a-writer.o)
 .debug_line    0x0000000000000b48       0x5f c:/intelfpga_lite/18.1/nios2eds/bin/gnu/h-x86_64-mingw32/bin/../lib/gcc/nios2-elf/5.3.0/../../../../../H-x86_64-mingw32/nios2-elf/lib/mno-hw-mul\libsmallc.a(lib_a-int_errno.o)
 .debug_line    0x0000000000000ba7       0x8e ../Bai03_bsp/\libhal_bsp.a(alt_load.o)
 .debug_line    0x0000000000000c35       0xa4 ../Bai03_bsp/\libhal_bsp.a(alt_main.o)
 .debug_line    0x0000000000000cd9      0x1db ../Bai03_bsp/\libhal_bsp.a(alt_write.o)
 .debug_line    0x0000000000000eb4      0x141 ../Bai03_bsp/\libhal_bsp.a(alt_sys_init.o)
 .debug_line    0x0000000000000ff5      0x112 ../Bai03_bsp/\libhal_bsp.a(altera_avalon_jtag_uart_fd.o)
 .debug_line    0x0000000000001107       0xfd ../Bai03_bsp/\libhal_bsp.a(altera_avalon_jtag_uart_read.o)
 .debug_line    0x0000000000001204       0xf4 ../Bai03_bsp/\libhal_bsp.a(altera_avalon_jtag_uart_write.o)
 .debug_line    0x00000000000012f8       0xfd ../Bai03_bsp/\libhal_bsp.a(altera_avalon_timer_sc.o)
 .debug_line    0x00000000000013f5      0x165 ../Bai03_bsp/\libhal_bsp.a(alt_close.o)
 .debug_line    0x000000000000155a       0x51 ../Bai03_bsp/\libhal_bsp.a(alt_dcache_flush_all.o)
 .debug_line    0x00000000000015ab       0xf8 ../Bai03_bsp/\libhal_bsp.a(alt_dev.o)
 .debug_line    0x00000000000016a3       0xcf ../Bai03_bsp/\libhal_bsp.a(alt_dev_llist_insert.o)
 .debug_line    0x0000000000001772       0x59 ../Bai03_bsp/\libhal_bsp.a(alt_do_ctors.o)
 .debug_line    0x00000000000017cb       0x59 ../Bai03_bsp/\libhal_bsp.a(alt_do_dtors.o)
 .debug_line    0x0000000000001824       0x51 ../Bai03_bsp/\libhal_bsp.a(alt_errno.o)
 .debug_line    0x0000000000001875       0x4f ../Bai03_bsp/\libhal_bsp.a(alt_icache_flush_all.o)
 .debug_line    0x00000000000018c4       0xeb ../Bai03_bsp/\libhal_bsp.a(alt_iic.o)
 .debug_line    0x00000000000019af       0xdb ../Bai03_bsp/\libhal_bsp.a(alt_iic_isr_register.o)
 .debug_line    0x0000000000001a8a      0x135 ../Bai03_bsp/\libhal_bsp.a(alt_io_redirect.o)
 .debug_line    0x0000000000001bbf       0x6b ../Bai03_bsp/\libhal_bsp.a(alt_irq_entry.o)
 .debug_line    0x0000000000001c2a       0xaa ../Bai03_bsp/\libhal_bsp.a(alt_irq_handler.o)
 .debug_line    0x0000000000001cd4       0x50 ../Bai03_bsp/\libhal_bsp.a(alt_irq_vars.o)
 .debug_line    0x0000000000001d24      0x12b ../Bai03_bsp/\libhal_bsp.a(alt_open.o)
 .debug_line    0x0000000000001e4f       0xb0 ../Bai03_bsp/\libhal_bsp.a(alt_release_fd.o)
 .debug_line    0x0000000000001eff       0xff ../Bai03_bsp/\libhal_bsp.a(alt_tick.o)
 .debug_line    0x0000000000001ffe       0x51 ../Bai03_bsp/\libhal_bsp.a(altera_nios2_gen2_irq.o)
 .debug_line    0x000000000000204f       0xb3 ../Bai03_bsp/\libhal_bsp.a(alt_exception_entry.o)
 .debug_line    0x0000000000002102       0xb5 ../Bai03_bsp/\libhal_bsp.a(alt_find_dev.o)
 .debug_line    0x00000000000021b7       0xd1 ../Bai03_bsp/\libhal_bsp.a(alt_find_file.o)
 .debug_line    0x0000000000002288       0xd7 ../Bai03_bsp/\libhal_bsp.a(alt_get_fd.o)
 .debug_line    0x000000000000235f       0xb9 ../Bai03_bsp/\libhal_bsp.a(alt_instruction_exception_entry.o)
 .debug_line    0x0000000000002418       0xe7 c:/intelfpga_lite/18.1/nios2eds/bin/gnu/h-x86_64-mingw32/bin/../lib/gcc/nios2-elf/5.3.0/../../../../../H-x86_64-mingw32/nios2-elf/lib/mno-hw-mul\libsmallc.a(lib_a-atexit.o)
 .debug_line    0x00000000000024ff      0x159 c:/intelfpga_lite/18.1/nios2eds/bin/gnu/h-x86_64-mingw32/bin/../lib/gcc/nios2-elf/5.3.0/../../../../../H-x86_64-mingw32/nios2-elf/lib/mno-hw-mul\libsmallc.a(lib_a-exit.o)
 .debug_line    0x0000000000002658      0x160 c:/intelfpga_lite/18.1/nios2eds/bin/gnu/h-x86_64-mingw32/bin/../lib/gcc/nios2-elf/5.3.0/../../../../../H-x86_64-mingw32/nios2-elf/lib/mno-hw-mul\libsmallc.a(lib_a-memcmp.o)
 .debug_line    0x00000000000027b8      0x20d c:/intelfpga_lite/18.1/nios2eds/bin/gnu/h-x86_64-mingw32/bin/../lib/gcc/nios2-elf/5.3.0/../../../../../H-x86_64-mingw32/nios2-elf/lib/mno-hw-mul\libsmallc.a(lib_a-__atexit.o)
 .debug_line    0x00000000000029c5      0x232 c:/intelfpga_lite/18.1/nios2eds/bin/gnu/h-x86_64-mingw32/bin/../lib/gcc/nios2-elf/5.3.0/../../../../../H-x86_64-mingw32/nios2-elf/lib/mno-hw-mul\libsmallc.a(lib_a-__call_atexit.o)
 .debug_line    0x0000000000002bf7       0x71 ../Bai03_bsp/\libhal_bsp.a(alt_exit.o)

.debug_frame    0x0000000000000000      0xb04
 *(.debug_frame)
 .debug_frame   0x0000000000000000       0x30 obj/default/hello_world.o
 .debug_frame   0x0000000000000030       0x50 c:/intelfpga_lite/18.1/nios2eds/bin/gnu/h-x86_64-mingw32/bin/../lib/gcc/nios2-elf/5.3.0/mno-hw-mul\libgcc.a(lib2-divmod.o)
 .debug_frame   0x0000000000000080       0x20 c:/intelfpga_lite/18.1/nios2eds/bin/gnu/h-x86_64-mingw32/bin/../lib/gcc/nios2-elf/5.3.0/mno-hw-mul\libgcc.a(lib2-mul.o)
 .debug_frame   0x00000000000000a0       0x48 c:/intelfpga_lite/18.1/nios2eds/bin/gnu/h-x86_64-mingw32/bin/../lib/gcc/nios2-elf/5.3.0/../../../../../H-x86_64-mingw32/nios2-elf/lib/mno-hw-mul\libsmallc.a(lib_a-puts.o)
 .debug_frame   0x00000000000000e8       0x20 c:/intelfpga_lite/18.1/nios2eds/bin/gnu/h-x86_64-mingw32/bin/../lib/gcc/nios2-elf/5.3.0/../../../../../H-x86_64-mingw32/nios2-elf/lib/mno-hw-mul\libsmallc.a(lib_a-strlen.o)
 .debug_frame   0x0000000000000108       0x58 c:/intelfpga_lite/18.1/nios2eds/bin/gnu/h-x86_64-mingw32/bin/../lib/gcc/nios2-elf/5.3.0/../../../../../H-x86_64-mingw32/nios2-elf/lib/mno-hw-mul\libsmallc.a(lib_a-fvwrite_small_dev.o)
 .debug_frame   0x0000000000000160       0x38 c:/intelfpga_lite/18.1/nios2eds/bin/gnu/h-x86_64-mingw32/bin/../lib/gcc/nios2-elf/5.3.0/../../../../../H-x86_64-mingw32/nios2-elf/lib/mno-hw-mul\libsmallc.a(lib_a-writer.o)
 .debug_frame   0x0000000000000198       0x5c ../Bai03_bsp/\libhal_bsp.a(alt_load.o)
 .debug_frame   0x00000000000001f4       0x2c ../Bai03_bsp/\libhal_bsp.a(alt_main.o)
 .debug_frame   0x0000000000000220       0x60 ../Bai03_bsp/\libhal_bsp.a(alt_write.o)
 .debug_frame   0x0000000000000280       0x88 ../Bai03_bsp/\libhal_bsp.a(alt_sys_init.o)
 .debug_frame   0x0000000000000308       0x60 ../Bai03_bsp/\libhal_bsp.a(altera_avalon_jtag_uart_fd.o)
 .debug_frame   0x0000000000000368       0x34 ../Bai03_bsp/\libhal_bsp.a(altera_avalon_jtag_uart_read.o)
 .debug_frame   0x000000000000039c       0x34 ../Bai03_bsp/\libhal_bsp.a(altera_avalon_jtag_uart_write.o)
 .debug_frame   0x00000000000003d0       0x60 ../Bai03_bsp/\libhal_bsp.a(altera_avalon_timer_sc.o)
 .debug_frame   0x0000000000000430       0x60 ../Bai03_bsp/\libhal_bsp.a(alt_close.o)
 .debug_frame   0x0000000000000490       0x34 ../Bai03_bsp/\libhal_bsp.a(alt_dcache_flush_all.o)
 .debug_frame   0x00000000000004c4       0x34 ../Bai03_bsp/\libhal_bsp.a(alt_dev.o)
 .debug_frame   0x00000000000004f8       0x60 ../Bai03_bsp/\libhal_bsp.a(alt_dev_llist_insert.o)
 .debug_frame   0x0000000000000558       0x38 ../Bai03_bsp/\libhal_bsp.a(alt_do_ctors.o)
 .debug_frame   0x0000000000000590       0x38 ../Bai03_bsp/\libhal_bsp.a(alt_do_dtors.o)
 .debug_frame   0x00000000000005c8       0x34 ../Bai03_bsp/\libhal_bsp.a(alt_icache_flush_all.o)
 .debug_frame   0x00000000000005fc       0xa4 ../Bai03_bsp/\libhal_bsp.a(alt_iic.o)
 .debug_frame   0x00000000000006a0       0x38 ../Bai03_bsp/\libhal_bsp.a(alt_iic_isr_register.o)
 .debug_frame   0x00000000000006d8       0x64 ../Bai03_bsp/\libhal_bsp.a(alt_io_redirect.o)
 .debug_frame   0x000000000000073c       0x38 ../Bai03_bsp/\libhal_bsp.a(alt_irq_handler.o)
 .debug_frame   0x0000000000000774       0x8c ../Bai03_bsp/\libhal_bsp.a(alt_open.o)
 .debug_frame   0x0000000000000800       0x3c ../Bai03_bsp/\libhal_bsp.a(alt_release_fd.o)
 .debug_frame   0x000000000000083c       0x5c ../Bai03_bsp/\libhal_bsp.a(alt_tick.o)
 .debug_frame   0x0000000000000898       0x34 ../Bai03_bsp/\libhal_bsp.a(altera_nios2_gen2_irq.o)
 .debug_frame   0x00000000000008cc       0x38 ../Bai03_bsp/\libhal_bsp.a(alt_find_dev.o)
 .debug_frame   0x0000000000000904       0x38 ../Bai03_bsp/\libhal_bsp.a(alt_find_file.o)
 .debug_frame   0x000000000000093c       0x3c ../Bai03_bsp/\libhal_bsp.a(alt_get_fd.o)
 .debug_frame   0x0000000000000978       0x5c ../Bai03_bsp/\libhal_bsp.a(alt_instruction_exception_entry.o)
 .debug_frame   0x00000000000009d4       0x20 c:/intelfpga_lite/18.1/nios2eds/bin/gnu/h-x86_64-mingw32/bin/../lib/gcc/nios2-elf/5.3.0/../../../../../H-x86_64-mingw32/nios2-elf/lib/mno-hw-mul\libsmallc.a(lib_a-atexit.o)
 .debug_frame   0x00000000000009f4       0x28 c:/intelfpga_lite/18.1/nios2eds/bin/gnu/h-x86_64-mingw32/bin/../lib/gcc/nios2-elf/5.3.0/../../../../../H-x86_64-mingw32/nios2-elf/lib/mno-hw-mul\libsmallc.a(lib_a-exit.o)
 .debug_frame   0x0000000000000a1c       0x20 c:/intelfpga_lite/18.1/nios2eds/bin/gnu/h-x86_64-mingw32/bin/../lib/gcc/nios2-elf/5.3.0/../../../../../H-x86_64-mingw32/nios2-elf/lib/mno-hw-mul\libsmallc.a(lib_a-memcmp.o)
 .debug_frame   0x0000000000000a3c       0x48 c:/intelfpga_lite/18.1/nios2eds/bin/gnu/h-x86_64-mingw32/bin/../lib/gcc/nios2-elf/5.3.0/../../../../../H-x86_64-mingw32/nios2-elf/lib/mno-hw-mul\libsmallc.a(lib_a-__atexit.o)
 .debug_frame   0x0000000000000a84       0x54 c:/intelfpga_lite/18.1/nios2eds/bin/gnu/h-x86_64-mingw32/bin/../lib/gcc/nios2-elf/5.3.0/../../../../../H-x86_64-mingw32/nios2-elf/lib/mno-hw-mul\libsmallc.a(lib_a-__call_atexit.o)
 .debug_frame   0x0000000000000ad8       0x2c ../Bai03_bsp/\libhal_bsp.a(alt_exit.o)

.debug_str      0x0000000000000000     0x1b72
 *(.debug_str)
 .debug_str     0x0000000000000000      0x12d obj/default/hello_world.o
                                        0x176 (size before relaxing)
 .debug_str     0x000000000000012d      0x187 c:/intelfpga_lite/18.1/nios2eds/bin/gnu/h-x86_64-mingw32/bin/../lib/gcc/nios2-elf/5.3.0/mno-hw-mul\libgcc.a(lib2-divmod.o)
                                        0x1d2 (size before relaxing)
 .debug_str     0x00000000000002b4       0x40 c:/intelfpga_lite/18.1/nios2eds/bin/gnu/h-x86_64-mingw32/bin/../lib/gcc/nios2-elf/5.3.0/mno-hw-mul\libgcc.a(lib2-mul.o)
                                        0x193 (size before relaxing)
 .debug_str     0x00000000000002f4      0x3eb c:/intelfpga_lite/18.1/nios2eds/bin/gnu/h-x86_64-mingw32/bin/../lib/gcc/nios2-elf/5.3.0/../../../../../H-x86_64-mingw32/nios2-elf/lib/mno-hw-mul\libsmallc.a(lib_a-puts.o)
                                        0x4cd (size before relaxing)
 .debug_str     0x00000000000006df       0xd2 c:/intelfpga_lite/18.1/nios2eds/bin/gnu/h-x86_64-mingw32/bin/../lib/gcc/nios2-elf/5.3.0/../../../../../H-x86_64-mingw32/nios2-elf/lib/mno-hw-mul\libsmallc.a(lib_a-strlen.o)
                                        0x1e5 (size before relaxing)
 .debug_str     0x00000000000007b1       0x63 c:/intelfpga_lite/18.1/nios2eds/bin/gnu/h-x86_64-mingw32/bin/../lib/gcc/nios2-elf/5.3.0/../../../../../H-x86_64-mingw32/nios2-elf/lib/mno-hw-mul\libsmallc.a(lib_a-fvwrite_small_dev.o)
                                        0x4d4 (size before relaxing)
 .debug_str     0x0000000000000814       0xef c:/intelfpga_lite/18.1/nios2eds/bin/gnu/h-x86_64-mingw32/bin/../lib/gcc/nios2-elf/5.3.0/../../../../../H-x86_64-mingw32/nios2-elf/lib/mno-hw-mul\libsmallc.a(lib_a-impure.o)
                                        0x4be (size before relaxing)
 .debug_str     0x0000000000000903       0x45 c:/intelfpga_lite/18.1/nios2eds/bin/gnu/h-x86_64-mingw32/bin/../lib/gcc/nios2-elf/5.3.0/../../../../../H-x86_64-mingw32/nios2-elf/lib/mno-hw-mul\libsmallc.a(lib_a-writer.o)
                                        0x4b8 (size before relaxing)
 .debug_str     0x0000000000000948       0x3f c:/intelfpga_lite/18.1/nios2eds/bin/gnu/h-x86_64-mingw32/bin/../lib/gcc/nios2-elf/5.3.0/../../../../../H-x86_64-mingw32/nios2-elf/lib/mno-hw-mul\libsmallc.a(lib_a-int_errno.o)
                                        0x1d8 (size before relaxing)
 .debug_str     0x0000000000000987      0x124 ../Bai03_bsp/\libhal_bsp.a(alt_load.o)
                                        0x20b (size before relaxing)
 .debug_str     0x0000000000000aab       0x70 ../Bai03_bsp/\libhal_bsp.a(alt_main.o)
                                        0x196 (size before relaxing)
 .debug_str     0x0000000000000b1b      0x15f ../Bai03_bsp/\libhal_bsp.a(alt_write.o)
                                        0x2f1 (size before relaxing)
 .debug_str     0x0000000000000c7a      0x138 ../Bai03_bsp/\libhal_bsp.a(alt_sys_init.o)
                                        0x305 (size before relaxing)
 .debug_str     0x0000000000000db2       0x77 ../Bai03_bsp/\libhal_bsp.a(altera_avalon_jtag_uart_fd.o)
                                        0x2ce (size before relaxing)
 .debug_str     0x0000000000000e29       0x48 ../Bai03_bsp/\libhal_bsp.a(altera_avalon_jtag_uart_read.o)
                                        0x218 (size before relaxing)
 .debug_str     0x0000000000000e71       0x4a ../Bai03_bsp/\libhal_bsp.a(altera_avalon_jtag_uart_write.o)
                                        0x20e (size before relaxing)
 .debug_str     0x0000000000000ebb       0xb6 ../Bai03_bsp/\libhal_bsp.a(altera_avalon_timer_sc.o)
                                        0x244 (size before relaxing)
 .debug_str     0x0000000000000f71       0x1b ../Bai03_bsp/\libhal_bsp.a(alt_close.o)
                                        0x204 (size before relaxing)
 .debug_str     0x0000000000000f8c       0x34 ../Bai03_bsp/\libhal_bsp.a(alt_dcache_flush_all.o)
                                        0x14e (size before relaxing)
 .debug_str     0x0000000000000fc0       0x50 ../Bai03_bsp/\libhal_bsp.a(alt_dev.o)
                                        0x2fe (size before relaxing)
 .debug_str     0x0000000000001010       0x45 ../Bai03_bsp/\libhal_bsp.a(alt_dev_llist_insert.o)
                                        0x1c5 (size before relaxing)
 .debug_str     0x0000000000001055       0x48 ../Bai03_bsp/\libhal_bsp.a(alt_do_ctors.o)
                                         0xc9 (size before relaxing)
 .debug_str     0x000000000000109d       0x4c ../Bai03_bsp/\libhal_bsp.a(alt_do_dtors.o)
                                         0xc8 (size before relaxing)
 .debug_str     0x00000000000010e9       0x14 ../Bai03_bsp/\libhal_bsp.a(alt_errno.o)
                                        0x13e (size before relaxing)
 .debug_str     0x00000000000010fd       0x34 ../Bai03_bsp/\libhal_bsp.a(alt_icache_flush_all.o)
                                        0x14e (size before relaxing)
 .debug_str     0x0000000000001131       0xc4 ../Bai03_bsp/\libhal_bsp.a(alt_iic.o)
                                        0x237 (size before relaxing)
 .debug_str     0x00000000000011f5       0x4c ../Bai03_bsp/\libhal_bsp.a(alt_iic_isr_register.o)
                                        0x1e1 (size before relaxing)
 .debug_str     0x0000000000001241       0x56 ../Bai03_bsp/\libhal_bsp.a(alt_io_redirect.o)
                                        0x30f (size before relaxing)
 .debug_str     0x0000000000001297       0x3a ../Bai03_bsp/\libhal_bsp.a(alt_irq_handler.o)
                                        0x190 (size before relaxing)
 .debug_str     0x00000000000012d1       0x17 ../Bai03_bsp/\libhal_bsp.a(alt_irq_vars.o)
                                        0x133 (size before relaxing)
 .debug_str     0x00000000000012e8       0x2f ../Bai03_bsp/\libhal_bsp.a(alt_open.o)
                                        0x244 (size before relaxing)
 .debug_str     0x0000000000001317       0x28 ../Bai03_bsp/\libhal_bsp.a(alt_release_fd.o)
                                        0x1cc (size before relaxing)
 .debug_str     0x000000000000133f       0x78 ../Bai03_bsp/\libhal_bsp.a(alt_tick.o)
                                        0x24b (size before relaxing)
 .debug_str     0x00000000000013b7       0x3b ../Bai03_bsp/\libhal_bsp.a(altera_nios2_gen2_irq.o)
                                        0x155 (size before relaxing)
 .debug_str     0x00000000000013f2       0x24 ../Bai03_bsp/\libhal_bsp.a(alt_find_dev.o)
                                        0x1e5 (size before relaxing)
 .debug_str     0x0000000000001416       0x26 ../Bai03_bsp/\libhal_bsp.a(alt_find_file.o)
                                        0x1f3 (size before relaxing)
 .debug_str     0x000000000000143c       0x30 ../Bai03_bsp/\libhal_bsp.a(alt_get_fd.o)
                                        0x215 (size before relaxing)
 .debug_str     0x000000000000146c      0x48b ../Bai03_bsp/\libhal_bsp.a(alt_instruction_exception_entry.o)
                                        0x599 (size before relaxing)
 .debug_str     0x00000000000018f7      0x116 c:/intelfpga_lite/18.1/nios2eds/bin/gnu/h-x86_64-mingw32/bin/../lib/gcc/nios2-elf/5.3.0/../../../../../H-x86_64-mingw32/nios2-elf/lib/mno-hw-mul\libsmallc.a(lib_a-atexit.o)
                                        0x21c (size before relaxing)
 .debug_str     0x0000000000001a0d       0x4c c:/intelfpga_lite/18.1/nios2eds/bin/gnu/h-x86_64-mingw32/bin/../lib/gcc/nios2-elf/5.3.0/../../../../../H-x86_64-mingw32/nios2-elf/lib/mno-hw-mul\libsmallc.a(lib_a-exit.o)
                                        0x1f0 (size before relaxing)
 .debug_str     0x0000000000001a59       0x44 c:/intelfpga_lite/18.1/nios2eds/bin/gnu/h-x86_64-mingw32/bin/../lib/gcc/nios2-elf/5.3.0/../../../../../H-x86_64-mingw32/nios2-elf/lib/mno-hw-mul\libsmallc.a(lib_a-memcmp.o)
                                        0x1df (size before relaxing)
 .debug_str     0x0000000000001a9d       0x46 c:/intelfpga_lite/18.1/nios2eds/bin/gnu/h-x86_64-mingw32/bin/../lib/gcc/nios2-elf/5.3.0/../../../../../H-x86_64-mingw32/nios2-elf/lib/mno-hw-mul\libsmallc.a(lib_a-__atexit.o)
                                        0x4ff (size before relaxing)
 .debug_str     0x0000000000001ae3       0x65 c:/intelfpga_lite/18.1/nios2eds/bin/gnu/h-x86_64-mingw32/bin/../lib/gcc/nios2-elf/5.3.0/../../../../../H-x86_64-mingw32/nios2-elf/lib/mno-hw-mul\libsmallc.a(lib_a-__call_atexit.o)
                                        0x4eb (size before relaxing)
 .debug_str     0x0000000000001b48       0x2a ../Bai03_bsp/\libhal_bsp.a(alt_exit.o)
                                        0x14a (size before relaxing)

.debug_loc      0x0000000000000000      0xbc0
 *(.debug_loc)
 .debug_loc     0x0000000000000000      0x4ce c:/intelfpga_lite/18.1/nios2eds/bin/gnu/h-x86_64-mingw32/bin/../lib/gcc/nios2-elf/5.3.0/mno-hw-mul\libgcc.a(lib2-divmod.o)
 .debug_loc     0x00000000000004ce       0x93 c:/intelfpga_lite/18.1/nios2eds/bin/gnu/h-x86_64-mingw32/bin/../lib/gcc/nios2-elf/5.3.0/mno-hw-mul\libgcc.a(lib2-mul.o)
 .debug_loc     0x0000000000000561       0x97 c:/intelfpga_lite/18.1/nios2eds/bin/gnu/h-x86_64-mingw32/bin/../lib/gcc/nios2-elf/5.3.0/../../../../../H-x86_64-mingw32/nios2-elf/lib/mno-hw-mul\libsmallc.a(lib_a-puts.o)
 .debug_loc     0x00000000000005f8       0x1e c:/intelfpga_lite/18.1/nios2eds/bin/gnu/h-x86_64-mingw32/bin/../lib/gcc/nios2-elf/5.3.0/../../../../../H-x86_64-mingw32/nios2-elf/lib/mno-hw-mul\libsmallc.a(lib_a-strlen.o)
 .debug_loc     0x0000000000000616      0x110 c:/intelfpga_lite/18.1/nios2eds/bin/gnu/h-x86_64-mingw32/bin/../lib/gcc/nios2-elf/5.3.0/../../../../../H-x86_64-mingw32/nios2-elf/lib/mno-hw-mul\libsmallc.a(lib_a-fvwrite_small_dev.o)
 .debug_loc     0x0000000000000726       0xa5 c:/intelfpga_lite/18.1/nios2eds/bin/gnu/h-x86_64-mingw32/bin/../lib/gcc/nios2-elf/5.3.0/../../../../../H-x86_64-mingw32/nios2-elf/lib/mno-hw-mul\libsmallc.a(lib_a-writer.o)
 .debug_loc     0x00000000000007cb       0x2c c:/intelfpga_lite/18.1/nios2eds/bin/gnu/h-x86_64-mingw32/bin/../lib/gcc/nios2-elf/5.3.0/../../../../../H-x86_64-mingw32/nios2-elf/lib/mno-hw-mul\libsmallc.a(lib_a-atexit.o)
 .debug_loc     0x00000000000007f7       0x1e c:/intelfpga_lite/18.1/nios2eds/bin/gnu/h-x86_64-mingw32/bin/../lib/gcc/nios2-elf/5.3.0/../../../../../H-x86_64-mingw32/nios2-elf/lib/mno-hw-mul\libsmallc.a(lib_a-exit.o)
 .debug_loc     0x0000000000000815       0x94 c:/intelfpga_lite/18.1/nios2eds/bin/gnu/h-x86_64-mingw32/bin/../lib/gcc/nios2-elf/5.3.0/../../../../../H-x86_64-mingw32/nios2-elf/lib/mno-hw-mul\libsmallc.a(lib_a-memcmp.o)
 .debug_loc     0x00000000000008a9      0x1c0 c:/intelfpga_lite/18.1/nios2eds/bin/gnu/h-x86_64-mingw32/bin/../lib/gcc/nios2-elf/5.3.0/../../../../../H-x86_64-mingw32/nios2-elf/lib/mno-hw-mul\libsmallc.a(lib_a-__atexit.o)
 .debug_loc     0x0000000000000a69      0x157 c:/intelfpga_lite/18.1/nios2eds/bin/gnu/h-x86_64-mingw32/bin/../lib/gcc/nios2-elf/5.3.0/../../../../../H-x86_64-mingw32/nios2-elf/lib/mno-hw-mul\libsmallc.a(lib_a-__call_atexit.o)

.debug_macinfo
 *(.debug_macinfo)

.debug_weaknames
 *(.debug_weaknames)

.debug_funcnames
 *(.debug_funcnames)

.debug_typenames
 *(.debug_typenames)

.debug_varnames
 *(.debug_varnames)

.debug_alt_sim_info
                0x0000000000000000       0x10
 *(.debug_alt_sim_info)
 .debug_alt_sim_info
                0x0000000000000000       0x10 ../Bai03_bsp//obj/HAL/src/crt0.o
                0x0000000000010000                __alt_data_end = 0x10000
                0x0000000000010000                PROVIDE (__alt_stack_pointer, __alt_data_end)
                [!provide]                        PROVIDE (__alt_stack_limit, __alt_stack_base)
                [!provide]                        PROVIDE (__alt_heap_start, end)
                [!provide]                        PROVIDE (__alt_heap_limit, 0x10000)
OUTPUT(Bai03.elf elf32-littlenios2)

.debug_ranges   0x0000000000000000      0x1e0
 .debug_ranges  0x0000000000000000       0x20 ../Bai03_bsp//obj/HAL/src/crt0.o
 .debug_ranges  0x0000000000000020       0x60 c:/intelfpga_lite/18.1/nios2eds/bin/gnu/h-x86_64-mingw32/bin/../lib/gcc/nios2-elf/5.3.0/mno-hw-mul\libgcc.a(lib2-divmod.o)
 .debug_ranges  0x0000000000000080       0x18 c:/intelfpga_lite/18.1/nios2eds/bin/gnu/h-x86_64-mingw32/bin/../lib/gcc/nios2-elf/5.3.0/../../../../../H-x86_64-mingw32/nios2-elf/lib/mno-hw-mul\libsmallc.a(lib_a-puts.o)
 .debug_ranges  0x0000000000000098       0x10 c:/intelfpga_lite/18.1/nios2eds/bin/gnu/h-x86_64-mingw32/bin/../lib/gcc/nios2-elf/5.3.0/../../../../../H-x86_64-mingw32/nios2-elf/lib/mno-hw-mul\libsmallc.a(lib_a-strlen.o)
 .debug_ranges  0x00000000000000a8       0x28 c:/intelfpga_lite/18.1/nios2eds/bin/gnu/h-x86_64-mingw32/bin/../lib/gcc/nios2-elf/5.3.0/../../../../../H-x86_64-mingw32/nios2-elf/lib/mno-hw-mul\libsmallc.a(lib_a-fvwrite_small_dev.o)
 .debug_ranges  0x00000000000000d0       0x10 c:/intelfpga_lite/18.1/nios2eds/bin/gnu/h-x86_64-mingw32/bin/../lib/gcc/nios2-elf/5.3.0/../../../../../H-x86_64-mingw32/nios2-elf/lib/mno-hw-mul\libsmallc.a(lib_a-writer.o)
 .debug_ranges  0x00000000000000e0       0x18 ../Bai03_bsp/\libhal_bsp.a(altera_avalon_jtag_uart_read.o)
 .debug_ranges  0x00000000000000f8       0x28 ../Bai03_bsp/\libhal_bsp.a(alt_irq_entry.o)
 .debug_ranges  0x0000000000000120       0x10 ../Bai03_bsp/\libhal_bsp.a(alt_irq_handler.o)
 .debug_ranges  0x0000000000000130       0x30 ../Bai03_bsp/\libhal_bsp.a(alt_exception_entry.o)
 .debug_ranges  0x0000000000000160       0x18 ../Bai03_bsp/\libhal_bsp.a(alt_instruction_exception_entry.o)
 .debug_ranges  0x0000000000000178       0x10 c:/intelfpga_lite/18.1/nios2eds/bin/gnu/h-x86_64-mingw32/bin/../lib/gcc/nios2-elf/5.3.0/../../../../../H-x86_64-mingw32/nios2-elf/lib/mno-hw-mul\libsmallc.a(lib_a-atexit.o)
 .debug_ranges  0x0000000000000188       0x10 c:/intelfpga_lite/18.1/nios2eds/bin/gnu/h-x86_64-mingw32/bin/../lib/gcc/nios2-elf/5.3.0/../../../../../H-x86_64-mingw32/nios2-elf/lib/mno-hw-mul\libsmallc.a(lib_a-exit.o)
 .debug_ranges  0x0000000000000198       0x10 c:/intelfpga_lite/18.1/nios2eds/bin/gnu/h-x86_64-mingw32/bin/../lib/gcc/nios2-elf/5.3.0/../../../../../H-x86_64-mingw32/nios2-elf/lib/mno-hw-mul\libsmallc.a(lib_a-memcmp.o)
 .debug_ranges  0x00000000000001a8       0x10 c:/intelfpga_lite/18.1/nios2eds/bin/gnu/h-x86_64-mingw32/bin/../lib/gcc/nios2-elf/5.3.0/../../../../../H-x86_64-mingw32/nios2-elf/lib/mno-hw-mul\libsmallc.a(lib_a-__atexit.o)
 .debug_ranges  0x00000000000001b8       0x28 c:/intelfpga_lite/18.1/nios2eds/bin/gnu/h-x86_64-mingw32/bin/../lib/gcc/nios2-elf/5.3.0/../../../../../H-x86_64-mingw32/nios2-elf/lib/mno-hw-mul\libsmallc.a(lib_a-__call_atexit.o)
